<?xml version="1.0" encoding="utf-8"?><testsuites name="pytest tests"><testsuite name="pytest" errors="0" failures="10" skipped="43" tests="1485" time="107.212" timestamp="2026-07-27T20:20:54.159576+00:00" hostname="devbox"><testcase classname="tests.unit.architecture.test_architecture" name="test_core_does_not_import_cli" time="0.383" /><testcase classname="tests.unit.architecture.test_architecture" name="test_core_does_not_import_workflows" time="0.257" /><testcase classname="tests.unit.architecture.test_architecture" name="test_workflows_does_not_import_providers" time="0.116" /><testcase classname="tests.unit.architecture.test_architecture" name="test_extensions_use_spi" time="0.223" /><testcase classname="tests.unit.architecture.test_architecture" name="test_endpoint_no_shared_mutable_state" time="0.125" /><testcase classname="tests.unit.architecture.test_architecture" name="test_sync_sdk_no_async_client" time="0.066" /><testcase classname="tests.unit.architecture.test_architecture" name="test_async_sdk_no_sync_client" time="0.059" /><testcase classname="tests.unit.architecture.test_architecture" name="test_plugin_discovery_failure" time="0.038" /><testcase classname="tests.unit.architecture.test_architecture" name="test_dashboard_no_direct_db_access" time="0.080" /><testcase classname="tests.unit.architecture.test_contract_validation" name="test_sinks_namespace_contract" time="0.004" /><testcase classname="tests.unit.architecture.test_contract_validation" name="test_workflows_namespace_contract" time="0.119" /><testcase classname="tests.unit.architecture.test_contract_validation" name="test_workflow_constructors_contract" time="0.021" /><testcase classname="tests.unit.architecture.test_public_interface" name="test_module_has_all[imednet]" time="0.004" /><testcase classname="tests.unit.architecture.test_public_interface" name="test_module_has_all[imednet.auth]" time="0.003" /><testcase classname="tests.unit.architecture.test_public_interface" name="test_module_has_all[imednet.core]" time="0.003" /><testcase classname="tests.unit.architecture.test_public_interface" name="test_module_has_all[imednet.core.endpoint]" time="0.003" /><testcase classname="tests.unit.architecture.test_public_interface" name="test_module_has_all[imednet.core.endpoint.operations]" time="0.003" /><testcase classname="tests.unit.architecture.test_public_interface" name="test_module_has_all[imednet.core.http]" time="0.003" /><testcase classname="tests.unit.architecture.test_public_interface" name="test_module_has_all[imednet.endpoints]" time="0.003" /><testcase classname="tests.unit.architecture.test_public_interface" name="test_module_has_all[imednet.errors]" time="0.003" /><testcase classname="tests.unit.architecture.test_public_interface" name="test_module_has_all[imednet.form_designer]" time="0.004" /><testcase classname="tests.unit.architecture.test_public_interface" name="test_module_has_all[imednet.integrations]" time="0.003" /><testcase classname="tests.unit.architecture.test_public_interface" name="test_module_has_all[imednet.models]" time="0.003" /><testcase classname="tests.unit.architecture.test_public_interface" name="test_module_has_all[imednet.orchestration]" time="0.003" /><testcase classname="tests.unit.architecture.test_public_interface" name="test_module_has_all[imednet.pagination]" time="0.004" /><testcase classname="tests.unit.architecture.test_public_interface" name="test_module_has_all[imednet.utils]" time="0.003" /><testcase classname="tests.unit.architecture.test_public_interface" name="test_module_has_all[imednet.validation]" time="0.003" /><testcase classname="tests.unit.architecture.test_public_interface" name="test_optional_module_has_all[imednet.testing]" time="0.003" /><testcase classname="tests.unit.architecture.test_public_interface" name="test_top_level_type_aliases" time="0.003" /><testcase classname="tests.unit.architecture.test_public_interface" name="test_type_aliases_importable_from_utils" time="0.003" /><testcase classname="tests.unit.architecture.test_public_interface" name="test_jobs_endpoint_get_no_any" time="0.003" /><testcase classname="tests.unit.architecture.test_public_interface" name="test_async_jobs_endpoint_get_no_any" time="0.003" /><testcase classname="tests.unit.architecture.test_public_interface" name="test_sync_list_get_endpoint_list_uses_filter_value" time="0.004" /><testcase classname="tests.unit.architecture.test_public_interface" name="test_async_list_get_endpoint_async_list_uses_filter_value" time="0.003" /><testcase classname="tests.unit.architecture.test_public_interface" name="test_records_endpoint_create_no_bare_dict_any" time="0.003" /><testcase classname="tests.unit.architecture.test_public_interface" name="test_supports_list_protocol_uses_filter_value" time="0.004" /><testcase classname="tests.unit.architecture.test_public_interface" name="test_supports_get_protocol_uses_item_id" time="0.003" /><testcase classname="tests.unit.architecture.test_public_interface" name="test_sdk_convenience_mixin_uses_filter_value" time="0.004" /><testcase classname="tests.unit.async.test_async_client" name="test_get_request" time="0.041" /><testcase classname="tests.unit.async.test_async_paginator" name="test_iterates_pages" time="0.005" /><testcase classname="tests.unit.cli.test_cli" name="test_missing_env_vars" time="0.053" /><testcase classname="tests.unit.cli.test_cli" name="test_studies_list_success" time="0.036" /><testcase classname="tests.unit.cli.test_cli" name="test_studies_list_api_error" time="0.033" /><testcase classname="tests.unit.cli.test_cli" name="test_sdk_closed_after_command" time="0.033" /><testcase classname="tests.unit.cli.test_cli" name="test_multiple_invocations_close_sdk" time="0.062" /><testcase classname="tests.unit.cli.test_cli" name="test_sites_list_success" time="0.034" /><testcase classname="tests.unit.cli.test_cli" name="test_sites_list_missing_argument" time="0.036" /><testcase classname="tests.unit.cli.test_cli" name="test_sites_list_api_error" time="0.036" /><testcase classname="tests.unit.cli.test_cli" name="test_subjects_list_success" time="0.039" /><testcase classname="tests.unit.cli.test_cli" name="test_subjects_list_invalid_filter" time="0.039" /><testcase classname="tests.unit.cli.test_cli" name="test_subjects_list_api_error" time="0.036" /><testcase classname="tests.unit.cli.test_cli" name="test_extract_records_calls_workflow" time="0.035" /><testcase classname="tests.unit.cli.test_cli" name="test_extract_records_api_error" time="0.038" /><testcase classname="tests.unit.cli.test_cli" name="test_records_list_success" time="0.035" /><testcase classname="tests.unit.cli.test_cli" name="test_records_list_output_csv" time="0.065" /><testcase classname="tests.unit.cli.test_cli" name="test_records_list_output_json" time="0.038" /><testcase classname="tests.unit.cli.test_cli" name="test_records_list_no_records" time="0.035" /><testcase classname="tests.unit.cli.test_cli" name="test_records_list_invalid_output" time="0.035" /><testcase classname="tests.unit.cli.test_cli" name="test_records_list_api_error" time="0.037" /><testcase classname="tests.unit.cli.test_cli" name="test_export_parquet_calls_helper" time="0.034" /><testcase classname="tests.unit.cli.test_cli" name="test_export_csv_calls_helper" time="0.034" /><testcase classname="tests.unit.cli.test_cli" name="test_export_excel_calls_helper" time="0.040" /><testcase classname="tests.unit.cli.test_cli" name="test_export_json_calls_helper" time="0.158" /><testcase classname="tests.unit.cli.test_cli" name="test_export_duckdb_calls_helper" time="0.035" /><testcase classname="tests.unit.cli.test_cli" name="test_export_duckdb_help" time="0.033" /><testcase classname="tests.unit.cli.test_cli" name="test_export_sql_calls_helper_non_sqlite" time="0.036" /><testcase classname="tests.unit.cli.test_cli" name="test_export_sql_sqlite_uses_by_form" time="0.035" /><testcase classname="tests.unit.cli.test_cli" name="test_export_sql_sqlite_single_table" time="0.038" /><testcase classname="tests.unit.cli.test_cli" name="test_export_sql_long_format" time="0.040" /><testcase classname="tests.unit.cli.test_cli" name="test_export_sql_long_format_overrides_single" time="0.035" /><testcase classname="tests.unit.cli.test_cli" name="test_export_parquet_missing_pyarrow" time="0.088" /><testcase classname="tests.unit.cli.test_cli" name="test_export_sql_missing_sqlalchemy" time="0.090" /><testcase classname="tests.unit.cli.test_cli" name="test_export_duckdb_missing_dependency" time="0.087" /><testcase classname="tests.unit.cli.test_cli" name="test_subject_data_calls_workflow" time="0.039" /><testcase classname="tests.unit.cli.test_cli" name="test_sync_worker_once_command" time="0.034" /><testcase classname="tests.unit.cli.test_cli" name="test_sync_worker_command_handles_keyboard_interrupt" time="0.036" /><testcase classname="tests.unit.cli.test_cli" name="test_queries_list_success" time="0.036" /><testcase classname="tests.unit.cli.test_cli" name="test_queries_list_empty" time="0.033" /><testcase classname="tests.unit.cli.test_cli" name="test_variables_list_success" time="0.033" /><testcase classname="tests.unit.cli.test_cli" name="test_variables_list_empty" time="0.035" /><testcase classname="tests.unit.cli.test_cli" name="test_record_revisions_list_success" time="0.035" /><testcase classname="tests.unit.cli.test_cli" name="test_record_revisions_list_empty" time="0.033" /><testcase classname="tests.unit.cli.test_cli" name="test_jobs_status_success" time="0.037" /><testcase classname="tests.unit.cli.test_cli" name="test_jobs_wait_success" time="0.034" /><testcase classname="tests.unit.cli.test_cli" name="test_intervals_list_success" time="0.033" /><testcase classname="tests.unit.cli.test_cli" name="test_intervals_list_empty" time="0.036" /><testcase classname="tests.unit.cli.test_cli" name="test_workflows_stub_uninstalled_mocked" time="0.019" /><testcase classname="tests.unit.cli.test_cli" name="test_dashboard_stub_uninstalled_mocked" time="0.020" /><testcase classname="tests.unit.cli.test_cli" name="test_plugin_load_exception" time="0.019" /><testcase classname="tests.unit.cli.test_cli_export" name="test_cli_export_duckdb_happy_path" time="0.031" /><testcase classname="tests.unit.cli.test_cli_export" name="test_cli_export_duckdb_missing_dependency" time="0.086" /><testcase classname="tests.unit.cli.test_cli_export" name="test_cli_export_duckdb_vars_forms_passthrough" time="0.032" /><testcase classname="tests.unit.cli.test_cli_export" name="test_cli_export_mongodb_happy_path" time="0.032" /><testcase classname="tests.unit.cli.test_cli_export" name="test_cli_export_mongodb_missing_dependency" time="0.087" /><testcase classname="tests.unit.cli.test_cli_export" name="test_cli_export_neo4j_happy_path" time="0.033" /><testcase classname="tests.unit.cli.test_cli_export" name="test_cli_export_neo4j_missing_dependency" time="0.085" /><testcase classname="tests.unit.cli.test_cli_export" name="test_cli_export_snowflake_happy_path" time="0.039" /><testcase classname="tests.unit.cli.test_cli_export" name="test_cli_export_snowflake_missing_dependency" time="0.086" /><testcase classname="tests.unit.cli.test_csv_injection" name="test_records_list_output_csv_injection_prevention" time="0.035" /><testcase classname="tests.unit.cli.test_decorators" name="test_decorator_handles_unexpected_error" time="0.032" /><testcase classname="tests.unit.cli.test_parse_filters" name="test_parse_filter_args_none" time="0.003" /><testcase classname="tests.unit.cli.test_parse_filters" name="test_parse_filter_args_types" time="0.003" /><testcase classname="tests.unit.cli.test_parse_filters" name="test_parse_filter_args_invalid" time="0.003" /><testcase classname="tests.unit.cli.test_parse_filters" name="test_parse_filter_args_invalid_escaped" time="0.006" /><testcase classname="tests.unit.cli.test_utils_output" name="test_fetching_status_records" time="0.008" /><testcase classname="tests.unit.cli.test_utils_output" name="test_fetching_status_escapes_injection" time="0.004" /><testcase classname="tests.unit.cli.test_utils_output" name="test_display_list_non_empty" time="0.005" /><testcase classname="tests.unit.cli.test_utils_output" name="test_display_list_empty" time="0.005" /><testcase classname="tests.unit.cli.test_utils_output" name="test_display_list_table" time="0.006" /><testcase classname="tests.unit.cli.test_utils_output" name="test_display_list_formatting" time="0.005" /><testcase classname="tests.unit.cli.test_utils_output" name="test_display_list_formatting_lists" time="0.005" /><testcase classname="tests.unit.cli.test_utils_output" name="test_display_list_escaping" time="0.005" /><testcase classname="tests.unit.cli.test_utils_output" name="test_display_list_with_fields" time="0.005" /><testcase classname="tests.unit.cli.test_utils_output" name="test_format_cell_value_status_colors" time="0.003" /><testcase classname="tests.unit.cli.test_utils_output" name="test_format_cell_value_non_status_columns" time="0.003" /><testcase classname="tests.unit.cli.test_utils_output" name="test_format_cell_value_unknown_status" time="0.003" /><testcase classname="tests.unit.cli.test_workflows_state_cli.TestShowState" name="test_show_all_entries" time="0.006" /><testcase classname="tests.unit.cli.test_workflows_state_cli.TestShowState" name="test_show_filters_by_study_key" time="0.006" /><testcase classname="tests.unit.cli.test_workflows_state_cli.TestShowState" name="test_show_no_matching_entries_prints_warning" time="0.006" /><testcase classname="tests.unit.cli.test_workflows_state_cli.TestShowState" name="test_show_error_on_read_failure" time="0.006" /><testcase classname="tests.unit.cli.test_workflows_state_cli.TestSetState" name="test_set_valid_utc_timestamp" time="0.006" /><testcase classname="tests.unit.cli.test_workflows_state_cli.TestSetState" name="test_set_with_records_processed" time="0.007" /><testcase classname="tests.unit.cli.test_workflows_state_cli.TestSetState" name="test_set_invalid_timestamp_exits_with_error" time="0.006" /><testcase classname="tests.unit.cli.test_workflows_state_cli.TestSetState" name="test_set_write_failure_exits_with_error" time="0.006" /><testcase classname="tests.unit.cli.test_workflows_state_cli.TestResetState" name="test_reset_whole_study_when_found" time="0.006" /><testcase classname="tests.unit.cli.test_workflows_state_cli.TestResetState" name="test_reset_specific_stream_when_found" time="0.007" /><testcase classname="tests.unit.cli.test_workflows_state_cli.TestResetState" name="test_reset_study_not_found_prints_warning" time="0.006" /><testcase classname="tests.unit.cli.test_workflows_state_cli.TestResetState" name="test_reset_stream_not_found_prints_warning" time="0.006" /><testcase classname="tests.unit.cli.test_workflows_state_cli.TestResetState" name="test_reset_exception_exits_with_error" time="0.007" /><testcase classname="tests.unit.core.http.test_retry" name="test_retry_exhaustion_sync" time="0.012" /><testcase classname="tests.unit.core.http.test_retry" name="test_retry_exhaustion_async" time="0.030" /><testcase classname="tests.unit.core.http.test_retry" name="test_non_idempotent_method_does_not_retry_on_connect_error_sync[POST]" time="0.006" /><testcase classname="tests.unit.core.http.test_retry" name="test_non_idempotent_method_does_not_retry_on_connect_error_sync[PATCH]" time="0.004" /><testcase classname="tests.unit.core.http.test_retry" name="test_non_idempotent_method_does_not_retry_on_connect_error_async[POST]" time="0.005" /><testcase classname="tests.unit.core.http.test_retry" name="test_non_idempotent_method_does_not_retry_on_connect_error_async[PATCH]" time="0.005" /><testcase classname="tests.unit.core.operations.test_executor" name="test_universal_executor_supports_rest_and_non_rest" time="0.022" /><testcase classname="tests.unit.core.operations.test_executor" name="test_universal_executor_fails_after_retries" time="0.011" /><testcase classname="tests.unit.core.operations.test_executor" name="test_universal_executor_async" time="0.015" /><testcase classname="tests.unit.core.test_abc" name="test_endpoint_abc_properties" time="0.003" /><testcase classname="tests.unit.core.test_abc" name="test_endpoint_abc_methods" time="0.003" /><testcase classname="tests.unit.core.test_abc" name="test_endpoint_abc_abstract_instantiation_fails" time="0.003" /><testcase classname="tests.unit.core.test_abc" name="test_endpoint_abc_pass_coverage" time="0.003" /><testcase classname="tests.unit.core.test_context_safety" name="test_contextvars_prevents_race_conditions" time="0.306" /><testcase classname="tests.unit.core.test_context_safety" name="test_study_context_is_visible_inside_worker_thread" time="0.004" /><testcase classname="tests.unit.core.test_context_safety" name="test_study_context_is_isolated_between_threads" time="0.055" /><testcase classname="tests.unit.core.test_context_safety" name="test_study_context_is_reset_after_worker_thread_completes" time="0.004" /><testcase classname="tests.unit.core.test_parsing" name="test_get_model_parser_pydantic_fallback" time="0.003" /><testcase classname="tests.unit.core.test_parsing" name="test_get_model_parser_custom_method" time="0.003" /><testcase classname="tests.unit.core.test_parsing" name="test_model_parser_parse" time="0.003" /><testcase classname="tests.unit.core.test_parsing" name="test_model_parser_parse_many" time="0.003" /><testcase classname="tests.unit.core.test_parsing_mixin" name="test_parsing_mixin_parse_item" time="0.004" /><testcase classname="tests.unit.core.test_triage_models" name="test_triage_models_parse_and_strip_whitespace" time="0.004" /><testcase classname="tests.unit.core.test_triage_models" name="test_triage_history_blank_comment_normalizes_to_none" time="0.003" /><testcase classname="tests.unit.core.test_triage_models" name="test_triage_json_roundtrip_keeps_enum_values" time="0.003" /><testcase classname="tests.unit.core.test_triage_models" name="test_triage_models_enforce_schema_constraints" time="0.003" /><testcase classname="tests.unit.endpoints.test_base_endpoint.TestBaseEndpoint" name="test_require_async_client_raises" time="0.005" /><testcase classname="tests.unit.endpoints.test_base_endpoint.TestBaseEndpoint" name="test_auto_filter_injects_study_key" time="0.004" /><testcase classname="tests.unit.endpoints.test_base_endpoint.TestBaseEndpoint" name="test_auto_filter_preserves_existing_study_key" time="0.004" /><testcase classname="tests.unit.endpoints.test_base_endpoint.TestBaseEndpoint" name="test_get_signature_is_explicit" time="0.004" /><testcase classname="tests.unit.endpoints.test_base_endpoint.TestBaseEndpoint" name="test_get_requires_item_id" time="0.004" /><testcase classname="tests.unit.endpoints.test_codings_endpoint" name="test_list_requires_study_key" time="0.009" /><testcase classname="tests.unit.endpoints.test_codings_endpoint" name="test_get_not_found" time="0.004" /><testcase classname="tests.unit.endpoints.test_endpoint_composition" name="test_records_endpoint_keeps_public_read_api" time="0.005" /><testcase classname="tests.unit.endpoints.test_endpoint_composition" name="test_jobs_endpoint_keeps_public_read_api" time="0.004" /><testcase classname="tests.unit.endpoints.test_endpoint_composition" name="test_all_endpoints_inherit_from_single_edc_base" time="0.003" /><testcase classname="tests.unit.endpoints.test_endpoint_composition" name="test_no_endpoint_directly_inherits_edc_mixin" time="0.003" /><testcase classname="tests.unit.endpoints.test_endpoint_composition" name="test_all_async_endpoints_inherit_from_single_edc_base" time="0.003" /><testcase classname="tests.unit.endpoints.test_endpoints_async" name="test_async_list_records" time="0.006" /><testcase classname="tests.unit.endpoints.test_endpoints_async" name="test_async_list_codings" time="0.005" /><testcase classname="tests.unit.endpoints.test_endpoints_async" name="test_async_list_forms" time="0.005" /><testcase classname="tests.unit.endpoints.test_endpoints_async" name="test_async_list_intervals" time="0.005" /><testcase classname="tests.unit.endpoints.test_endpoints_async" name="test_async_list_queries" time="0.005" /><testcase classname="tests.unit.endpoints.test_endpoints_async" name="test_async_list_record_revisions" time="0.005" /><testcase classname="tests.unit.endpoints.test_endpoints_async" name="test_async_list_sites" time="0.005" /><testcase classname="tests.unit.endpoints.test_endpoints_async" name="test_async_list_subjects" time="0.005" /><testcase classname="tests.unit.endpoints.test_endpoints_async" name="test_async_list_users" time="0.005" /><testcase classname="tests.unit.endpoints.test_endpoints_async" name="test_async_list_variables" time="0.005" /><testcase classname="tests.unit.endpoints.test_endpoints_async" name="test_async_list_visits" time="0.005" /><testcase classname="tests.unit.endpoints.test_endpoints_async" name="test_async_get_job" time="0.005" /><testcase classname="tests.unit.endpoints.test_endpoints_async" name="test_async_get_record" time="0.005" /><testcase classname="tests.unit.endpoints.test_endpoints_async" name="test_async_get_record_not_found" time="0.004" /><testcase classname="tests.unit.endpoints.test_endpoints_async" name="test_async_create_record" time="0.005" /><testcase classname="tests.unit.endpoints.test_forms_endpoint" name="test_list_requires_study_key_and_page_size" time="0.005" /><testcase classname="tests.unit.endpoints.test_forms_endpoint" name="test_get_success" time="0.004" /><testcase classname="tests.unit.endpoints.test_forms_endpoint" name="test_get_not_found" time="0.004" /><testcase classname="tests.unit.endpoints.test_forms_endpoint" name="test_list_makes_request_per_call" time="0.004" /><testcase classname="tests.unit.endpoints.test_forms_endpoint" name="test_list_different_study_keys_make_separate_requests" time="0.004" /><testcase classname="tests.unit.endpoints.test_intervals_endpoint" name="test_list_uses_default_study_and_page_size" time="0.006" /><testcase classname="tests.unit.endpoints.test_intervals_endpoint" name="test_get_not_found" time="0.004" /><testcase classname="tests.unit.endpoints.test_intervals_endpoint" name="test_list_makes_request_per_call" time="0.004" /><testcase classname="tests.unit.endpoints.test_intervals_endpoint" name="test_list_different_study_keys_make_separate_requests" time="0.004" /><testcase classname="tests.unit.endpoints.test_jobs_async" name="test_async_get_success" time="0.006" /><testcase classname="tests.unit.endpoints.test_jobs_async" name="test_async_get_not_found" time="0.005" /><testcase classname="tests.unit.endpoints.test_jobs_endpoint" name="test_get_success" time="0.005" /><testcase classname="tests.unit.endpoints.test_jobs_endpoint" name="test_get_not_found" time="0.004" /><testcase classname="tests.unit.endpoints.test_list_get" name="test_list_and_get[CodingsEndpoint-imednet.endpoints.codings-Coding-C1]" time="0.005" /><testcase classname="tests.unit.endpoints.test_list_get" name="test_list_and_get[FormsEndpoint-imednet.endpoints.forms-Form-1]" time="0.005" /><testcase classname="tests.unit.endpoints.test_list_get" name="test_list_and_get[IntervalsEndpoint-imednet.endpoints.intervals-Interval-1]" time="0.005" /><testcase classname="tests.unit.endpoints.test_list_get" name="test_list_and_get[QueriesEndpoint-imednet.endpoints.queries-Query-1]" time="0.005" /><testcase classname="tests.unit.endpoints.test_list_get" name="test_list_and_get[RecordRevisionsEndpoint-imednet.endpoints.record_revisions-RecordRevision-1]" time="0.005" /><testcase classname="tests.unit.endpoints.test_list_get" name="test_list_and_get[RecordsEndpoint-imednet.endpoints.records-Record-1]" time="0.005" /><testcase classname="tests.unit.endpoints.test_list_get" name="test_list_and_get[SitesEndpoint-imednet.endpoints.sites-Site-1]" time="0.005" /><testcase classname="tests.unit.endpoints.test_list_get" name="test_list_and_get[StudiesEndpoint-imednet.endpoints.studies-Study-S1]" time="0.005" /><testcase classname="tests.unit.endpoints.test_list_get" name="test_list_and_get[SubjectsEndpoint-imednet.endpoints.subjects-Subject-SUB]" time="0.006" /><testcase classname="tests.unit.endpoints.test_list_get" name="test_list_and_get[UsersEndpoint-imednet.endpoints.users-User-1]" time="0.005" /><testcase classname="tests.unit.endpoints.test_list_get" name="test_list_and_get[VariablesEndpoint-imednet.endpoints.variables-Variable-1]" time="0.005" /><testcase classname="tests.unit.endpoints.test_list_get" name="test_list_and_get[VisitsEndpoint-imednet.endpoints.visits-Visit-1]" time="0.005" /><testcase classname="tests.unit.endpoints.test_list_get" name="test_async_list_and_get[AsyncCodingsEndpoint-imednet.endpoints.codings-Coding-C1]" time="0.006" /><testcase classname="tests.unit.endpoints.test_list_get" name="test_async_list_and_get[AsyncFormsEndpoint-imednet.endpoints.forms-Form-1]" time="0.006" /><testcase classname="tests.unit.endpoints.test_list_get" name="test_async_list_and_get[AsyncIntervalsEndpoint-imednet.endpoints.intervals-Interval-1]" time="0.006" /><testcase classname="tests.unit.endpoints.test_list_get" name="test_async_list_and_get[AsyncQueriesEndpoint-imednet.endpoints.queries-Query-1]" time="0.006" /><testcase classname="tests.unit.endpoints.test_list_get" name="test_async_list_and_get[AsyncRecordRevisionsEndpoint-imednet.endpoints.record_revisions-RecordRevision-1]" time="0.006" /><testcase classname="tests.unit.endpoints.test_list_get" name="test_async_list_and_get[AsyncRecordsEndpoint-imednet.endpoints.records-Record-1]" time="0.006" /><testcase classname="tests.unit.endpoints.test_list_get" name="test_async_list_and_get[AsyncSitesEndpoint-imednet.endpoints.sites-Site-1]" time="0.006" /><testcase classname="tests.unit.endpoints.test_list_get" name="test_async_list_and_get[AsyncStudiesEndpoint-imednet.endpoints.studies-Study-S1]" time="0.006" /><testcase classname="tests.unit.endpoints.test_list_get" name="test_async_list_and_get[AsyncSubjectsEndpoint-imednet.endpoints.subjects-Subject-SUB]" time="0.006" /><testcase classname="tests.unit.endpoints.test_list_get" name="test_async_list_and_get[AsyncUsersEndpoint-imednet.endpoints.users-User-1]" time="0.006" /><testcase classname="tests.unit.endpoints.test_list_get" name="test_async_list_and_get[AsyncVariablesEndpoint-imednet.endpoints.variables-Variable-1]" time="0.006" /><testcase classname="tests.unit.endpoints.test_list_get" name="test_async_list_and_get[AsyncVisitsEndpoint-imednet.endpoints.visits-Visit-1]" time="0.006" /><testcase classname="tests.unit.endpoints.test_queries_endpoint" name="test_list_builds_path_and_filters" time="0.004" /><testcase classname="tests.unit.endpoints.test_queries_endpoint" name="test_get_not_found" time="0.004" /><testcase classname="tests.unit.endpoints.test_record_revisions_endpoint" name="test_list_uses_filters" time="0.004" /><testcase classname="tests.unit.endpoints.test_record_revisions_endpoint" name="test_get_not_found" time="0.004" /><testcase classname="tests.unit.endpoints.test_records_async" name="test_async_create_validates_data" time="0.007" /><testcase classname="tests.unit.endpoints.test_records_async" name="test_async_create_validates_data_with_snake_case_keys" time="0.005" /><testcase classname="tests.unit.endpoints.test_records_async" name="test_async_create_resolves_form_id" time="0.006" /><testcase classname="tests.unit.endpoints.test_records_endpoint" name="test_list_builds_path_filters_and_data_filter" time="0.005" /><testcase classname="tests.unit.endpoints.test_records_endpoint" name="test_get_success" time="0.004" /><testcase classname="tests.unit.endpoints.test_records_endpoint" name="test_get_rejects_unknown_keyword" time="0.004" /><testcase classname="tests.unit.endpoints.test_records_endpoint" name="test_get_not_found" time="0.004" /><testcase classname="tests.unit.endpoints.test_records_endpoint" name="test_create_sends_headers_and_parses_job" time="0.004" /><testcase classname="tests.unit.endpoints.test_records_endpoint" name="test_create_validates_data" time="0.006" /><testcase classname="tests.unit.endpoints.test_records_endpoint" name="test_create_validates_data_with_snake_case_keys" time="0.004" /><testcase classname="tests.unit.endpoints.test_records_endpoint" name="test_create_raises_on_header_injection" time="0.004" /><testcase classname="tests.unit.endpoints.test_sites_endpoint" name="test_list_requires_study_key" time="0.005" /><testcase classname="tests.unit.endpoints.test_sites_endpoint" name="test_get_not_found" time="0.004" /><testcase classname="tests.unit.endpoints.test_studies_endpoint" name="test_list_builds_path_and_filters" time="0.005" /><testcase classname="tests.unit.endpoints.test_studies_endpoint" name="test_get_success" time="0.004" /><testcase classname="tests.unit.endpoints.test_studies_endpoint" name="test_get_not_found" time="0.004" /><testcase classname="tests.unit.endpoints.test_studies_endpoint" name="test_list_each_call_makes_request" time="0.004" /><testcase classname="tests.unit.endpoints.test_studies_endpoint_async" name="test_async_list_builds_path_and_filters" time="0.006" /><testcase classname="tests.unit.endpoints.test_subjects_endpoint" name="test_list_builds_path_with_default" time="0.004" /><testcase classname="tests.unit.endpoints.test_subjects_endpoint" name="test_get_not_found" time="0.004" /><testcase classname="tests.unit.endpoints.test_subjects_filtering" name="test_list_by_site_filtering" time="0.003" /><testcase classname="tests.unit.endpoints.test_subjects_filtering" name="test_async_list_by_site_filtering" time="0.004" /><testcase classname="tests.unit.endpoints.test_users_endpoint" name="test_list_requires_study_key_and_include_inactive" time="0.004" /><testcase classname="tests.unit.endpoints.test_users_endpoint" name="test_get_not_found" time="0.004" /><testcase classname="tests.unit.endpoints.test_variables_endpoint" name="test_list_requires_study_key_page_size" time="0.004" /><testcase classname="tests.unit.endpoints.test_variables_endpoint" name="test_get_not_found" time="0.004" /><testcase classname="tests.unit.endpoints.test_variables_endpoint" name="test_list_makes_request_per_call" time="0.005" /><testcase classname="tests.unit.endpoints.test_variables_endpoint" name="test_list_different_study_keys_make_separate_requests" time="0.004" /><testcase classname="tests.unit.endpoints.test_visits_endpoint" name="test_list_filters_and_path" time="0.004" /><testcase classname="tests.unit.endpoints.test_visits_endpoint" name="test_get_not_found" time="0.004" /><testcase classname="tests.unit.errors.test_api_error" name="test_api_error_str_representation" time="0.003" /><testcase classname="tests.unit.errors.test_api_error" name="test_api_error_empty_response" time="0.003" /><testcase classname="tests.unit.errors.test_api_error" name="test_api_error_base_str_only" time="0.003" /><testcase classname="tests.unit.form_designer.test_builder" name="test_form_builder_initialization" time="0.003" /><testcase classname="tests.unit.form_designer.test_builder" name="test_form_builder_add_page" time="0.003" /><testcase classname="tests.unit.form_designer.test_builder" name="test_form_builder_add_field_text" time="0.005" /><testcase classname="tests.unit.form_designer.test_builder" name="test_form_builder_add_field_invalid_type" time="0.003" /><testcase classname="tests.unit.form_designer.test_builder" name="test_form_builder_add_all_field_types" time="0.006" /><testcase classname="tests.unit.form_designer.test_builder" name="test_form_builder_add_section_header" time="0.003" /><testcase classname="tests.unit.form_designer.test_builder" name="test_form_builder_add_group_header" time="0.003" /><testcase classname="tests.unit.form_designer.test_builder" name="test_form_builder_build" time="0.003" /><testcase classname="tests.unit.form_designer.test_builder" name="test_form_builder_none_rows_initialization" time="0.003" /><testcase classname="tests.unit.form_designer.test_fd_client" name="test_save_form_success" time="0.039" /><testcase classname="tests.unit.form_designer.test_fd_client" name="test_save_form_server_error" time="0.038" /><testcase classname="tests.unit.form_designer.test_fd_client" name="test_save_form_http_error" time="0.755" /><testcase classname="tests.unit.form_designer.test_fd_client" name="test_save_form_invalid_json_fallback" time="0.039" /><testcase classname="tests.unit.form_designer.test_fd_client" name="test_save_form_validation_sad_paths[-1-1-1-CSRF Key cannot be empty.]" time="0.049" /><testcase classname="tests.unit.form_designer.test_fd_client" name="test_save_form_validation_sad_paths[   -1-1-1-CSRF Key cannot be empty.]" time="0.039" /><testcase classname="tests.unit.form_designer.test_fd_client" name="test_save_form_validation_sad_paths[csrf-0-1-1-Invalid form_id: 0. Must be a positive integer.]" time="0.038" /><testcase classname="tests.unit.form_designer.test_fd_client" name="test_save_form_validation_sad_paths[csrf--1-1-1-Invalid form_id: -1. Must be a positive integer.]" time="0.038" /><testcase classname="tests.unit.form_designer.test_fd_client" name="test_save_form_validation_sad_paths[csrf-1-0-1-Invalid community_id: 0. Must be a positive integer.]" time="0.038" /><testcase classname="tests.unit.form_designer.test_fd_client" name="test_save_form_validation_sad_paths[csrf-1--1-1-Invalid community_id: -1. Must be a positive integer.]" time="0.038" /><testcase classname="tests.unit.form_designer.test_fd_client" name="test_save_form_validation_sad_paths[csrf-1-1--1-Invalid revision: -1. Must be non-negative.]" time="0.038" /><testcase classname="tests.unit.form_designer.test_presets" name="test_demo_form_preset" time="0.004" /><testcase classname="tests.unit.form_designer.test_presets" name="test_cv_pathology_preset" time="0.004" /><testcase classname="tests.unit.orchestration.test_execute_pipeline" name="test_isolation_study_a_failure_does_not_affect_b_and_c" time="0.015" /><testcase classname="tests.unit.orchestration.test_execute_pipeline" name="test_sdk_immutability_across_threads" time="0.008" /><testcase classname="tests.unit.orchestration.test_execute_pipeline" name="test_logger_study_key_propagated_to_worker" time="0.009" /><testcase classname="tests.unit.orchestration.test_execute_pipeline" name="test_result_contains_duration_seconds" time="0.030" /><testcase classname="tests.unit.orchestration.test_execute_pipeline" name="test_successful_result_error_is_none" time="0.007" /><testcase classname="tests.unit.orchestration.test_execute_pipeline" name="test_failed_result_data_is_none" time="0.009" /><testcase classname="tests.unit.orchestration.test_execute_pipeline" name="test_execute_pipeline_respects_whitelist" time="0.006" /><testcase classname="tests.unit.orchestration.test_execute_pipeline" name="test_execute_pipeline_context_propagation" time="0.007" /><testcase classname="tests.unit.orchestration.test_execute_pipeline" name="test_empty_study_list_returns_empty_dict[mock_sdk0]" time="0.004" /><testcase classname="tests.unit.orchestration.test_log_adapter" name="test_process_injects_study_key" time="0.003" /><testcase classname="tests.unit.orchestration.test_log_adapter" name="test_process_preserves_caller_extra" time="0.003" /><testcase classname="tests.unit.orchestration.test_log_adapter" name="test_study_key_property" time="0.003" /><testcase classname="tests.unit.orchestration.test_log_adapter" name="test_make_study_logger_returns_adapter" time="0.003" /><testcase classname="tests.unit.orchestration.test_log_adapter" name="test_log_emission_includes_study_key" time="0.004" /><testcase classname="tests.unit.orchestration.test_resolve_studies" name="test_resolve_all_studies" time="0.005" /><testcase classname="tests.unit.orchestration.test_resolve_studies" name="test_whitelist_filter" time="0.005" /><testcase classname="tests.unit.orchestration.test_resolve_studies" name="test_blacklist_filter" time="0.005" /><testcase classname="tests.unit.orchestration.test_resolve_studies" name="test_whitelist_with_nonexistent_key" time="0.005" /><testcase classname="tests.unit.orchestration.test_resolve_studies" name="test_blacklist_excludes_all" time="0.005" /><testcase classname="tests.unit.orchestration.test_resolve_studies" name="test_filter_conflict_raises" time="0.004" /><testcase classname="tests.unit.orchestration.test_resolve_studies" name="test_filter_conflict_error_attributes" time="0.004" /><testcase classname="tests.unit.orchestration.test_resolve_studies" name="test_filter_conflict_raised_before_api_call" time="0.005" /><testcase classname="tests.unit.orchestration.test_resolve_studies" name="test_max_workers_validation" time="0.007" /><testcase classname="tests.unit.orchestration.test_resolve_studies" name="test_sdk_stored_as_reference" time="0.004" /><testcase classname="tests.unit.reporting.test_reporting_models" name="test_adverse_event_parses_alias_input_and_coerces_types" time="0.004" /><testcase classname="tests.unit.reporting.test_reporting_models" name="test_protocol_deviation_applies_defaults_and_parses_datetime_timestamp" time="0.003" /><testcase classname="tests.unit.reporting.test_reporting_models" name="test_device_deficiency_parses_valid_input" time="0.003" /><testcase classname="tests.unit.reporting.test_reporting_models" name="test_reporting_models_reject_missing_required_fields[AdverseEvent-payload0]" time="0.004" /><testcase classname="tests.unit.reporting.test_reporting_models" name="test_reporting_models_reject_missing_required_fields[ProtocolDeviation-payload1]" time="0.004" /><testcase classname="tests.unit.reporting.test_reporting_models" name="test_reporting_models_reject_missing_required_fields[DeviceDeficiency-payload2]" time="0.004" /><testcase classname="tests.unit.reporting.test_reporting_models" name="test_protocol_deviation_rejects_invalid_datetime" time="0.003" /><testcase classname="tests.unit.reporting.test_standards" name="test_profile_registry_contains_general_drug_and_device_profiles" time="0.003" /><testcase classname="tests.unit.reporting.test_standards" name="test_drug_profile_enforces_ae_decod_relationship_and_ctcae_grades" time="0.003" /><testcase classname="tests.unit.reporting.test_standards" name="test_general_profile_only_warns_for_missing_recommended_ae_fields" time="0.003" /><testcase classname="tests.unit.reporting.test_standards" name="test_device_profile_requires_boolean_dd_serious" time="0.003" /><testcase classname="tests.unit.reporting.test_study_config" name="test_study_configuration_roundtrip_json_with_aliases" time="0.004" /><testcase classname="tests.unit.reporting.test_study_config" name="test_study_configuration_accepts_snake_case_field_names" time="0.003" /><testcase classname="tests.unit.reporting.test_study_config" name="test_study_configuration_rejects_unknown_reporting_profile" time="0.003" /><testcase classname="tests.unit.streamlit.test_app" name="test_dashboard_login_requires_all_fields" time="0.499" /><testcase classname="tests.unit.streamlit.test_app" name="test_dashboard_shows_auth_prompt_when_not_connected" time="0.051" /><testcase classname="tests.unit.streamlit.test_app" name="test_dashboard_login_uses_sdk_after_credentials_entered" time="0.063" /><testcase classname="tests.unit.streamlit.test_components_paginated_grid" name="test_paginated_slice_limits_rows_to_active_page" time="0.005" /><testcase classname="tests.unit.streamlit.test_components_paginated_grid" name="test_paginated_slice_moves_to_next_page" time="0.004" /><testcase classname="tests.unit.streamlit.test_components_paginated_grid" name="test_top_n_with_other_adds_remainder_bucket" time="0.007" /><testcase classname="tests.unit.streamlit.test_pages_data_lineage" name="test_data_lineage_not_connected" time="0.010" /><testcase classname="tests.unit.streamlit.test_pages_data_lineage" name="test_data_lineage_no_records_prompt" time="0.004" /><testcase classname="tests.unit.streamlit.test_pages_data_lineage" name="test_data_lineage_load_records" time="0.005" /><testcase classname="tests.unit.streamlit.test_pages_data_lineage" name="test_data_lineage_metric_counts" time="0.004" /><testcase classname="tests.unit.streamlit.test_pages_data_lineage" name="test_data_lineage_drill_into_ae" time="0.005" /><testcase classname="tests.unit.streamlit.test_pages_data_lineage" name="test_data_lineage_lineage_trace_no_config" time="0.005" /><testcase classname="tests.unit.streamlit.test_pages_data_lineage" name="test_data_lineage_lineage_trace_with_config" time="0.005" /><testcase classname="tests.unit.streamlit.test_pages_data_lineage" name="test_data_lineage_no_records_in_domain" time="0.004" /><testcase classname="tests.unit.streamlit.test_pages_data_lineage" name="test_data_lineage_redact_sensitive_keys" time="0.006" /><testcase classname="tests.unit.streamlit.test_pages_publisher_wizard" name="test_publisher_wizard_not_connected" time="0.023" /><testcase classname="tests.unit.streamlit.test_pages_publisher_wizard" name="test_publisher_wizard_empty_history" time="0.013" /><testcase classname="tests.unit.streamlit.test_pages_publisher_wizard" name="test_publisher_wizard_renders_with_history" time="0.020" /><testcase classname="tests.unit.streamlit.test_pages_publisher_wizard" name="test_publisher_wizard_unauthorized_role_blocked" time="0.021" /><testcase classname="tests.unit.streamlit.test_pages_publisher_wizard" name="test_publisher_wizard_authorized_publish_succeeds" time="0.026" /><testcase classname="tests.unit.streamlit.test_pages_publisher_wizard" name="test_publisher_wizard_reviewer_blocked" time="0.023" /><testcase classname="tests.unit.streamlit.test_pages_publisher_wizard" name="test_publisher_wizard_admin_can_publish" time="0.030" /><testcase classname="tests.unit.streamlit.test_pages_publisher_wizard" name="test_publisher_wizard_no_username_blocked" time="0.022" /><testcase classname="tests.unit.streamlit.test_pages_reporting_dashboard" name="test_reporting_dashboard_renders_expected_kpis_and_site_aggregation" time="0.222" /><testcase classname="tests.unit.streamlit.test_pages_reporting_dashboard" name="test_reporting_dashboard_filters_cascade_to_adverse_event_table" time="0.081" /><testcase classname="tests.unit.streamlit.test_pages_reporting_dashboard" name="test_device_deficiencies_tab_kpis_and_table" time="0.057" /><testcase classname="tests.unit.streamlit.test_pages_reporting_dashboard" name="test_data_completeness_records_table_rendered" time="0.083" /><testcase classname="tests.unit.streamlit.test_pages_reporting_dashboard" name="test_site_performance_kpi_row_totals" time="0.090" /><testcase classname="tests.unit.streamlit.test_pages_reporting_dashboard" name="test_no_open_queries_site_metrics_shows_zero" time="0.081" /><testcase classname="tests.unit.streamlit.test_pages_reporting_dashboard" name="test_empty_subjects_does_not_crash_and_zero_enrolled" time="0.068" /><testcase classname="tests.unit.streamlit.test_pages_reporting_dashboard" name="test_empty_records_produces_zero_kpis" time="0.064" /><testcase classname="tests.unit.streamlit.test_pages_reporting_dashboard" name="test_fallback_direct_models_parsed_from_record_data" time="0.061" /><testcase classname="tests.unit.streamlit.test_pages_reporting_dashboard" name="test_ae_empty_after_site_filter_shows_info_message" time="0.062" /><testcase classname="tests.unit.streamlit.test_pages_reporting_dashboard" name="test_dd_empty_after_filter_shows_deficiency_info_message" time="0.060" /><testcase classname="tests.unit.streamlit.test_pages_reporting_dashboard" name="test_protocol_deviation_tab_rate_and_major_count" time="0.078" /><testcase classname="tests.unit.streamlit.test_pages_reporting_dashboard" name="test_ae_filter_cascades_to_pd_table_via_site_filter" time="0.089" /><testcase classname="tests.unit.streamlit.test_pages_reporting_dashboard" name="test_refresh_button_executes_without_error" time="0.082" /><testcase classname="tests.unit.streamlit.test_pages_reporting_dashboard" name="test_save_view_stores_entry_in_session_state" time="0.086" /><testcase classname="tests.unit.streamlit.test_pages_reporting_dashboard" name="test_set_default_view_updates_session_state" time="0.096" /><testcase classname="tests.unit.streamlit.test_pages_reporting_dashboard" name="test_records_completeness_heatmap_built_from_complete_records" time="0.095" /><testcase classname="tests.unit.streamlit.test_pages_setup_wizard" name="test_setup_wizard_scan_and_next_step" time="0.029" /><testcase classname="tests.unit.streamlit.test_pages_setup_wizard" name="test_setup_wizard_scan_post_scan_rerender_respects_widget_owned_state" time="0.009" /><testcase classname="tests.unit.streamlit.test_pages_setup_wizard" name="test_setup_wizard_renders_design_specification_sections" time="0.007" /><testcase classname="tests.unit.streamlit.test_pages_setup_wizard" name="test_setup_wizard_mapping_normalization_preview_and_export" time="0.009" /><testcase classname="tests.unit.streamlit.test_pages_setup_wizard" name="test_setup_wizard_mapping_falls_back_when_saved_form_is_missing" time="0.005" /><testcase classname="tests.unit.streamlit.test_pages_setup_wizard" name="test_setup_wizard_preview_filters_invalid_saved_widget_types" time="0.005" /><testcase classname="tests.unit.streamlit.test_pages_setup_wizard" name="test_setup_wizard_save_managed_database" time="0.004" /><testcase classname="tests.unit.streamlit.test_pages_setup_wizard" name="test_setup_wizard_save_managed_reports_error" time="0.005" /><testcase classname="tests.unit.streamlit.test_pages_setup_wizard" name="test_setup_wizard_shows_prerequisite_info_messages" time="0.009" /><testcase classname="tests.unit.streamlit.test_pages_setup_wizard" name="test_setup_wizard_handles_connection_and_auth_failures" time="0.005" /><testcase classname="tests.unit.streamlit.test_pages_setup_wizard" name="test_setup_wizard_snapshot_controls_and_navigation_work" time="0.008" /><testcase classname="tests.unit.streamlit.test_pages_setup_wizard" name="test_setup_wizard_undo_without_snapshot_and_nav_button_paths" time="0.007" /><testcase classname="tests.unit.streamlit.test_pages_setup_wizard" name="test_setup_wizard_preview_handles_empty_records" time="0.005" /><testcase classname="tests.unit.streamlit.test_review_workbench" name="test_review_workbench_renders_kpis_and_filters_queue" time="0.016" /><testcase classname="tests.unit.streamlit.test_review_workbench" name="test_triage_drawer_submits_assignment_annotation_and_status" time="0.006" /><testcase classname="tests.unit.streamlit.test_session_and_cache" name="test_scenario_1_fresh_vs_connected_session" time="0.067" /><testcase classname="tests.unit.streamlit.test_session_and_cache" name="test_scenario_2_disconnect_clears_state" time="0.007" /><testcase classname="tests.unit.streamlit.test_session_and_cache" name="test_scenario_3_study_switch_disconnects" time="0.098" /><testcase classname="tests.unit.streamlit.test_session_and_cache" name="test_scenario_4_cache_isolation" time="0.710" /><testcase classname="tests.unit.streamlit.test_session_and_cache" name="test_scenario_5_error_recovery" time="0.096" /><testcase classname="tests.unit.streamlit.test_session_and_cache" name="test_scenario_6_multi_session_isolation" time="0.130" /><testcase classname="tests.unit.streamlit.test_triage_drawer_apptest" name="test_triage_drawer_submission_updates_session_state_and_persistence" time="0.082" /><testcase classname="tests.unit.streamlit_plugin.test_app" name="test_streamlit_app_navigation_is_home_only_before_auth" time="0.006" /><testcase classname="tests.unit.streamlit_plugin.test_app" name="test_streamlit_app_navigation_includes_all_pages_after_auth" time="0.006" /><testcase classname="tests.unit.streamlit_plugin.test_app_redaction" name="test_sanitize_body_string" time="0.012" /><testcase classname="tests.unit.streamlit_plugin.test_app_redaction" name="test_sanitize_body_exception" time="0.003" /><testcase classname="tests.unit.streamlit_plugin.test_app_redaction" name="test_sanitize_body_unprintable_exception" time="0.003" /><testcase classname="tests.unit.streamlit_plugin.test_app_redaction" name="test_sanitize_body_non_string" time="0.003" /><testcase classname="tests.unit.streamlit_plugin.test_app_redaction" name="test_secure_st_methods" time="0.003" /><testcase classname="tests.unit.streamlit_plugin.test_app_redaction" name="test_toggle_high_contrast" time="0.006" /><testcase classname="tests.unit.streamlit_plugin.test_auth" name="test_render_auth_sidebar_not_connected_returns_false" time="0.003" /><testcase classname="tests.unit.streamlit_plugin.test_auth" name="test_render_auth_sidebar_connects_and_clears_secret_keys" time="0.003" /><testcase classname="tests.unit.streamlit_plugin.test_auth" name="test_get_sdk_before_connect_raises_runtime_error" time="0.003" /><testcase classname="tests.unit.streamlit_plugin.test_auth" name="test_clear_credentials_removes_all_session_keys" time="0.003" /><testcase classname="tests.unit.streamlit_plugin.test_auth" name="test_render_auth_sidebar_build_failure_clears_secret_keys" time="0.003" /><testcase classname="tests.unit.streamlit_plugin.test_auth" name="test_render_auth_sidebar_missing_fields_marks_disconnected_and_clears_secrets" time="0.003" /><testcase classname="tests.unit.streamlit_plugin.test_auth" name="test_build_sdk_calls_sdk_init" time="0.003" /><testcase classname="tests.unit.streamlit_plugin.test_auth" name="test_get_study_key_raises_when_missing" time="0.003" /><testcase classname="tests.unit.streamlit_plugin.test_auth" name="test_get_tenant_credentials_no_db" time="0.010" /><testcase classname="tests.unit.streamlit_plugin.test_auth" name="test_get_tenant_credentials_with_db" time="0.016" /><testcase classname="tests.unit.streamlit_plugin.test_auth" name="test_get_provisioned_studies_no_db" time="0.010" /><testcase classname="tests.unit.streamlit_plugin.test_auth" name="test_get_provisioned_studies_with_db" time="0.012" /><testcase classname="tests.unit.streamlit_plugin.test_auth" name="test_get_provisioned_studies_db_error" time="0.013" /><testcase classname="tests.unit.streamlit_plugin.test_auth" name="test_render_auth_sidebar_no_login_method_fixed" time="0.003" /><testcase classname="tests.unit.streamlit_plugin.test_auth" name="test_auth_py_misc_coverage" time="0.004" /><testcase classname="tests.unit.streamlit_plugin.test_auth" name="test_render_auth_sidebar_connect_disconnect" time="0.003" /><testcase classname="tests.unit.streamlit_plugin.test_auth" name="test_render_auth_sidebar_no_studies" time="0.003" /><testcase classname="tests.unit.streamlit_plugin.test_auth" name="test_render_auth_sidebar_browser_test" time="0.004" /><testcase classname="tests.unit.streamlit_plugin.test_cli_dashboard" name="test_dashboard_missing_plugin" time="0.031" /><testcase classname="tests.unit.streamlit_plugin.test_cli_dashboard" name="test_dashboard_launches_subprocess" time="0.033" /><testcase classname="tests.unit.streamlit_plugin.test_components_charts" name="test_bar_chart_returns_altair_chart_with_defaults" time="0.015" /><testcase classname="tests.unit.streamlit_plugin.test_components_charts" name="test_bar_chart_returns_altair_chart_with_color_encoding" time="0.014" /><testcase classname="tests.unit.streamlit_plugin.test_components_charts" name="test_line_chart_returns_altair_chart_with_defaults" time="0.016" /><testcase classname="tests.unit.streamlit_plugin.test_components_charts" name="test_line_chart_returns_altair_chart_with_color_encoding" time="0.009" /><testcase classname="tests.unit.streamlit_plugin.test_components_charts" name="test_pie_chart_returns_altair_chart" time="0.008" /><testcase classname="tests.unit.streamlit_plugin.test_components_charts" name="test_high_contrast_palette_and_accessible_chart" time="0.129" /><testcase classname="tests.unit.streamlit_plugin.test_components_export" name="test_csv_download_button_exports_utf8_csv" time="0.006" /><testcase classname="tests.unit.streamlit_plugin.test_components_export" name="test_excel_download_button_exports_valid_xlsx" time="0.034" /><testcase classname="tests.unit.streamlit_plugin.test_components_metrics" name="test_kpi_row_uses_column_count_and_renders_metrics" time="0.004" /><testcase classname="tests.unit.streamlit_plugin.test_components_metrics" name="test_kpi_card_calls_streamlit_metric" time="0.003" /><testcase classname="tests.unit.streamlit_plugin.test_components_paginated_grid" name="test_top_n_with_other_adds_remainder_bucket" time="0.005" /><testcase classname="tests.unit.streamlit_plugin.test_components_paginated_grid" name="test_top_n_with_other_empty_dataframe_returns_empty" time="0.003" /><testcase classname="tests.unit.streamlit_plugin.test_components_paginated_grid" name="test_top_n_with_other_all_rows_fit_in_top_n_returns_no_other" time="0.004" /><testcase classname="tests.unit.streamlit_plugin.test_components_paginated_grid" name="test_top_n_with_other_zero_remainder_omits_other_row" time="0.004" /><testcase classname="tests.unit.streamlit_plugin.test_components_paginated_grid" name="test_paginated_slice_limits_rows_to_active_page" time="0.004" /><testcase classname="tests.unit.streamlit_plugin.test_components_paginated_grid" name="test_paginated_slice_prev_button_decrements_page" time="0.004" /><testcase classname="tests.unit.streamlit_plugin.test_components_paginated_grid" name="test_paginated_slice_clamps_page_above_total_pages" time="0.004" /><testcase classname="tests.unit.streamlit_plugin.test_components_paginated_grid" name="test_paginated_slice_custom_page_size_not_in_options" time="0.004" /><testcase classname="tests.unit.streamlit_plugin.test_components_tables" name="test_filterable_dataframe_applies_case_insensitive_row_filter" time="0.007" /><testcase classname="tests.unit.streamlit_plugin.test_components_tables" name="test_filterable_dataframe_empty_query_returns_original" time="0.004" /><testcase classname="tests.unit.streamlit_plugin.test_pages_admin" name="test_admin_page_renders" time="0.010" /><testcase classname="tests.unit.streamlit_plugin.test_pages_admin" name="test_admin_page_provision_success" time="0.017" /><testcase classname="tests.unit.streamlit_plugin.test_pages_admin" name="test_admin_page_provision_missing_fields" time="0.004" /><testcase classname="tests.unit.streamlit_plugin.test_pages_admin" name="test_admin_page_provision_exception" time="0.004" /><testcase classname="tests.unit.streamlit_plugin.test_pages_component_gallery" name="test_component_gallery_renders" time="0.069" /><testcase classname="tests.unit.streamlit_plugin.test_pages_conformance" name="test_conformance_page_renders" time="0.009" /><testcase classname="tests.unit.streamlit_plugin.test_pages_enrollment" name="test_enrollment_page_renders_with_mock_sdk" time="0.035" /><testcase classname="tests.unit.streamlit_plugin.test_pages_enrollment" name="test_enrollment_page_empty_and_filters_and_refresh" time="0.012" /><testcase classname="tests.unit.streamlit_plugin.test_pages_home" name="test_home_page_renders_disconnected" time="0.005" /><testcase classname="tests.unit.streamlit_plugin.test_pages_home" name="test_home_page_renders_connected" time="0.004" /><testcase classname="tests.unit.streamlit_plugin.test_pages_queries" name="test_queries_page_renders_with_mock_sdk" time="0.009" /><testcase classname="tests.unit.streamlit_plugin.test_pages_queries" name="test_queries_page_populated_and_filters_and_refresh" time="0.020" /><testcase classname="tests.unit.streamlit_plugin.test_pages_sites" name="test_sites_page_renders_with_mock_sdk" time="0.162" /><testcase classname="tests.unit.streamlit_plugin.test_pages_sites" name="test_sites_page_populated_and_refresh" time="0.033" /><testcase classname="tests.unit.test_airflow_deprecation" name="test_airflow_provider_exports_public_api" time="0.016" /><testcase classname="tests.unit.test_airflow_deprecation" name="test_imednethook_get_conn_deprecation" time="0.060" /><testcase classname="tests.unit.test_airflow_export" name="test_airflow_export_forwards_arguments[export_to_csv]" time="0.005" /><testcase classname="tests.unit.test_airflow_export" name="test_airflow_export_forwards_arguments[export_to_parquet]" time="0.004" /><testcase classname="tests.unit.test_airflow_export" name="test_airflow_export_forwards_arguments[export_to_excel]" time="0.005" /><testcase classname="tests.unit.test_airflow_export" name="test_airflow_export_forwards_arguments[export_to_json]" time="0.004" /><testcase classname="tests.unit.test_airflow_export" name="test_airflow_export_forwards_arguments[export_to_sql]" time="0.004" /><testcase classname="tests.unit.test_airflow_export" name="test_airflow_export_forwards_arguments[export_to_sql_by_form]" time="0.005" /><testcase classname="tests.unit.test_airflow_integration" name="test_imednet_hook_returns_sdk" time="0.059" /><testcase classname="tests.unit.test_airflow_integration" name="test_export_operator_calls_helper" time="0.006" /><testcase classname="tests.unit.test_airflow_integration" name="test_export_operator_exposes_mapped_runtime_fields" time="0.004" /><testcase classname="tests.unit.test_airflow_integration" name="test_export_operator_copies_runtime_kwargs_and_resolves_sdk_at_execute" time="0.010" /><testcase classname="tests.unit.test_airflow_integration" name="test_export_operator_rejects_unknown_export_callable" time="0.005" /><testcase classname="tests.unit.test_airflow_integration" name="test_imednet_hook_non_dict_extras" time="0.061" /><testcase classname="tests.unit.test_airflow_integration" name="test_imednet_hook_get_extra_json_fallback" time="0.060" /><testcase classname="tests.unit.test_airflow_integration" name="test_imednet_hook_extra_json_string_fallback" time="0.060" /><testcase classname="tests.unit.test_airflow_integration" name="test_imednet_hook_non_string_login" time="0.059" /><testcase classname="tests.unit.test_airflow_integration" name="test_imednet_hook_non_string_password" time="0.060" /><testcase classname="tests.unit.test_airflow_integration" name="test_imednet_hook_environment_fallback" time="0.059" /><testcase classname="tests.unit.test_airflow_integration" name="test_imednet_hook_describe_connection_redacts_credentials" time="0.004" /><testcase classname="tests.unit.test_airflow_integration" name="test_imednet_hook_prefers_extras_over_environment" time="0.061" /><testcase classname="tests.unit.test_airflow_integration" name="test_imednet_hook_study_discovery_serialization_safe" time="0.005" /><testcase classname="tests.unit.test_airflow_integration" name="test_to_primitive_unknown_object_type_falls_back_to_str" time="0.004" /><testcase classname="tests.unit.test_airflow_integration" name="test_to_primitive_nested_sensitive_keys_are_redacted" time="0.003" /><testcase classname="tests.unit.test_airflow_integration" name="test_export_operator_template_field_rendering_simulation" time="0.009" /><testcase classname="tests.unit.test_airflow_integration" name="test_list_study_keys_with_snake_case_study_key_field" time="0.004" /><testcase classname="tests.unit.test_airflow_integration" name="test_list_studies_metadata_returns_empty_for_no_studies" time="0.005" /><testcase classname="tests.unit.test_airflow_integration" name="test_list_study_keys_skips_entries_without_recognized_key" time="0.004" /><testcase classname="tests.unit.test_airflow_integration" name="test_export_operator_resolves_snowflake_sink" time="0.018" /><testcase classname="tests.unit.test_airflow_integration" name="test_reference_dag_safe_study_path_fragment" time="0.006" /><testcase classname="tests.unit.test_airflow_operators" name="test_job_sensor" time="0.007" /><testcase classname="tests.unit.test_airflow_state_provider" name="test_airflow_provider_fallback_transaction" time="0.007" /><testcase classname="tests.unit.test_base_client" name="test_initialization_from_env" time="0.040" /><testcase classname="tests.unit.test_base_url_normalization" name="test_client_strips_api_suffix" time="0.038" /><testcase classname="tests.unit.test_base_url_normalization" name="test_async_client_strips_api_suffix" time="0.040" /><testcase classname="tests.unit.test_base_url_normalization" name="test_build_safe_path_handles_special_characters" time="0.005" /><testcase classname="tests.unit.test_base_url_normalization" name="test_build_safe_path_prevents_double_slashes" time="0.004" /><testcase classname="tests.unit.test_cached_records_loader" name="test_get_sqlite_connection_enables_wal_mode" time="0.009" /><testcase classname="tests.unit.test_cached_records_loader" name="test_cached_loader_applies_delta_sync_and_reconciliation" time="0.024" /><testcase classname="tests.unit.test_cached_records_loader" name="test_cached_loader_retries_record_fetches" time="1.021" /><testcase classname="tests.unit.test_cached_records_loader" name="test_iter_cached_records_yields_chunked_rows" time="0.020" /><testcase classname="tests.unit.test_cached_records_loader" name="test_iter_cached_records_rejects_non_positive_chunk_size" time="0.012" /><testcase classname="tests.unit.test_cached_records_loader" name="test_sync_records_updates_cache_without_loading_rows" time="0.019" /><testcase classname="tests.unit.test_cached_records_loader" name="test_sync_records_handles_empty_delta_without_reconciliation" time="0.020" /><testcase classname="tests.unit.test_chunked_pipeline" name="test_iter_chunks_splits_batches" time="0.004" /><testcase classname="tests.unit.test_chunked_pipeline" name="test_iter_chunks_rejects_invalid_chunk_size" time="0.003" /><testcase classname="tests.unit.test_chunked_pipeline" name="test_chunked_record_pipeline_maps_in_chunks" time="0.003" /><testcase classname="tests.unit.test_ci_plan" name="test_parse_dependency_name_simple" time="0.004" /><testcase classname="tests.unit.test_ci_plan" name="test_parse_dependency_name_with_version" time="0.003" /><testcase classname="tests.unit.test_ci_plan" name="test_parse_dependency_name_with_extras" time="0.003" /><testcase classname="tests.unit.test_ci_plan" name="test_parse_dependency_name_with_extras_and_version" time="0.003" /><testcase classname="tests.unit.test_ci_plan" name="test_parse_dependency_name_with_environment_markers" time="0.003" /><testcase classname="tests.unit.test_ci_plan" name="test_parse_dependency_name_edge_cases" time="0.003" /><testcase classname="tests.unit.test_client" name="test_get_success" time="0.039" /><testcase classname="tests.unit.test_client" name="test_request_error_mapping[400-BadRequestError]" time="0.043" /><testcase classname="tests.unit.test_client" name="test_request_error_mapping[401-UnauthorizedError]" time="0.039" /><testcase classname="tests.unit.test_client" name="test_request_error_mapping[403-ForbiddenError]" time="0.039" /><testcase classname="tests.unit.test_client" name="test_request_error_mapping[404-NotFoundError]" time="0.042" /><testcase classname="tests.unit.test_client" name="test_request_error_mapping[409-ConflictError]" time="0.047" /><testcase classname="tests.unit.test_client" name="test_request_error_mapping[429-RateLimitError]" time="4.978" /><testcase classname="tests.unit.test_client" name="test_request_error_mapping[500-ServerError]" time="5.447" /><testcase classname="tests.unit.test_client" name="test_client_sends_auth_headers" time="0.042" /><testcase classname="tests.unit.test_config" name="test_load_config_from_env" time="0.004" /><testcase classname="tests.unit.test_config" name="test_load_config_overrides_env" time="0.004" /><testcase classname="tests.unit.test_config" name="test_load_config_missing" time="0.004" /><testcase classname="tests.unit.test_config" name="test_load_config_whitespace_args[   -valid-API key is required]" time="0.004" /><testcase classname="tests.unit.test_config" name="test_load_config_whitespace_args[valid-   -Security key is required]" time="0.005" /><testcase classname="tests.unit.test_config" name="test_load_config_whitespace_args[   -   -API key and security key are required]" time="0.004" /><testcase classname="tests.unit.test_config" name="test_load_config_whitespace_args[-valid-API key is required]" time="0.004" /><testcase classname="tests.unit.test_config" name="test_load_config_whitespace_args[valid--Security key is required]" time="0.004" /><testcase classname="tests.unit.test_config" name="test_load_config_whitespace_env[   -valid-API key is required]" time="0.004" /><testcase classname="tests.unit.test_config" name="test_load_config_whitespace_env[valid-   -Security key is required]" time="0.004" /><testcase classname="tests.unit.test_config_version_control" name="test_sha256_deterministic" time="0.004" /><testcase classname="tests.unit.test_config_version_control" name="test_sha256_length" time="0.003" /><testcase classname="tests.unit.test_config_version_control" name="test_flatten_flat_dict" time="0.004" /><testcase classname="tests.unit.test_config_version_control" name="test_flatten_nested_dict" time="0.004" /><testcase classname="tests.unit.test_config_version_control" name="test_flatten_list" time="0.003" /><testcase classname="tests.unit.test_config_version_control" name="test_flatten_mixed" time="0.004" /><testcase classname="tests.unit.test_config_version_control" name="test_commit_config_returns_sha256" time="0.019" /><testcase classname="tests.unit.test_config_version_control" name="test_commit_config_duplicate_raises" time="0.021" /><testcase classname="tests.unit.test_config_version_control" name="test_commit_config_different_content_succeeds" time="0.031" /><testcase classname="tests.unit.test_config_version_control" name="test_commit_config_persists_metadata" time="0.019" /><testcase classname="tests.unit.test_config_version_control" name="test_get_history_empty" time="0.012" /><testcase classname="tests.unit.test_config_version_control" name="test_get_history_ordered" time="0.027" /><testcase classname="tests.unit.test_config_version_control" name="test_get_history_isolated_by_study" time="0.025" /><testcase classname="tests.unit.test_config_version_control" name="test_get_history_excludes_config_data" time="0.020" /><testcase classname="tests.unit.test_config_version_control" name="test_diff_configs_no_changes" time="0.014" /><testcase classname="tests.unit.test_config_version_control" name="test_diff_configs_detects_changes" time="0.024" /><testcase classname="tests.unit.test_config_version_control" name="test_diff_configs_detects_added_keys" time="0.025" /><testcase classname="tests.unit.test_config_version_control" name="test_diff_configs_missing_commit_raises" time="0.021" /><testcase classname="tests.unit.test_config_version_control" name="test_rollback_config_restores_original" time="0.024" /><testcase classname="tests.unit.test_config_version_control" name="test_rollback_config_is_non_destructive" time="0.025" /><testcase classname="tests.unit.test_config_version_control" name="test_rollback_config_wrong_study_raises" time="0.020" /><testcase classname="tests.unit.test_config_version_control" name="test_rollback_config_unknown_commit_raises" time="0.014" /><testcase classname="tests.unit.test_config_version_control" name="test_commit_content_hash_matches" time="0.018" /><testcase classname="tests.unit.test_config_version_control" name="test_multiple_studies_independent" time="0.024" /><testcase classname="tests.unit.test_config_version_control" name="test_get_history_detects_invalid_signature" time="0.016" /><testcase classname="tests.unit.test_config_version_control" name="test_rollback_config_detects_invalid_signature" time="0.016" /><testcase classname="tests.unit.test_config_version_control" name="test_diff_configs_detects_invalid_signature" time="0.025" /><testcase classname="tests.unit.test_config_version_control" name="test_history_rows_cannot_be_updated" time="0.021" /><testcase classname="tests.unit.test_config_version_control" name="test_history_rows_cannot_be_deleted" time="0.020" /><testcase classname="tests.unit.test_config_version_control" name="test_encryption_zero_plaintext_on_disk" time="0.020" /><testcase classname="tests.unit.test_config_version_control" name="test_dynamic_sqlite_selection_per_base_url" time="0.043" /><testcase classname="tests.unit.test_config_version_control" name="test_dynamic_sqlite_selection_per_study_context" time="0.014" /><testcase classname="tests.unit.test_config_version_control" name="test_decryption_incorrect_or_missing_key_raises" time="0.021" /><testcase classname="tests.unit.test_core_async_client" name="test_async_get_success" time="0.043" /><testcase classname="tests.unit.test_core_async_client_extended" name="test_async_request_retries" time="0.769" /><testcase classname="tests.unit.test_core_async_client_extended" name="test_async_request_error_mapping[400-ValidationError]" time="0.041" /><testcase classname="tests.unit.test_core_async_client_extended" name="test_async_request_error_mapping[401-AuthenticationError]" time="0.043" /><testcase classname="tests.unit.test_core_async_client_extended" name="test_async_request_error_mapping[403-AuthorizationError]" time="0.042" /><testcase classname="tests.unit.test_core_async_client_extended" name="test_async_request_error_mapping[404-NotFoundError]" time="0.043" /><testcase classname="tests.unit.test_core_async_client_extended" name="test_async_request_error_mapping[429-RateLimitError]" time="2.044" /><testcase classname="tests.unit.test_core_async_client_extended" name="test_async_request_error_mapping[500-ServerError]" time="4.775" /><testcase classname="tests.unit.test_core_async_client_extended" name="test_async_request_error_mapping[418-ApiError]" time="0.047" /><testcase classname="tests.unit.test_core_async_client_extended" name="test_tracing" time="0.051" /><testcase classname="tests.unit.test_core_client" name="test_initialization_sets_defaults" time="0.041" /><testcase classname="tests.unit.test_core_client" name="test_retry_logic_retries_request_errors" time="0.398" /><testcase classname="tests.unit.test_core_client" name="test_request_error_mapping[400-BadRequestError]" time="0.041" /><testcase classname="tests.unit.test_core_client" name="test_request_error_mapping[401-UnauthorizedError]" time="0.040" /><testcase classname="tests.unit.test_core_client" name="test_request_error_mapping[403-ForbiddenError]" time="0.041" /><testcase classname="tests.unit.test_core_client" name="test_request_error_mapping[404-NotFoundError]" time="0.042" /><testcase classname="tests.unit.test_core_client" name="test_request_error_mapping[409-ConflictError]" time="0.039" /><testcase classname="tests.unit.test_core_client" name="test_request_error_mapping[429-RateLimitError]" time="1.294" /><testcase classname="tests.unit.test_core_client" name="test_request_error_mapping[500-ServerError]" time="1.159" /><testcase classname="tests.unit.test_core_client" name="test_request_error_mapping[418-ApiError]" time="0.054" /><testcase classname="tests.unit.test_core_client" name="test_tracer_records_span" time="0.044" /><testcase classname="tests.unit.test_core_client" name="test_base_url_sanitized" time="0.039" /><testcase classname="tests.unit.test_core_client" name="test_retry_policy_accessor_updates_executor" time="0.040" /><testcase classname="tests.unit.test_core_context" name="test_set_and_reset_study_context" time="0.003" /><testcase classname="tests.unit.test_core_context" name="test_study_context_manager_resets_to_none" time="0.003" /><testcase classname="tests.unit.test_core_context" name="test_study_context_manager_restores_previous_context" time="0.003" /><testcase classname="tests.unit.test_core_endpoint_operations" name="test_path_get_operation_execute_sync" time="0.004" /><testcase classname="tests.unit.test_core_endpoint_operations" name="test_path_get_operation_execute_sync_not_found" time="0.004" /><testcase classname="tests.unit.test_core_endpoint_operations" name="test_path_get_operation_execute_async" time="0.006" /><testcase classname="tests.unit.test_core_endpoint_operations" name="test_path_get_operation_execute_async_not_found" time="0.006" /><testcase classname="tests.unit.test_core_endpoint_operations" name="test_list_operation_sync" time="0.004" /><testcase classname="tests.unit.test_core_endpoint_operations" name="test_list_operation_async" time="0.005" /><testcase classname="tests.unit.test_core_endpoint_operations" name="test_filter_get_operation_sync" time="0.004" /><testcase classname="tests.unit.test_core_endpoint_operations" name="test_filter_get_operation_sync_missing_list_func" time="0.004" /><testcase classname="tests.unit.test_core_endpoint_operations" name="test_filter_get_operation_async" time="0.005" /><testcase classname="tests.unit.test_core_endpoint_operations" name="test_filter_get_operation_async_missing_list_func" time="0.005" /><testcase classname="tests.unit.test_core_endpoint_operations" name="test_record_create_operation_sync" time="0.005" /><testcase classname="tests.unit.test_core_endpoint_operations" name="test_record_create_operation_header_validation_failure" time="0.004" /><testcase classname="tests.unit.test_core_endpoint_operations" name="test_record_create_operation_schema_validation_failure" time="0.004" /><testcase classname="tests.unit.test_core_endpoint_operations" name="test_record_create_operation_async" time="0.006" /><testcase classname="tests.unit.test_core_exceptions" name="test_api_error_str_includes_details" time="0.004" /><testcase classname="tests.unit.test_core_exceptions" name="test_exception_hierarchy" time="0.004" /><testcase classname="tests.unit.test_core_exceptions" name="test_filter_conflict_error_keeps_conflicting_filters" time="0.003" /><testcase classname="tests.unit.test_core_paginator" name="test_single_page_iteration" time="0.005" /><testcase classname="tests.unit.test_core_paginator" name="test_multiple_page_iteration" time="0.004" /><testcase classname="tests.unit.test_core_paginator" name="test_empty_result" time="0.004" /><testcase classname="tests.unit.test_core_paginator" name="test_custom_keys" time="0.004" /><testcase classname="tests.unit.test_core_paginator" name="test_async_paginator" time="0.005" /><testcase classname="tests.unit.test_core_paginator" name="test_async_paginator_empty" time="0.005" /><testcase classname="tests.unit.test_core_paginator" name="test_pagination_key_is_null" time="0.004" /><testcase classname="tests.unit.test_core_paginator" name="test_invalid_payload_type_raises_error" time="0.004" /><testcase classname="tests.unit.test_core_paginator" name="test_invalid_data_type_raises_error" time="0.004" /><testcase classname="tests.unit.test_core_paginator" name="test_invalid_pagination_type_raises_error" time="0.004" /><testcase classname="tests.unit.test_core_paginator" name="test_json_list_paginator_invalid_payload_type_raises_error" time="0.004" /><testcase classname="tests.unit.test_core_paginator" name="test_async_json_list_paginator_invalid_payload_type_raises_error" time="0.005" /><testcase classname="tests.unit.test_core_paginator" name="test_json_list_paginator_valid_list" time="0.004" /><testcase classname="tests.unit.test_core_paginator" name="test_async_json_list_paginator_valid_list" time="0.005" /><testcase classname="tests.unit.test_core_parsing" name="test_get_model_parser_uses_model_validate_by_default" time="0.003" /><testcase classname="tests.unit.test_core_parsing" name="test_get_model_parser_uses_custom_from_json" time="0.003" /><testcase classname="tests.unit.test_core_parsing" name="test_model_parser_class_parse" time="0.003" /><testcase classname="tests.unit.test_core_parsing" name="test_model_parser_class_parse_many" time="0.003" /><testcase classname="tests.unit.test_core_retry" name="test_default_retry_policy_retries_on_network_errors" time="0.003" /><testcase classname="tests.unit.test_core_retry" name="test_default_retry_policy_retries_on_rate_limits" time="0.004" /><testcase classname="tests.unit.test_core_retry" name="test_default_retry_policy_retries_on_server_errors" time="0.003" /><testcase classname="tests.unit.test_core_retry" name="test_default_retry_policy_does_not_retry_on_client_errors" time="0.003" /><testcase classname="tests.unit.test_core_retry" name="test_default_retry_policy_does_not_retry_on_success" time="0.003" /><testcase classname="tests.unit.test_core_retry" name="test_default_retry_policy_does_not_retry_on_unrelated_exceptions" time="0.003" /><testcase classname="tests.unit.test_core_retry" name="test_default_retry_policy_with_no_result_or_exception" time="0.003" /><testcase classname="tests.unit.test_core_retry" name="test_default_retry_policy_does_not_retry_non_idempotent_on_network_error[POST]" time="0.003" /><testcase classname="tests.unit.test_core_retry" name="test_default_retry_policy_does_not_retry_non_idempotent_on_network_error[PATCH]" time="0.003" /><testcase classname="tests.unit.test_core_retry" name="test_default_retry_policy_does_not_retry_non_idempotent_on_server_error[POST]" time="0.003" /><testcase classname="tests.unit.test_core_retry" name="test_default_retry_policy_does_not_retry_non_idempotent_on_server_error[PATCH]" time="0.003" /><testcase classname="tests.unit.test_core_retry" name="test_default_retry_policy_retries_post_on_rate_limit" time="0.003" /><testcase classname="tests.unit.test_core_retry" name="test_default_retry_policy_does_not_retry_unknown_method_on_network_error" time="0.003" /><testcase classname="tests.unit.test_core_retry" name="test_default_retry_policy_does_not_retry_unknown_method_on_server_error" time="0.003" /><testcase classname="tests.unit.test_credential_redaction" name="test_api_key_auth_repr_and_str_mask_secrets" time="0.003" /><testcase classname="tests.unit.test_credential_redaction" name="test_api_errors_mask_sensitive_values[AuthenticationError]" time="0.005" /><testcase classname="tests.unit.test_credential_redaction" name="test_api_errors_mask_sensitive_values[RateLimitError]" time="0.003" /><testcase classname="tests.unit.test_credential_redaction" name="test_http_client_never_logs_authorization_header" time="0.039" /><testcase classname="tests.unit.test_credential_redaction" name="test_cli_surfaces_redacted_authentication_errors" time="0.035" /><testcase classname="tests.unit.test_data_dictionary" name="test_from_directory" time="0.004" /><testcase classname="tests.unit.test_data_dictionary" name="test_from_zip" time="0.005" /><testcase classname="tests.unit.test_discovery" name="test_is_site_eligible_accepts_enrollment_open" time="0.004" /><testcase classname="tests.unit.test_discovery" name="test_is_site_eligible_accepts_active_case_insensitive" time="0.003" /><testcase classname="tests.unit.test_discovery" name="test_is_site_eligible_rejects_read_only" time="0.003" /><testcase classname="tests.unit.test_discovery" name="test_is_site_eligible_rejects_closed" time="0.003" /><testcase classname="tests.unit.test_discovery" name="test_eligible_site_statuses_contains_expected_values" time="0.003" /><testcase classname="tests.unit.test_discovery" name="test_is_subject_eligible_accepts_registered" time="0.003" /><testcase classname="tests.unit.test_discovery" name="test_is_subject_eligible_accepts_baseline" time="0.003" /><testcase classname="tests.unit.test_discovery" name="test_is_subject_eligible_accepts_enrolled" time="0.003" /><testcase classname="tests.unit.test_discovery" name="test_is_subject_eligible_accepts_active_case_insensitive" time="0.003" /><testcase classname="tests.unit.test_discovery" name="test_is_subject_eligible_rejects_closed" time="0.003" /><testcase classname="tests.unit.test_discovery" name="test_eligible_subject_statuses_contains_expected_values" time="0.003" /><testcase classname="tests.unit.test_discovery" name="test_discover_form_key_chooses_subject_form" time="0.004" /><testcase classname="tests.unit.test_discovery" name="test_discover_form_key_raises_when_no_valid_forms" time="0.004" /><testcase classname="tests.unit.test_discovery" name="test_discover_site_name_returns_active_site" time="0.004" /><testcase classname="tests.unit.test_discovery" name="test_discover_site_name_returns_enrollment_open_site" time="0.004" /><testcase classname="tests.unit.test_discovery" name="test_discover_site_name_raises_when_no_active" time="0.004" /><testcase classname="tests.unit.test_discovery" name="test_discover_site_name_error_includes_encountered_statuses" time="0.004" /><testcase classname="tests.unit.test_discovery" name="test_discover_site_name_raises_when_no_sites" time="0.004" /><testcase classname="tests.unit.test_discovery" name="test_discover_subject_key_returns_active_subject" time="0.004" /><testcase classname="tests.unit.test_discovery" name="test_discover_subject_key_returns_registered_subject" time="0.004" /><testcase classname="tests.unit.test_discovery" name="test_discover_subject_key_returns_baseline_subject" time="0.003" /><testcase classname="tests.unit.test_discovery" name="test_discover_subject_key_returns_enrolled_subject" time="0.004" /><testcase classname="tests.unit.test_discovery" name="test_discover_subject_key_raises_when_no_active" time="0.004" /><testcase classname="tests.unit.test_discovery" name="test_discover_subject_key_error_includes_encountered_statuses" time="0.004" /><testcase classname="tests.unit.test_discovery" name="test_discover_subject_key_raises_when_no_subjects" time="0.004" /><testcase classname="tests.unit.test_discovery" name="test_discover_interval_name_returns_active_interval" time="0.004" /><testcase classname="tests.unit.test_discovery" name="test_discover_interval_name_raises_when_all_disabled" time="0.004" /><testcase classname="tests.unit.test_discovery_helpers" name="test_discover_study_key_returns_first" time="0.004" /><testcase classname="tests.unit.test_discovery_helpers" name="test_discover_study_key_raises_when_empty" time="0.004" /><testcase classname="tests.unit.test_discovery_helpers" name="test_discover_form_key_returns_first_matching" time="0.005" /><testcase classname="tests.unit.test_discovery_helpers" name="test_discover_form_key_raises_when_empty" time="0.004" /><testcase classname="tests.unit.test_discovery_helpers" name="test_discover_site_name_returns_first_active" time="0.004" /><testcase classname="tests.unit.test_discovery_helpers" name="test_discover_site_name_returns_enrollment_open" time="0.004" /><testcase classname="tests.unit.test_discovery_helpers" name="test_discover_site_name_raises_when_empty" time="0.004" /><testcase classname="tests.unit.test_discovery_helpers" name="test_discover_site_name_raises_with_read_only_sites" time="0.004" /><testcase classname="tests.unit.test_discovery_helpers" name="test_discover_subject_key_returns_first_active" time="0.006" /><testcase classname="tests.unit.test_discovery_helpers" name="test_discover_subject_key_returns_registered" time="0.004" /><testcase classname="tests.unit.test_discovery_helpers" name="test_discover_subject_key_returns_baseline" time="0.004" /><testcase classname="tests.unit.test_discovery_helpers" name="test_discover_subject_key_returns_enrolled" time="0.004" /><testcase classname="tests.unit.test_discovery_helpers" name="test_discover_subject_key_raises_when_empty" time="0.004" /><testcase classname="tests.unit.test_discovery_helpers" name="test_discover_subject_key_raises_with_encountered_statuses" time="0.005" /><testcase classname="tests.unit.test_discovery_helpers" name="test_discover_interval_name_returns_first_enabled" time="0.004" /><testcase classname="tests.unit.test_discovery_helpers" name="test_discover_interval_name_raises_when_empty" time="0.004" /><testcase classname="tests.unit.test_discovery_helpers" name="test_discover_site_name_case_insensitive" time="0.004" /><testcase classname="tests.unit.test_discovery_helpers" name="test_discover_subject_key_case_insensitive" time="0.004" /><testcase classname="tests.unit.test_discovery_helpers" name="test_discover_site_name_raises_when_none_active" time="0.005" /><testcase classname="tests.unit.test_discovery_helpers" name="test_discover_subject_key_raises_when_none_active" time="0.005" /><testcase classname="tests.unit.test_dispatcher" name="test_export_tabular_routing" time="0.003" /><testcase classname="tests.unit.test_dispatcher" name="test_export_sink_routing" time="0.005" /><testcase classname="tests.unit.test_dispatcher" name="test_export_unsupported_target" time="0.004" /><testcase classname="tests.unit.test_dispatcher" name="test_get_sink_lazy_load_success" time="0.003" /><testcase classname="tests.unit.test_dispatcher" name="test_get_sink_lazy_load_import_error" time="0.003" /><testcase classname="tests.unit.test_dispatcher" name="test_get_sink_lazy_load_attribute_error" time="0.003" /><testcase classname="tests.unit.test_dispatcher" name="test_get_config_class_lazy_load_success" time="0.003" /><testcase classname="tests.unit.test_dispatcher" name="test_get_config_class_lazy_load_import_error" time="0.003" /><testcase classname="tests.unit.test_dispatcher" name="test_get_config_class_lazy_load_attribute_error" time="0.003" /><testcase classname="tests.unit.test_dispatcher" name="test_export_sink_routing_with_explicit_config" time="0.005" /><testcase classname="tests.unit.test_duckdb_export" name="test_export_to_duckdb_happy_path" time="0.081" /><testcase classname="tests.unit.test_duckdb_export" name="test_export_to_duckdb_wide_dataframe" time="1.291" /><testcase classname="tests.unit.test_duckdb_export" name="test_export_to_duckdb_by_form_creates_per_form_tables" time="0.078" /><testcase classname="tests.unit.test_duckdb_export" name="test_export_to_duckdb_import_error" time="0.004" /><testcase classname="tests.unit.test_duckdb_export" name="test_export_to_duckdb_type_handling" time="0.066" /><testcase classname="tests.unit.test_duckdb_export" name="test_export_to_duckdb_connection_closed_on_error" time="0.008" /><testcase classname="tests.unit.test_duckdb_ingestion_workflow" name="test_ingest_revisions_append_mode" time="0.035" /><testcase classname="tests.unit.test_duckdb_ingestion_workflow" name="test_ingest_revisions_replace_mode" time="0.033" /><testcase classname="tests.unit.test_duckdb_ingestion_workflow" name="test_build_silver_view_deduplication" time="0.032" /><testcase classname="tests.unit.test_duckdb_ingestion_workflow" name="test_ingest_revisions_returns_row_count" time="0.031" /><testcase classname="tests.unit.test_duckdb_ingestion_workflow" name="test_duckdb_workflow_import_error" time="0.004" /><testcase classname="tests.unit.test_export_sanitization" name="test_export_to_csv_sanitization" time="0.012" /><testcase classname="tests.unit.test_export_sanitization" name="test_export_to_excel_sanitization" time="0.010" /><testcase classname="tests.unit.test_export_sanitization" name="test_sanitization_does_not_affect_non_strings" time="0.012" /><testcase classname="tests.unit.test_export_sink_base.TestRedactUri" name="test_redacts_user_and_password" time="0.003" /><testcase classname="tests.unit.test_export_sink_base.TestRedactUri" name="test_redacts_user_only" time="0.003" /><testcase classname="tests.unit.test_export_sink_base.TestRedactUri" name="test_leaves_uri_without_userinfo_unchanged" time="0.003" /><testcase classname="tests.unit.test_export_sink_base.TestRedactUri" name="test_handles_empty_string" time="0.003" /><testcase classname="tests.unit.test_export_sink_base.TestRequireOptionalDep" name="test_returns_module_when_installed" time="0.003" /><testcase classname="tests.unit.test_export_sink_base.TestRequireOptionalDep" name="test_raises_import_error_when_missing" time="0.004" /><testcase classname="tests.unit.test_export_sink_base.TestRequireOptionalDep" name="test_reraises_unrelated_module_not_found_error" time="0.003" /><testcase classname="tests.unit.test_export_sink_base.TestSinkConfig" name="test_defaults" time="0.003" /><testcase classname="tests.unit.test_export_sink_base.TestSinkConfig" name="test_custom_values" time="0.003" /><testcase classname="tests.unit.test_export_sink_base.TestIterBatches" name="test_splits_sequence_by_batch_size" time="0.003" /><testcase classname="tests.unit.test_export_sink_base.TestIterBatches" name="test_rejects_non_positive_batch_size" time="0.003" /><testcase classname="tests.unit.test_export_sink_base.TestExportSinkContextManager" name="test_flush_and_close_called_on_clean_exit" time="0.003" /><testcase classname="tests.unit.test_export_sink_base.TestExportSinkContextManager" name="test_close_called_on_exception" time="0.003" /><testcase classname="tests.unit.test_export_sink_base.TestExportSinkContextManager" name="test_write_batch_records_returned" time="0.003" /><testcase classname="tests.unit.test_export_sink_base.TestExportErrors" name="test_export_error_is_imednet_error" time="0.003" /><testcase classname="tests.unit.test_export_sink_base.TestExportErrors" name="test_export_batch_error_carries_batch_id" time="0.003" /><testcase classname="tests.unit.test_export_sink_base.TestExportErrors" name="test_export_configuration_error_is_export_error" time="0.003" /><testcase classname="tests.unit.test_export_sink_base.TestExportErrors" name="test_export_batch_error_is_export_error" time="0.003" /><testcase classname="tests.unit.test_form_designer_client" name="test_save_form_explicit_json_error" time="0.039" /><testcase classname="tests.unit.test_form_designer_client" name="test_save_form_invalid_json_fallback" time="0.038" /><testcase classname="tests.unit.test_hive_parquet_export" name="test_export_to_hive_parquet_directory_structure" time="0.048" /><testcase classname="tests.unit.test_hive_parquet_export" name="test_export_to_hive_parquet_concurrent_studies_no_conflict" time="0.042" /><testcase classname="tests.unit.test_hive_parquet_export" name="test_hive_parquet_query_returns_correct_string" time="0.004" /><testcase classname="tests.unit.test_hive_parquet_export" name="test_export_to_hive_parquet_import_error" time="0.004" /><testcase classname="tests.unit.test_integrations_export" name="test_export_to_csv" time="0.014" /><testcase classname="tests.unit.test_integrations_export" name="test_export_to_excel" time="0.009" /><testcase classname="tests.unit.test_integrations_export" name="test_export_to_json" time="0.034" /><testcase classname="tests.unit.test_integrations_export" name="test_export_to_parquet" time="0.009" /><testcase classname="tests.unit.test_integrations_export" name="test_export_to_sql" time="0.013" /><testcase classname="tests.unit.test_integrations_export" name="test_export_to_duckdb" time="0.006" /><testcase classname="tests.unit.test_integrations_export" name="test_export_to_duckdb_handles_wide_dataframe" time="0.034" /><testcase classname="tests.unit.test_integrations_export" name="test_export_to_duckdb_import_error" time="0.004" /><testcase classname="tests.unit.test_integrations_export" name="test_export_functions_handle_duplicate_columns" time="0.957" /><testcase classname="tests.unit.test_integrations_export" name="test_export_functions_handle_case_insensitive_duplicates" time="0.197" /><testcase classname="tests.unit.test_integrations_export" name="test_export_sql_too_many_columns" time="0.047" /><testcase classname="tests.unit.test_integrations_export" name="test_export_to_sql_by_form" time="0.010" /><testcase classname="tests.unit.test_integrations_export" name="test_export_to_duckdb_by_form" time="0.012" /><testcase classname="tests.unit.test_integrations_export" name="test_export_to_duckdb_by_form_import_error" time="0.004" /><testcase classname="tests.unit.test_integrations_export" name="test_export_to_long_sql" time="0.009" /><testcase classname="tests.unit.test_integrations_export" name="test_records_df_missing_pandas" time="0.004" /><testcase classname="tests.unit.test_integrations_export" name="test_export_to_long_sql_missing_pandas" time="0.004" /><testcase classname="tests.unit.test_integrations_parquet" name="test_export_creates_hive_layout_and_contents" time="0.020" /><testcase classname="tests.unit.test_integrations_parquet" name="test_export_isolates_studies" time="0.021" /><testcase classname="tests.unit.test_integrations_parquet" name="test_hive_parquet_query" time="0.004" /><testcase classname="tests.unit.test_integrations_parquet" name="test_export_to_hive_parquet_missing_pyarrow" time="0.004" /><testcase classname="tests.unit.test_integrations_parquet" name="test_export_to_hive_parquet_rejects_malicious_study_key" time="0.004" /><testcase classname="tests.unit.test_integrations_parquet" name="test_export_to_hive_parquet_rejects_malicious_form_key" time="0.005" /><testcase classname="tests.unit.test_integrations_parquet" name="test_export_to_hive_parquet_flushes_form_batches" time="0.008" /><testcase classname="tests.unit.test_job_poller" name="test_job_poller_success" time="0.005" /><testcase classname="tests.unit.test_job_poller" name="test_async_job_poller_success" time="0.006" /><testcase classname="tests.unit.test_job_poller" name="test_job_poller_timeout" time="0.004" /><testcase classname="tests.unit.test_job_poller" name="test_async_job_poller_timeout" time="0.005" /><testcase classname="tests.unit.test_job_poller" name="test_job_poller_failed" time="0.004" /><testcase classname="tests.unit.test_job_poller" name="test_async_job_poller_failed" time="0.006" /><testcase classname="tests.unit.test_job_poller" name="test_run_on_progress_new_signature" time="0.004" /><testcase classname="tests.unit.test_job_poller" name="test_run_on_progress_deprecated_signature" time="0.004" /><testcase classname="tests.unit.test_job_poller" name="test_poll_many_success" time="0.005" /><testcase classname="tests.unit.test_job_poller" name="test_poll_many_with_failures" time="0.006" /><testcase classname="tests.unit.test_job_poller" name="test_poll_many_fail_fast" time="0.005" /><testcase classname="tests.unit.test_job_poller" name="test_async_poll_many_success" time="0.006" /><testcase classname="tests.unit.test_job_poller" name="test_logging_output" time="0.005" /><testcase classname="tests.unit.test_job_poller" name="test_logging_error" time="0.004" /><testcase classname="tests.unit.test_job_poller" name="test_job_status_event_immutable" time="0.003" /><testcase classname="tests.unit.test_job_poller" name="test_job_poller_fetch_result" time="0.004" /><testcase classname="tests.unit.test_job_poller" name="test_async_job_poller_fetch_result" time="0.005" /><testcase classname="tests.unit.test_job_poller" name="test_async_poll_many_with_failures" time="0.005" /><testcase classname="tests.unit.test_job_poller" name="test_async_poll_many_fail_fast" time="0.005" /><testcase classname="tests.unit.test_json_list_paginator_robustness" name="test_json_list_paginator_raises_on_dict" time="0.004" /><testcase classname="tests.unit.test_json_list_paginator_robustness" name="test_json_list_paginator_raises_on_none" time="0.004" /><testcase classname="tests.unit.test_json_list_paginator_robustness" name="test_async_json_list_paginator_raises_on_dict" time="0.005" /><testcase classname="tests.unit.test_json_list_paginator_robustness" name="test_async_json_list_paginator_raises_on_none" time="0.005" /><testcase classname="tests.unit.test_json_model_normalization" name="test_json_model_normalization" time="0.004" /><testcase classname="tests.unit.test_json_model_normalization" name="test_json_model_normalization_optional_fields" time="0.003" /><testcase classname="tests.unit.test_json_model_normalization" name="test_json_model_normalization_union_field" time="0.004" /><testcase classname="tests.unit.test_json_model_normalization" name="test_json_model_identity_normalizer" time="0.004" /><testcase classname="tests.unit.test_json_model_normalization" name="test_json_model_normalization_missing_field" time="0.004" /><testcase classname="tests.unit.test_json_model_normalization" name="test_json_model_from_json_method" time="0.004" /><testcase classname="tests.unit.test_json_model_normalization" name="test_json_model_structural_shift" time="0.008" /><testcase classname="tests.unit.test_json_roundtrip" name="test_json_roundtrip[Coding-fake_coding]" time="0.004" /><testcase classname="tests.unit.test_json_roundtrip" name="test_json_roundtrip[Form-fake_form]" time="0.007"><failure message="AssertionError: assert Form(subject_..._updated=None) == Form(subject_...st_updated='')&#10;  &#10;  Full diff:&#10;  - Form(subject_record_report=False, unscheduled_visit=False, disabled=True, study_key='teckid', form_id=5189, form_key='ghsh', form_name='Mock', form_type='Diary', revision=4, date_created='2025-10-06 20:21:37', date_modified='2026-05-07 20:21:37', epro_form=False, allow_copy=True, embedded_log=False, enforce_ownership=True, other_forms=True, user_agreement=True, last_updated='')&#10;  ?                                                                                                                                                                                       ...&#10;  &#10;  ...Full output truncated (3 lines hidden), use '-vv' to show">cls = &lt;class 'imednet.models.engine.Form'&gt;
payload_func = &lt;function fake_form at 0x7fcf721b0e00&gt;

    @pytest.mark.parametrize(
        ("cls", "payload_func"),
        [
            (Coding, fake_data.fake_coding),
            (Form, fake_data.fake_form),
            (Interval, fake_data.fake_interval),
            (Job, fake_data.fake_job),
            (Query, fake_data.fake_query),
            (Record, fake_data.fake_record),
            (RecordRevision, fake_data.fake_record_revision),
            (Site, fake_data.fake_site),
            (Study, fake_data.fake_study),
            (Subject, fake_data.fake_subject),
            (User, fake_data.fake_user),
            (Variable, fake_data.fake_variable),
            (Visit, fake_data.fake_visit),
        ],
    )
    def test_json_roundtrip(cls, payload_func):
        """Test that json roundtrip."""
        payload = payload_func()
        model = cls.from_json(payload)
        dumped = model.model_dump(by_alias=True)
&gt;       assert cls.from_json(dumped) == model
E       AssertionError: assert Form(subject_..._updated=None) == Form(subject_...st_updated='')
E
E         Full diff:
E         - Form(subject_record_report=False, unscheduled_visit=False, disabled=True, study_key='teckid', form_id=5189, form_key='ghsh', form_name='Mock', form_type='Diary', revision=4, date_created='2025-10-06 20:21:37', date_modified='2026-05-07 20:21:37', epro_form=False, allow_copy=True, embedded_log=False, enforce_ownership=True, other_forms=True, user_agreement=True, last_updated='')
E         ?                                                                                                                                                                                       ...
E
E         ...Full output truncated (3 lines hidden), use '-vv' to show

tests/unit/test_json_roundtrip.py:46: AssertionError</failure></testcase><testcase classname="tests.unit.test_json_roundtrip" name="test_json_roundtrip[Interval-fake_interval]" time="0.008"><failure message="AssertionError: assert Interval(form..._updated=None) == Interval(form...st_updated='')&#10;  &#10;  Full diff:&#10;  - Interval(forms=[FormSummary(form_id=8937, form_key='slzp', form_name='Example')], study_key='pbmund', interval_id=571, interval_name='Test', interval_description='Fake fake test.', interval_sequence=346, interval_group_id=83, interval_group_name='Data', disabled=False, date_created='2025-10-29 20:21:37', date_modified='2025-12-15 20:21:37', actual_date='jlrh', actual_date_form='Example', defined_using_interval='Fake', due_date_will_be_in=6, epro_grace_period=4, negative_slack=9, positive_slack=7, timeline='Start Date End Date', window_calculation_date='pvgb'...&#10;  &#10;  ...Full output truncated (4 lines hidden), use '-vv' to show">cls = &lt;class 'imednet.models.engine.Interval'&gt;
payload_func = &lt;function fake_interval at 0x7fcf721b0b80&gt;

    @pytest.mark.parametrize(
        ("cls", "payload_func"),
        [
            (Coding, fake_data.fake_coding),
            (Form, fake_data.fake_form),
            (Interval, fake_data.fake_interval),
            (Job, fake_data.fake_job),
            (Query, fake_data.fake_query),
            (Record, fake_data.fake_record),
            (RecordRevision, fake_data.fake_record_revision),
            (Site, fake_data.fake_site),
            (Study, fake_data.fake_study),
            (Subject, fake_data.fake_subject),
            (User, fake_data.fake_user),
            (Variable, fake_data.fake_variable),
            (Visit, fake_data.fake_visit),
        ],
    )
    def test_json_roundtrip(cls, payload_func):
        """Test that json roundtrip."""
        payload = payload_func()
        model = cls.from_json(payload)
        dumped = model.model_dump(by_alias=True)
&gt;       assert cls.from_json(dumped) == model
E       AssertionError: assert Interval(form..._updated=None) == Interval(form...st_updated='')
E
E         Full diff:
E         - Interval(forms=[FormSummary(form_id=8937, form_key='slzp', form_name='Example')], study_key='pbmund', interval_id=571, interval_name='Test', interval_description='Fake fake test.', interval_sequence=346, interval_group_id=83, interval_group_name='Data', disabled=False, date_created='2025-10-29 20:21:37', date_modified='2025-12-15 20:21:37', actual_date='jlrh', actual_date_form='Example', defined_using_interval='Fake', due_date_will_be_in=6, epro_grace_period=4, negative_slack=9, positive_slack=7, timeline='Start Date End Date', window_calculation_date='pvgb'...
E
E         ...Full output truncated (4 lines hidden), use '-vv' to show

tests/unit/test_json_roundtrip.py:46: AssertionError</failure></testcase><testcase classname="tests.unit.test_json_roundtrip" name="test_json_roundtrip[Job-fake_job]" time="0.004" /><testcase classname="tests.unit.test_json_roundtrip" name="test_json_roundtrip[Query-fake_query]" time="0.007"><failure message="AssertionError: assert Query(query_c..._updated=None) == Query(query_c...st_updated='')&#10;  &#10;  Full diff:&#10;  - Query(query_comments=[QueryComment(closed=False, sequence=1, annotation_status='Monitor Query Open', user='dfskz51', comment='Example data test.', date='2026-06-06 20:21:37')], study_key='smynul', subject_id=4043, annotation_id=7292, description='Test example test.', record_id=3209, variable='tpxb', subject_key='878-562', date_created='2025-12-31 20:21:37', date_modified='2026-06-16 20:21:37', annotation_type='question', subject_oid='e4cbfa24-180c-4363-946c-7df30d2a9160', type='record', last_updated='')&#10;  ?                                                       ...&#10;  &#10;  ...Full output truncated (3 lines hidden), use '-vv' to show">cls = &lt;class 'imednet.models.engine.Query'&gt;
payload_func = &lt;function fake_query at 0x7fcf721b0c20&gt;

    @pytest.mark.parametrize(
        ("cls", "payload_func"),
        [
            (Coding, fake_data.fake_coding),
            (Form, fake_data.fake_form),
            (Interval, fake_data.fake_interval),
            (Job, fake_data.fake_job),
            (Query, fake_data.fake_query),
            (Record, fake_data.fake_record),
            (RecordRevision, fake_data.fake_record_revision),
            (Site, fake_data.fake_site),
            (Study, fake_data.fake_study),
            (Subject, fake_data.fake_subject),
            (User, fake_data.fake_user),
            (Variable, fake_data.fake_variable),
            (Visit, fake_data.fake_visit),
        ],
    )
    def test_json_roundtrip(cls, payload_func):
        """Test that json roundtrip."""
        payload = payload_func()
        model = cls.from_json(payload)
        dumped = model.model_dump(by_alias=True)
&gt;       assert cls.from_json(dumped) == model
E       AssertionError: assert Query(query_c..._updated=None) == Query(query_c...st_updated='')
E
E         Full diff:
E         - Query(query_comments=[QueryComment(closed=False, sequence=1, annotation_status='Monitor Query Open', user='dfskz51', comment='Example data test.', date='2026-06-06 20:21:37')], study_key='smynul', subject_id=4043, annotation_id=7292, description='Test example test.', record_id=3209, variable='tpxb', subject_key='878-562', date_created='2025-12-31 20:21:37', date_modified='2026-06-16 20:21:37', annotation_type='question', subject_oid='e4cbfa24-180c-4363-946c-7df30d2a9160', type='record', last_updated='')
E         ?                                                       ...
E
E         ...Full output truncated (3 lines hidden), use '-vv' to show

tests/unit/test_json_roundtrip.py:46: AssertionError</failure></testcase><testcase classname="tests.unit.test_json_roundtrip" name="test_json_roundtrip[Record-fake_record]" time="0.007"><failure message="AssertionError: assert Record(study_..._updated=None) == Record(study_...st_updated='')&#10;  &#10;  Full diff:&#10;  - Record(study_key='aspbgd', interval_id=5854, form_id=4751, form_key='tdso', site_id=3113, record_id=6052, record_oid='917b3c16-b2bc-4c31-ac05-79f9ba38acd6', record_type='SUBJECT', record_status='Record Incomplete', deleted=False, date_created='2025-08-24 20:21:37', date_modified='2026-06-19 20:21:37', subject_id=808, subject_oid='fd269b02-32c2-4ae4-8b62-7136f42cbc0d', subject_key='622-586', visit_id=8078, parent_record_id=1012, record_data={'dateCreated': '2026-01-31 20:21:37', 'unvnum': '5', 'dateModified': '2026-02-25 20:21:37', 'aeser': '', 'aeterm': 'Sam...&#10;  &#10;  ...Full output truncated (4 lines hidden), use '-vv' to show">cls = &lt;class 'imednet.models.engine.Record'&gt;
payload_func = &lt;function fake_record at 0x7fcf721b0d60&gt;

    @pytest.mark.parametrize(
        ("cls", "payload_func"),
        [
            (Coding, fake_data.fake_coding),
            (Form, fake_data.fake_form),
            (Interval, fake_data.fake_interval),
            (Job, fake_data.fake_job),
            (Query, fake_data.fake_query),
            (Record, fake_data.fake_record),
            (RecordRevision, fake_data.fake_record_revision),
            (Site, fake_data.fake_site),
            (Study, fake_data.fake_study),
            (Subject, fake_data.fake_subject),
            (User, fake_data.fake_user),
            (Variable, fake_data.fake_variable),
            (Visit, fake_data.fake_visit),
        ],
    )
    def test_json_roundtrip(cls, payload_func):
        """Test that json roundtrip."""
        payload = payload_func()
        model = cls.from_json(payload)
        dumped = model.model_dump(by_alias=True)
&gt;       assert cls.from_json(dumped) == model
E       AssertionError: assert Record(study_..._updated=None) == Record(study_...st_updated='')
E
E         Full diff:
E         - Record(study_key='aspbgd', interval_id=5854, form_id=4751, form_key='tdso', site_id=3113, record_id=6052, record_oid='917b3c16-b2bc-4c31-ac05-79f9ba38acd6', record_type='SUBJECT', record_status='Record Incomplete', deleted=False, date_created='2025-08-24 20:21:37', date_modified='2026-06-19 20:21:37', subject_id=808, subject_oid='fd269b02-32c2-4ae4-8b62-7136f42cbc0d', subject_key='622-586', visit_id=8078, parent_record_id=1012, record_data={'dateCreated': '2026-01-31 20:21:37', 'unvnum': '5', 'dateModified': '2026-02-25 20:21:37', 'aeser': '', 'aeterm': 'Sam...
E
E         ...Full output truncated (4 lines hidden), use '-vv' to show

tests/unit/test_json_roundtrip.py:46: AssertionError</failure></testcase><testcase classname="tests.unit.test_json_roundtrip" name="test_json_roundtrip[RecordRevision-fake_record_revision]" time="0.007"><failure message="AssertionError: assert RecordRevisio..._updated=None) == RecordRevisio...st_updated='')&#10;  &#10;  Full diff:&#10;  - RecordRevision(study_key='bzexxo', record_revision_id=2643, record_id=9480, record_revision=9, data_revision=4, record_status='Record Complete', subject_id=8344, subject_key='233-899', site_id=9514, form_key='pvaw', interval_id=702, deleted=False, date_created='2026-03-04 20:21:37', reason_for_change='Mock example test.', record_oid='1c75b0ad-4a5e-42d5-874e-7051a20d0b15', role='test', subject_oid='1ed6ccfd-f3a1-4b11-bc11-de972aeea030', user='ceehx31', last_updated='')&#10;  ?                                                                                           ...&#10;  &#10;  ...Full output truncated (3 lines hidden), use '-vv' to show">cls = &lt;class 'imednet.models.engine.RecordRevision'&gt;
payload_func = &lt;function fake_record_revision at 0x7fcf721b11c0&gt;

    @pytest.mark.parametrize(
        ("cls", "payload_func"),
        [
            (Coding, fake_data.fake_coding),
            (Form, fake_data.fake_form),
            (Interval, fake_data.fake_interval),
            (Job, fake_data.fake_job),
            (Query, fake_data.fake_query),
            (Record, fake_data.fake_record),
            (RecordRevision, fake_data.fake_record_revision),
            (Site, fake_data.fake_site),
            (Study, fake_data.fake_study),
            (Subject, fake_data.fake_subject),
            (User, fake_data.fake_user),
            (Variable, fake_data.fake_variable),
            (Visit, fake_data.fake_visit),
        ],
    )
    def test_json_roundtrip(cls, payload_func):
        """Test that json roundtrip."""
        payload = payload_func()
        model = cls.from_json(payload)
        dumped = model.model_dump(by_alias=True)
&gt;       assert cls.from_json(dumped) == model
E       AssertionError: assert RecordRevisio..._updated=None) == RecordRevisio...st_updated='')
E
E         Full diff:
E         - RecordRevision(study_key='bzexxo', record_revision_id=2643, record_id=9480, record_revision=9, data_revision=4, record_status='Record Complete', subject_id=8344, subject_key='233-899', site_id=9514, form_key='pvaw', interval_id=702, deleted=False, date_created='2026-03-04 20:21:37', reason_for_change='Mock example test.', record_oid='1c75b0ad-4a5e-42d5-874e-7051a20d0b15', role='test', subject_oid='1ed6ccfd-f3a1-4b11-bc11-de972aeea030', user='ceehx31', last_updated='')
E         ?                                                                                           ...
E
E         ...Full output truncated (3 lines hidden), use '-vv' to show

tests/unit/test_json_roundtrip.py:46: AssertionError</failure></testcase><testcase classname="tests.unit.test_json_roundtrip" name="test_json_roundtrip[Site-fake_site]" time="0.006"><failure message="AssertionError: assert Site(study_ke..._updated=None) == Site(study_ke...st_updated='')&#10;  &#10;  Full diff:&#10;  - Site(study_key='mjltyq', site_id=6854, site_name='Initech', site_enrollment_status='Enrollment Open', date_created='2026-01-21 20:21:37', date_modified='2026-06-01 20:21:37', last_updated='')&#10;  ?                                                                                                                                                                                             ^^&#10;  + Site(study_key='mjltyq', site_id=6854, site_name='Initech', site_enrollment_status='Enrollment Open', date_created='2026-01-21 20:21:37', date_modified='2026-06-01 20:21:37', last...&#10;  &#10;  ...Full output truncated (2 lines hidden), use '-vv' to show">cls = &lt;class 'imednet.models.engine.Site'&gt;
payload_func = &lt;function fake_site at 0x7fcf721b0040&gt;

    @pytest.mark.parametrize(
        ("cls", "payload_func"),
        [
            (Coding, fake_data.fake_coding),
            (Form, fake_data.fake_form),
            (Interval, fake_data.fake_interval),
            (Job, fake_data.fake_job),
            (Query, fake_data.fake_query),
            (Record, fake_data.fake_record),
            (RecordRevision, fake_data.fake_record_revision),
            (Site, fake_data.fake_site),
            (Study, fake_data.fake_study),
            (Subject, fake_data.fake_subject),
            (User, fake_data.fake_user),
            (Variable, fake_data.fake_variable),
            (Visit, fake_data.fake_visit),
        ],
    )
    def test_json_roundtrip(cls, payload_func):
        """Test that json roundtrip."""
        payload = payload_func()
        model = cls.from_json(payload)
        dumped = model.model_dump(by_alias=True)
&gt;       assert cls.from_json(dumped) == model
E       AssertionError: assert Site(study_ke..._updated=None) == Site(study_ke...st_updated='')
E
E         Full diff:
E         - Site(study_key='mjltyq', site_id=6854, site_name='Initech', site_enrollment_status='Enrollment Open', date_created='2026-01-21 20:21:37', date_modified='2026-06-01 20:21:37', last_updated='')
E         ?                                                                                                                                                                                             ^^
E         + Site(study_key='mjltyq', site_id=6854, site_name='Initech', site_enrollment_status='Enrollment Open', date_created='2026-01-21 20:21:37', date_modified='2026-06-01 20:21:37', last...
E
E         ...Full output truncated (2 lines hidden), use '-vv' to show

tests/unit/test_json_roundtrip.py:46: AssertionError</failure></testcase><testcase classname="tests.unit.test_json_roundtrip" name="test_json_roundtrip[Study-fake_study]" time="0.006"><failure message="AssertionError: assert Study(sponsor..._updated=None) == Study(sponsor...st_updated='')&#10;  &#10;  Full diff:&#10;  - Study(sponsor_key='vpxijuxi', study_key='whxxzd', study_id=4778, study_name='Data', study_description='Example mock fake.', study_type='Clinical', date_created='2026-06-18 20:21:37', date_modified='2025-09-17 20:21:37', last_updated='')&#10;  ?                                                                                                                                                                                                                                          ^^&#10;  + Study(sponsor_key='vpxijuxi', study_key='whxxzd', study_id=4778, study_name='Data', study...&#10;  &#10;  ...Full output truncated (2 lines hidden), use '-vv' to show">cls = &lt;class 'imednet.models.engine.Study'&gt;
payload_func = &lt;function fake_study at 0x7fcf721b1260&gt;

    @pytest.mark.parametrize(
        ("cls", "payload_func"),
        [
            (Coding, fake_data.fake_coding),
            (Form, fake_data.fake_form),
            (Interval, fake_data.fake_interval),
            (Job, fake_data.fake_job),
            (Query, fake_data.fake_query),
            (Record, fake_data.fake_record),
            (RecordRevision, fake_data.fake_record_revision),
            (Site, fake_data.fake_site),
            (Study, fake_data.fake_study),
            (Subject, fake_data.fake_subject),
            (User, fake_data.fake_user),
            (Variable, fake_data.fake_variable),
            (Visit, fake_data.fake_visit),
        ],
    )
    def test_json_roundtrip(cls, payload_func):
        """Test that json roundtrip."""
        payload = payload_func()
        model = cls.from_json(payload)
        dumped = model.model_dump(by_alias=True)
&gt;       assert cls.from_json(dumped) == model
E       AssertionError: assert Study(sponsor..._updated=None) == Study(sponsor...st_updated='')
E
E         Full diff:
E         - Study(sponsor_key='vpxijuxi', study_key='whxxzd', study_id=4778, study_name='Data', study_description='Example mock fake.', study_type='Clinical', date_created='2026-06-18 20:21:37', date_modified='2025-09-17 20:21:37', last_updated='')
E         ?                                                                                                                                                                                                                                          ^^
E         + Study(sponsor_key='vpxijuxi', study_key='whxxzd', study_id=4778, study_name='Data', study...
E
E         ...Full output truncated (2 lines hidden), use '-vv' to show

tests/unit/test_json_roundtrip.py:46: AssertionError</failure></testcase><testcase classname="tests.unit.test_json_roundtrip" name="test_json_roundtrip[Subject-fake_subject]" time="0.006"><failure message="AssertionError: assert Subject(keywo..._updated=None) == Subject(keywo...st_updated='')&#10;  &#10;  Full diff:&#10;  - Subject(keywords=[], study_key='kvzfgf', subject_id=4068, subject_key='10-242', subject_status='Screened', site_id=9575, site_name='Globex', deleted=False, date_created='2026-05-16 20:21:37', date_modified='2025-08-14 20:21:37', enrollment_start_date='2026-06-11 20:21:37', subject_oid='6596eb32-6aa0-4a35-9209-fe05f43b7caf', last_updated='')&#10;  ?                                                                                                                                                                                                                             ...&#10;  &#10;  ...Full output truncated (3 lines hidden), use '-vv' to show">cls = &lt;class 'imednet.models.engine.Subject'&gt;
payload_func = &lt;function fake_subject at 0x7fcf72143ec0&gt;

    @pytest.mark.parametrize(
        ("cls", "payload_func"),
        [
            (Coding, fake_data.fake_coding),
            (Form, fake_data.fake_form),
            (Interval, fake_data.fake_interval),
            (Job, fake_data.fake_job),
            (Query, fake_data.fake_query),
            (Record, fake_data.fake_record),
            (RecordRevision, fake_data.fake_record_revision),
            (Site, fake_data.fake_site),
            (Study, fake_data.fake_study),
            (Subject, fake_data.fake_subject),
            (User, fake_data.fake_user),
            (Variable, fake_data.fake_variable),
            (Visit, fake_data.fake_visit),
        ],
    )
    def test_json_roundtrip(cls, payload_func):
        """Test that json roundtrip."""
        payload = payload_func()
        model = cls.from_json(payload)
        dumped = model.model_dump(by_alias=True)
&gt;       assert cls.from_json(dumped) == model
E       AssertionError: assert Subject(keywo..._updated=None) == Subject(keywo...st_updated='')
E
E         Full diff:
E         - Subject(keywords=[], study_key='kvzfgf', subject_id=4068, subject_key='10-242', subject_status='Screened', site_id=9575, site_name='Globex', deleted=False, date_created='2026-05-16 20:21:37', date_modified='2025-08-14 20:21:37', enrollment_start_date='2026-06-11 20:21:37', subject_oid='6596eb32-6aa0-4a35-9209-fe05f43b7caf', last_updated='')
E         ?                                                                                                                                                                                                                             ...
E
E         ...Full output truncated (3 lines hidden), use '-vv' to show

tests/unit/test_json_roundtrip.py:46: AssertionError</failure></testcase><testcase classname="tests.unit.test_json_roundtrip" name="test_json_roundtrip[User-fake_user]" time="0.004" /><testcase classname="tests.unit.test_json_roundtrip" name="test_json_roundtrip[Variable-fake_variable]" time="0.006"><failure message="AssertionError: assert Variable(labe..._updated=None) == Variable(labe...st_updated='')&#10;  &#10;  Full diff:&#10;  - Variable(label='Test', variable_oid='1c514038-5b8a-43d6-97e2-7aaee84f8bf5', study_key='xfygix', variable_id=4837, variable_type='integer', variable_name='jjix', sequence=56, revision=2, date_created='2025-12-06 20:21:37', date_modified='2025-12-22 20:21:37', form_id=5002, form_key='dvgw', form_name='Mock', blinded=False, deleted=False, disabled=False, last_updated='')&#10;  ?                                                                                                                                                                                                 ...&#10;  &#10;  ...Full output truncated (3 lines hidden), use '-vv' to show">cls = &lt;class 'imednet.models.engine.Variable'&gt;
payload_func = &lt;function fake_variable at 0x7fcf721b0ea0&gt;

    @pytest.mark.parametrize(
        ("cls", "payload_func"),
        [
            (Coding, fake_data.fake_coding),
            (Form, fake_data.fake_form),
            (Interval, fake_data.fake_interval),
            (Job, fake_data.fake_job),
            (Query, fake_data.fake_query),
            (Record, fake_data.fake_record),
            (RecordRevision, fake_data.fake_record_revision),
            (Site, fake_data.fake_site),
            (Study, fake_data.fake_study),
            (Subject, fake_data.fake_subject),
            (User, fake_data.fake_user),
            (Variable, fake_data.fake_variable),
            (Visit, fake_data.fake_visit),
        ],
    )
    def test_json_roundtrip(cls, payload_func):
        """Test that json roundtrip."""
        payload = payload_func()
        model = cls.from_json(payload)
        dumped = model.model_dump(by_alias=True)
&gt;       assert cls.from_json(dumped) == model
E       AssertionError: assert Variable(labe..._updated=None) == Variable(labe...st_updated='')
E
E         Full diff:
E         - Variable(label='Test', variable_oid='1c514038-5b8a-43d6-97e2-7aaee84f8bf5', study_key='xfygix', variable_id=4837, variable_type='integer', variable_name='jjix', sequence=56, revision=2, date_created='2025-12-06 20:21:37', date_modified='2025-12-22 20:21:37', form_id=5002, form_key='dvgw', form_name='Mock', blinded=False, deleted=False, disabled=False, last_updated='')
E         ?                                                                                                                                                                                                 ...
E
E         ...Full output truncated (3 lines hidden), use '-vv' to show

tests/unit/test_json_roundtrip.py:46: AssertionError</failure></testcase><testcase classname="tests.unit.test_json_roundtrip" name="test_json_roundtrip[Visit-fake_visit]" time="0.007"><failure message="AssertionError: assert Visit(visit_i..._updated=None) == Visit(visit_i...st_updated='')&#10;  &#10;  Full diff:&#10;  - Visit(visit_id=1801, study_key='xmpsri', interval_id=923, interval_name='Sample', subject_id=5911, subject_key='945-382', start_date='2025-10-02 20:21:37', end_date='2026-01-30 20:21:37', due_date='2026-06-17 20:21:37', visit_date='2025-11-08 20:21:37', deleted=False, date_created='2026-01-28 20:21:37', date_modified='2026-07-26 20:21:37', visit_date_form='Fake', visit_date_question='mock', last_updated='')&#10;  ?                                                                                                                                                         ...&#10;  &#10;  ...Full output truncated (3 lines hidden), use '-vv' to show">cls = &lt;class 'imednet.models.engine.Visit'&gt;
payload_func = &lt;function fake_visit at 0x7fcf721b1080&gt;

    @pytest.mark.parametrize(
        ("cls", "payload_func"),
        [
            (Coding, fake_data.fake_coding),
            (Form, fake_data.fake_form),
            (Interval, fake_data.fake_interval),
            (Job, fake_data.fake_job),
            (Query, fake_data.fake_query),
            (Record, fake_data.fake_record),
            (RecordRevision, fake_data.fake_record_revision),
            (Site, fake_data.fake_site),
            (Study, fake_data.fake_study),
            (Subject, fake_data.fake_subject),
            (User, fake_data.fake_user),
            (Variable, fake_data.fake_variable),
            (Visit, fake_data.fake_visit),
        ],
    )
    def test_json_roundtrip(cls, payload_func):
        """Test that json roundtrip."""
        payload = payload_func()
        model = cls.from_json(payload)
        dumped = model.model_dump(by_alias=True)
&gt;       assert cls.from_json(dumped) == model
E       AssertionError: assert Visit(visit_i..._updated=None) == Visit(visit_i...st_updated='')
E
E         Full diff:
E         - Visit(visit_id=1801, study_key='xmpsri', interval_id=923, interval_name='Sample', subject_id=5911, subject_key='945-382', start_date='2025-10-02 20:21:37', end_date='2026-01-30 20:21:37', due_date='2026-06-17 20:21:37', visit_date='2025-11-08 20:21:37', deleted=False, date_created='2026-01-28 20:21:37', date_modified='2026-07-26 20:21:37', visit_date_form='Fake', visit_date_question='mock', last_updated='')
E         ?                                                                                                                                                         ...
E
E         ...Full output truncated (3 lines hidden), use '-vv' to show

tests/unit/test_json_roundtrip.py:46: AssertionError</failure></testcase><testcase classname="tests.unit.test_json_roundtrip" name="test_fake_forms_for_cache" time="0.004" /><testcase classname="tests.unit.test_json_roundtrip" name="test_fake_variables_for_cache" time="0.004" /><testcase classname="tests.unit.test_live_network_guard" name="test_live_path_bypasses_respx_guard" time="0.004" /><testcase classname="tests.unit.test_live_network_guard" name="test_non_live_path_activates_respx_guard" time="0.004" /><testcase classname="tests.unit.test_live_network_guard" name="test_live_marker_bypasses_guard_outside_live_directory" time="0.003" /><testcase classname="tests.unit.test_models" name="test_model_instantiation_and_dump[ApiResponse]" time="0.004" /><testcase classname="tests.unit.test_models" name="test_model_instantiation_and_dump[Error]" time="0.003" /><testcase classname="tests.unit.test_models" name="test_model_instantiation_and_dump[ImednetBaseModel]" time="0.003" /><testcase classname="tests.unit.test_models" name="test_model_instantiation_and_dump[Metadata]" time="0.004" /><testcase classname="tests.unit.test_models" name="test_model_instantiation_and_dump[Pagination]" time="0.003" /><testcase classname="tests.unit.test_models" name="test_model_instantiation_and_dump[SortField]" time="0.003" /><testcase classname="tests.unit.test_models" name="test_model_instantiation_and_dump[Coding]" time="0.004" /><testcase classname="tests.unit.test_models" name="test_model_instantiation_and_dump[Form]" time="0.003" /><testcase classname="tests.unit.test_models" name="test_model_instantiation_and_dump[FormSummary]" time="0.003" /><testcase classname="tests.unit.test_models" name="test_model_instantiation_and_dump[Interval]" time="0.003" /><testcase classname="tests.unit.test_models" name="test_model_instantiation_and_dump[Job]" time="0.003" /><testcase classname="tests.unit.test_models" name="test_model_instantiation_and_dump[JobStatus]" time="0.003" /><testcase classname="tests.unit.test_models" name="test_model_instantiation_and_dump[Query]" time="0.004" /><testcase classname="tests.unit.test_models" name="test_model_instantiation_and_dump[QueryComment]" time="0.003" /><testcase classname="tests.unit.test_models" name="test_model_instantiation_and_dump[RecordRevision]" time="0.003" /><testcase classname="tests.unit.test_models" name="test_model_instantiation_and_dump[BaseRecordRequest]" time="0.003" /><testcase classname="tests.unit.test_models" name="test_model_instantiation_and_dump[CreateNewRecordRequest]" time="0.003" /><testcase classname="tests.unit.test_models" name="test_model_instantiation_and_dump[Keyword]" time="0.003" /><testcase classname="tests.unit.test_models" name="test_model_instantiation_and_dump[Record]" time="0.003" /><testcase classname="tests.unit.test_models" name="test_model_instantiation_and_dump[RecordData]" time="0.003" /><testcase classname="tests.unit.test_models" name="test_model_instantiation_and_dump[RecordJobResponse]" time="0.004" /><testcase classname="tests.unit.test_models" name="test_model_instantiation_and_dump[RegisterSubjectRequest]" time="0.003" /><testcase classname="tests.unit.test_models" name="test_model_instantiation_and_dump[UpdateScheduledRecordRequest]" time="0.003" /><testcase classname="tests.unit.test_models" name="test_model_instantiation_and_dump[AdverseEvent]" time="0.004" /><testcase classname="tests.unit.test_models" name="test_model_instantiation_and_dump[AnalysisAdverseEvent]" time="0.004" /><testcase classname="tests.unit.test_models" name="test_model_instantiation_and_dump[AnalysisLabResult]" time="0.003" /><testcase classname="tests.unit.test_models" name="test_model_instantiation_and_dump[DeviceDeficiency]" time="0.003" /><testcase classname="tests.unit.test_models" name="test_model_instantiation_and_dump[ProtocolDeviation]" time="0.003" /><testcase classname="tests.unit.test_models" name="test_model_instantiation_and_dump[SubjectLevelAnalysis]" time="0.003" /><testcase classname="tests.unit.test_models" name="test_model_instantiation_and_dump[Site]" time="0.003" /><testcase classname="tests.unit.test_models" name="test_model_instantiation_and_dump[ValidationViolation]" time="0.003" /><testcase classname="tests.unit.test_models" name="test_model_instantiation_and_dump[Study]" time="0.003" /><testcase classname="tests.unit.test_models" name="test_model_instantiation_and_dump[MappingRule]" time="0.003" /><testcase classname="tests.unit.test_models" name="test_model_instantiation_and_dump[StudyConfiguration]" time="0.004" /><testcase classname="tests.unit.test_models" name="test_model_instantiation_and_dump[WidgetConfig]" time="0.003" /><testcase classname="tests.unit.test_models" name="test_model_instantiation_and_dump[FormStructure]" time="0.004" /><testcase classname="tests.unit.test_models" name="test_model_instantiation_and_dump[IntervalStructure]" time="0.004" /><testcase classname="tests.unit.test_models" name="test_model_instantiation_and_dump[StudyStructure]" time="0.004" /><testcase classname="tests.unit.test_models" name="test_model_instantiation_and_dump[Subject]" time="0.004" /><testcase classname="tests.unit.test_models" name="test_model_instantiation_and_dump[SubjectKeyword]" time="0.003" /><testcase classname="tests.unit.test_models" name="test_model_instantiation_and_dump[TriageAnnotation]" time="0.003" /><testcase classname="tests.unit.test_models" name="test_model_instantiation_and_dump[TriageHistoryEntry]" time="0.004" /><testcase classname="tests.unit.test_models" name="test_model_instantiation_and_dump[TriageItem]" time="0.004" /><testcase classname="tests.unit.test_models" name="test_model_instantiation_and_dump[Role]" time="0.004" /><testcase classname="tests.unit.test_models" name="test_model_instantiation_and_dump[User]" time="0.003" /><testcase classname="tests.unit.test_models" name="test_model_instantiation_and_dump[Variable]" time="0.005" /><testcase classname="tests.unit.test_models" name="test_model_instantiation_and_dump[Visit]" time="0.003" /><testcase classname="tests.unit.test_models" name="test_missing_required_fields[ApiResponse]" time="0.004" /><testcase classname="tests.unit.test_models" name="test_missing_required_fields[Error]" time="0.003" /><testcase classname="tests.unit.test_models" name="test_missing_required_fields[ImednetBaseModel]" time="0.003" /><testcase classname="tests.unit.test_models" name="test_missing_required_fields[Metadata]" time="0.004" /><testcase classname="tests.unit.test_models" name="test_missing_required_fields[Pagination]" time="0.004" /><testcase classname="tests.unit.test_models" name="test_missing_required_fields[SortField]" time="0.004" /><testcase classname="tests.unit.test_models" name="test_missing_required_fields[Coding]" time="0.003" /><testcase classname="tests.unit.test_models" name="test_missing_required_fields[Form]" time="0.003" /><testcase classname="tests.unit.test_models" name="test_missing_required_fields[FormSummary]" time="0.003" /><testcase classname="tests.unit.test_models" name="test_missing_required_fields[Interval]" time="0.003" /><testcase classname="tests.unit.test_models" name="test_missing_required_fields[Job]" time="0.003" /><testcase classname="tests.unit.test_models" name="test_missing_required_fields[JobStatus]" time="0.003" /><testcase classname="tests.unit.test_models" name="test_missing_required_fields[Query]" time="0.003" /><testcase classname="tests.unit.test_models" name="test_missing_required_fields[QueryComment]" time="0.003" /><testcase classname="tests.unit.test_models" name="test_missing_required_fields[RecordRevision]" time="0.003" /><testcase classname="tests.unit.test_models" name="test_missing_required_fields[BaseRecordRequest]" time="0.003" /><testcase classname="tests.unit.test_models" name="test_missing_required_fields[CreateNewRecordRequest]" time="0.003" /><testcase classname="tests.unit.test_models" name="test_missing_required_fields[Keyword]" time="0.003" /><testcase classname="tests.unit.test_models" name="test_missing_required_fields[Record]" time="0.003" /><testcase classname="tests.unit.test_models" name="test_missing_required_fields[RecordData]" time="0.003" /><testcase classname="tests.unit.test_models" name="test_missing_required_fields[RecordJobResponse]" time="0.003" /><testcase classname="tests.unit.test_models" name="test_missing_required_fields[RegisterSubjectRequest]" time="0.003" /><testcase classname="tests.unit.test_models" name="test_missing_required_fields[UpdateScheduledRecordRequest]" time="0.003" /><testcase classname="tests.unit.test_models" name="test_missing_required_fields[AdverseEvent]" time="0.004" /><testcase classname="tests.unit.test_models" name="test_missing_required_fields[AnalysisAdverseEvent]" time="0.003" /><testcase classname="tests.unit.test_models" name="test_missing_required_fields[AnalysisLabResult]" time="0.004" /><testcase classname="tests.unit.test_models" name="test_missing_required_fields[DeviceDeficiency]" time="0.004" /><testcase classname="tests.unit.test_models" name="test_missing_required_fields[ProtocolDeviation]" time="0.004" /><testcase classname="tests.unit.test_models" name="test_missing_required_fields[SubjectLevelAnalysis]" time="0.004" /><testcase classname="tests.unit.test_models" name="test_missing_required_fields[Site]" time="0.003" /><testcase classname="tests.unit.test_models" name="test_missing_required_fields[ValidationViolation]" time="0.003" /><testcase classname="tests.unit.test_models" name="test_missing_required_fields[Study]" time="0.003" /><testcase classname="tests.unit.test_models" name="test_missing_required_fields[MappingRule]" time="0.004" /><testcase classname="tests.unit.test_models" name="test_missing_required_fields[StudyConfiguration]" time="0.004" /><testcase classname="tests.unit.test_models" name="test_missing_required_fields[WidgetConfig]" time="0.004" /><testcase classname="tests.unit.test_models" name="test_missing_required_fields[FormStructure]" time="0.004" /><testcase classname="tests.unit.test_models" name="test_missing_required_fields[IntervalStructure]" time="0.004" /><testcase classname="tests.unit.test_models" name="test_missing_required_fields[StudyStructure]" time="0.004" /><testcase classname="tests.unit.test_models" name="test_missing_required_fields[Subject]" time="0.003" /><testcase classname="tests.unit.test_models" name="test_missing_required_fields[SubjectKeyword]" time="0.003" /><testcase classname="tests.unit.test_models" name="test_missing_required_fields[TriageAnnotation]" time="0.004" /><testcase classname="tests.unit.test_models" name="test_missing_required_fields[TriageHistoryEntry]" time="0.004" /><testcase classname="tests.unit.test_models" name="test_missing_required_fields[TriageItem]" time="0.003" /><testcase classname="tests.unit.test_models" name="test_missing_required_fields[Role]" time="0.003" /><testcase classname="tests.unit.test_models" name="test_missing_required_fields[User]" time="0.003" /><testcase classname="tests.unit.test_models" name="test_missing_required_fields[Variable]" time="0.003" /><testcase classname="tests.unit.test_models" name="test_missing_required_fields[Visit]" time="0.003" /><testcase classname="tests.unit.test_models" name="test_invalid_int_defaults[ApiResponse]" time="0.003"><skipped type="pytest.skip" message="no int field">/app/tests/unit/test_models.py:109: no int field</skipped></testcase><testcase classname="tests.unit.test_models" name="test_invalid_int_defaults[Error]" time="0.003"><skipped type="pytest.skip" message="no int field">/app/tests/unit/test_models.py:109: no int field</skipped></testcase><testcase classname="tests.unit.test_models" name="test_invalid_int_defaults[ImednetBaseModel]" time="0.003"><skipped type="pytest.skip" message="no int field">/app/tests/unit/test_models.py:109: no int field</skipped></testcase><testcase classname="tests.unit.test_models" name="test_invalid_int_defaults[Metadata]" time="0.003"><skipped type="pytest.skip" message="no int field">/app/tests/unit/test_models.py:109: no int field</skipped></testcase><testcase classname="tests.unit.test_models" name="test_invalid_int_defaults[Pagination]" time="0.004" /><testcase classname="tests.unit.test_models" name="test_invalid_int_defaults[SortField]" time="0.003"><skipped type="pytest.skip" message="no int field">/app/tests/unit/test_models.py:109: no int field</skipped></testcase><testcase classname="tests.unit.test_models" name="test_invalid_int_defaults[Coding]" time="0.003"><skipped type="pytest.skip" message="no int field">/app/tests/unit/test_models.py:109: no int field</skipped></testcase><testcase classname="tests.unit.test_models" name="test_invalid_int_defaults[Form]" time="0.003"><skipped type="pytest.skip" message="no int field">/app/tests/unit/test_models.py:109: no int field</skipped></testcase><testcase classname="tests.unit.test_models" name="test_invalid_int_defaults[FormSummary]" time="0.003" /><testcase classname="tests.unit.test_models" name="test_invalid_int_defaults[Interval]" time="0.003"><skipped type="pytest.skip" message="no int field">/app/tests/unit/test_models.py:109: no int field</skipped></testcase><testcase classname="tests.unit.test_models" name="test_invalid_int_defaults[Job]" time="0.003"><skipped type="pytest.skip" message="no int field">/app/tests/unit/test_models.py:109: no int field</skipped></testcase><testcase classname="tests.unit.test_models" name="test_invalid_int_defaults[JobStatus]" time="0.004"><skipped type="pytest.skip" message="no int field">/app/tests/unit/test_models.py:109: no int field</skipped></testcase><testcase classname="tests.unit.test_models" name="test_invalid_int_defaults[Query]" time="0.003"><skipped type="pytest.skip" message="no int field">/app/tests/unit/test_models.py:109: no int field</skipped></testcase><testcase classname="tests.unit.test_models" name="test_invalid_int_defaults[QueryComment]" time="0.004"><skipped type="pytest.skip" message="no int field">/app/tests/unit/test_models.py:109: no int field</skipped></testcase><testcase classname="tests.unit.test_models" name="test_invalid_int_defaults[RecordRevision]" time="0.003"><skipped type="pytest.skip" message="no int field">/app/tests/unit/test_models.py:109: no int field</skipped></testcase><testcase classname="tests.unit.test_models" name="test_invalid_int_defaults[BaseRecordRequest]" time="0.003"><skipped type="pytest.skip" message="no int field">/app/tests/unit/test_models.py:109: no int field</skipped></testcase><testcase classname="tests.unit.test_models" name="test_invalid_int_defaults[CreateNewRecordRequest]" time="0.004"><skipped type="pytest.skip" message="no int field">/app/tests/unit/test_models.py:109: no int field</skipped></testcase><testcase classname="tests.unit.test_models" name="test_invalid_int_defaults[Keyword]" time="0.003"><skipped type="pytest.skip" message="no int field">/app/tests/unit/test_models.py:109: no int field</skipped></testcase><testcase classname="tests.unit.test_models" name="test_invalid_int_defaults[Record]" time="0.003"><skipped type="pytest.skip" message="no int field">/app/tests/unit/test_models.py:109: no int field</skipped></testcase><testcase classname="tests.unit.test_models" name="test_invalid_int_defaults[RecordData]" time="0.003"><skipped type="pytest.skip" message="root model">/app/tests/unit/test_models.py:99: root model</skipped></testcase><testcase classname="tests.unit.test_models" name="test_invalid_int_defaults[RecordJobResponse]" time="0.003"><skipped type="pytest.skip" message="no int field">/app/tests/unit/test_models.py:109: no int field</skipped></testcase><testcase classname="tests.unit.test_models" name="test_invalid_int_defaults[RegisterSubjectRequest]" time="0.004"><skipped type="pytest.skip" message="no int field">/app/tests/unit/test_models.py:109: no int field</skipped></testcase><testcase classname="tests.unit.test_models" name="test_invalid_int_defaults[UpdateScheduledRecordRequest]" time="0.003"><skipped type="pytest.skip" message="no int field">/app/tests/unit/test_models.py:109: no int field</skipped></testcase><testcase classname="tests.unit.test_models" name="test_invalid_int_defaults[AdverseEvent]" time="0.003"><skipped type="pytest.skip" message="no int field">/app/tests/unit/test_models.py:109: no int field</skipped></testcase><testcase classname="tests.unit.test_models" name="test_invalid_int_defaults[AnalysisAdverseEvent]" time="0.004"><skipped type="pytest.skip" message="no int field">/app/tests/unit/test_models.py:109: no int field</skipped></testcase><testcase classname="tests.unit.test_models" name="test_invalid_int_defaults[AnalysisLabResult]" time="0.003"><skipped type="pytest.skip" message="no int field">/app/tests/unit/test_models.py:109: no int field</skipped></testcase><testcase classname="tests.unit.test_models" name="test_invalid_int_defaults[DeviceDeficiency]" time="0.004"><skipped type="pytest.skip" message="no int field">/app/tests/unit/test_models.py:109: no int field</skipped></testcase><testcase classname="tests.unit.test_models" name="test_invalid_int_defaults[ProtocolDeviation]" time="0.003"><skipped type="pytest.skip" message="no int field">/app/tests/unit/test_models.py:109: no int field</skipped></testcase><testcase classname="tests.unit.test_models" name="test_invalid_int_defaults[SubjectLevelAnalysis]" time="0.003"><skipped type="pytest.skip" message="no int field">/app/tests/unit/test_models.py:109: no int field</skipped></testcase><testcase classname="tests.unit.test_models" name="test_invalid_int_defaults[Site]" time="0.003"><skipped type="pytest.skip" message="no int field">/app/tests/unit/test_models.py:109: no int field</skipped></testcase><testcase classname="tests.unit.test_models" name="test_invalid_int_defaults[ValidationViolation]" time="0.003"><skipped type="pytest.skip" message="no int field">/app/tests/unit/test_models.py:109: no int field</skipped></testcase><testcase classname="tests.unit.test_models" name="test_invalid_int_defaults[Study]" time="0.004"><skipped type="pytest.skip" message="no int field">/app/tests/unit/test_models.py:109: no int field</skipped></testcase><testcase classname="tests.unit.test_models" name="test_invalid_int_defaults[MappingRule]" time="0.003"><skipped type="pytest.skip" message="no int field">/app/tests/unit/test_models.py:109: no int field</skipped></testcase><testcase classname="tests.unit.test_models" name="test_invalid_int_defaults[StudyConfiguration]" time="0.003"><skipped type="pytest.skip" message="no int field">/app/tests/unit/test_models.py:109: no int field</skipped></testcase><testcase classname="tests.unit.test_models" name="test_invalid_int_defaults[WidgetConfig]" time="0.003" /><testcase classname="tests.unit.test_models" name="test_invalid_int_defaults[FormStructure]" time="0.003"><skipped type="pytest.skip" message="no int field">/app/tests/unit/test_models.py:109: no int field</skipped></testcase><testcase classname="tests.unit.test_models" name="test_invalid_int_defaults[IntervalStructure]" time="0.003"><skipped type="pytest.skip" message="no int field">/app/tests/unit/test_models.py:109: no int field</skipped></testcase><testcase classname="tests.unit.test_models" name="test_invalid_int_defaults[StudyStructure]" time="0.004"><skipped type="pytest.skip" message="no int field">/app/tests/unit/test_models.py:109: no int field</skipped></testcase><testcase classname="tests.unit.test_models" name="test_invalid_int_defaults[Subject]" time="0.003"><skipped type="pytest.skip" message="no int field">/app/tests/unit/test_models.py:109: no int field</skipped></testcase><testcase classname="tests.unit.test_models" name="test_invalid_int_defaults[SubjectKeyword]" time="0.003" /><testcase classname="tests.unit.test_models" name="test_invalid_int_defaults[TriageAnnotation]" time="0.003"><skipped type="pytest.skip" message="no int field">/app/tests/unit/test_models.py:109: no int field</skipped></testcase><testcase classname="tests.unit.test_models" name="test_invalid_int_defaults[TriageHistoryEntry]" time="0.003"><skipped type="pytest.skip" message="no int field">/app/tests/unit/test_models.py:109: no int field</skipped></testcase><testcase classname="tests.unit.test_models" name="test_invalid_int_defaults[TriageItem]" time="0.003"><skipped type="pytest.skip" message="no int field">/app/tests/unit/test_models.py:109: no int field</skipped></testcase><testcase classname="tests.unit.test_models" name="test_invalid_int_defaults[Role]" time="0.004"><skipped type="pytest.skip" message="no int field">/app/tests/unit/test_models.py:109: no int field</skipped></testcase><testcase classname="tests.unit.test_models" name="test_invalid_int_defaults[User]" time="0.003"><skipped type="pytest.skip" message="no int field">/app/tests/unit/test_models.py:109: no int field</skipped></testcase><testcase classname="tests.unit.test_models" name="test_invalid_int_defaults[Variable]" time="0.003"><skipped type="pytest.skip" message="no int field">/app/tests/unit/test_models.py:109: no int field</skipped></testcase><testcase classname="tests.unit.test_models" name="test_invalid_int_defaults[Visit]" time="0.003"><skipped type="pytest.skip" message="no int field">/app/tests/unit/test_models.py:109: no int field</skipped></testcase><testcase classname="tests.unit.test_models" name="test_job_properties" time="0.003" /><testcase classname="tests.unit.test_models" name="test_job_status_progress_parsing" time="0.003" /><testcase classname="tests.unit.test_models" name="test_study_structure_methods" time="0.004" /><testcase classname="tests.unit.test_models" name="test_visit_clean_empty_dates" time="0.003" /><testcase classname="tests.unit.test_models" name="test_study_structure_study" time="0.003" /><testcase classname="tests.unit.test_models" name="test_job_status_record_counts" time="0.003" /><testcase classname="tests.unit.test_models_base_extra" name="test_sort_field_defaults" time="0.004" /><testcase classname="tests.unit.test_models_base_extra" name="test_pagination_aliases_and_defaults" time="0.003" /><testcase classname="tests.unit.test_models_base_extra" name="test_error_and_metadata_parsing" time="0.003" /><testcase classname="tests.unit.test_models_base_extra" name="test_api_response_generic" time="0.005" /><testcase classname="tests.unit.test_models_base_extra" name="test_imednet_base_model_exists" time="0.003" /><testcase classname="tests.unit.test_models_base_extra" name="test_study_ignores_undocumented_fields" time="0.003" /><testcase classname="tests.unit.test_models_base_extra" name="test_site_ignores_undocumented_fields" time="0.003" /><testcase classname="tests.unit.test_models_base_extra" name="test_subject_ignores_undocumented_fields" time="0.003" /><testcase classname="tests.unit.test_models_base_extra" name="test_record_ignores_undocumented_fields" time="0.003" /><testcase classname="tests.unit.test_models_base_extra" name="test_job_ignores_undocumented_fields" time="0.003" /><testcase classname="tests.unit.test_models_base_extra" name="test_user_ignores_undocumented_fields" time="0.003" /><testcase classname="tests.unit.test_models_base_extra" name="test_study_structure_ignores_undocumented_fields" time="0.003" /><testcase classname="tests.unit.test_models_base_extra" name="test_job_status_ignores_undocumented_fields" time="0.003" /><testcase classname="tests.unit.test_models_base_extra" name="test_study_survives_null_informational_fields" time="0.003" /><testcase classname="tests.unit.test_models_base_extra" name="test_site_survives_null_site_name" time="0.003" /><testcase classname="tests.unit.test_models_base_extra" name="test_subject_survives_null_status" time="0.003" /><testcase classname="tests.unit.test_models_validators" name="test_parse_bool_comprehensive[True-True0]" time="0.004" /><testcase classname="tests.unit.test_models_validators" name="test_parse_bool_comprehensive[False-False0]" time="0.003" /><testcase classname="tests.unit.test_models_validators" name="test_parse_bool_comprehensive[true-True]" time="0.003" /><testcase classname="tests.unit.test_models_validators" name="test_parse_bool_comprehensive[True-True1]" time="0.003" /><testcase classname="tests.unit.test_models_validators" name="test_parse_bool_comprehensive[TRUE-True]" time="0.003" /><testcase classname="tests.unit.test_models_validators" name="test_parse_bool_comprehensive[1-True0]" time="0.003" /><testcase classname="tests.unit.test_models_validators" name="test_parse_bool_comprehensive[yes-True]" time="0.003" /><testcase classname="tests.unit.test_models_validators" name="test_parse_bool_comprehensive[y-True]" time="0.004" /><testcase classname="tests.unit.test_models_validators" name="test_parse_bool_comprehensive[t-True]" time="0.003" /><testcase classname="tests.unit.test_models_validators" name="test_parse_bool_comprehensive[false-False]" time="0.003" /><testcase classname="tests.unit.test_models_validators" name="test_parse_bool_comprehensive[False-False1]" time="0.003" /><testcase classname="tests.unit.test_models_validators" name="test_parse_bool_comprehensive[FALSE-False]" time="0.003" /><testcase classname="tests.unit.test_models_validators" name="test_parse_bool_comprehensive[0-False0]" time="0.003" /><testcase classname="tests.unit.test_models_validators" name="test_parse_bool_comprehensive[no-False]" time="0.003" /><testcase classname="tests.unit.test_models_validators" name="test_parse_bool_comprehensive[n-False]" time="0.003" /><testcase classname="tests.unit.test_models_validators" name="test_parse_bool_comprehensive[f-False]" time="0.003" /><testcase classname="tests.unit.test_models_validators" name="test_parse_bool_comprehensive[ true -True]" time="0.003" /><testcase classname="tests.unit.test_models_validators" name="test_parse_bool_comprehensive[ Yes -True]" time="0.003" /><testcase classname="tests.unit.test_models_validators" name="test_parse_bool_comprehensive[TrUe-True]" time="0.003" /><testcase classname="tests.unit.test_models_validators" name="test_parse_bool_comprehensive[ FALSE -False]" time="0.003" /><testcase classname="tests.unit.test_models_validators" name="test_parse_bool_comprehensive[ No -False]" time="0.003" /><testcase classname="tests.unit.test_models_validators" name="test_parse_bool_comprehensive[FaLsE-False]" time="0.003" /><testcase classname="tests.unit.test_models_validators" name="test_parse_bool_comprehensive[1-True1]" time="0.003" /><testcase classname="tests.unit.test_models_validators" name="test_parse_bool_comprehensive[0-False1]" time="0.003" /><testcase classname="tests.unit.test_models_validators" name="test_parse_bool_comprehensive[1.0-True]" time="0.004" /><testcase classname="tests.unit.test_models_validators" name="test_parse_bool_comprehensive[0.0-False]" time="0.003" /><testcase classname="tests.unit.test_models_validators" name="test_parse_bool_comprehensive[-1-True]" time="0.003" /><testcase classname="tests.unit.test_models_validators" name="test_parse_bool_comprehensive[None-False]" time="0.003" /><testcase classname="tests.unit.test_models_validators" name="test_parse_bool_comprehensive[maybe-False]" time="0.004" /><testcase classname="tests.unit.test_models_validators" name="test_parse_bool_comprehensive[-False]" time="0.003" /><testcase classname="tests.unit.test_models_validators" name="test_parse_bool_comprehensive[input_val30-False]" time="0.004" /><testcase classname="tests.unit.test_models_validators" name="test_parse_bool_comprehensive[input_val31-False]" time="0.004" /><testcase classname="tests.unit.test_models_validators" name="test_parse_int_or_default_and_str_default" time="0.003" /><testcase classname="tests.unit.test_models_validators" name="test_parse_list_and_dict_helpers" time="0.004" /><testcase classname="tests.unit.test_models_validators" name="test_parse_datetime_wrapper" time="0.003" /><testcase classname="tests.unit.test_models_validators" name="test_parse_datetime_default_date" time="0.003" /><testcase classname="tests.unit.test_models_validators" name="test_parse_datetime_parses_strings" time="0.003" /><testcase classname="tests.unit.test_models_validators" name="test_parse_datetime_numeric" time="0.003" /><testcase classname="tests.unit.test_models_validators" name="test_parse_bool_string_float" time="0.003" /><testcase classname="tests.unit.test_models_validators" name="test_parse_dict_or_default_structural_shift" time="0.004" /><testcase classname="tests.unit.test_models_validators" name="test_parse_list_or_default_structural_shift" time="0.004" /><testcase classname="tests.unit.test_models_validators" name="test_parse_bool_invalid_float" time="0.003" /><testcase classname="tests.unit.test_openapi_ingestion" name="test_openapi_ingestion" time="0.008" /><testcase classname="tests.unit.test_operation_get" name="test_filter_get_operation_returns_first_result" time="0.004" /><testcase classname="tests.unit.test_operation_get" name="test_filter_get_operation_async_missing_callable" time="0.005" /><testcase classname="tests.unit.test_operation_get" name="test_path_get_operation_not_found_callback" time="0.004" /><testcase classname="tests.unit.test_operation_get" name="test_path_get_operation_calls_parse_func" time="0.005" /><testcase classname="tests.unit.test_operation_list" name="test_list_operation_sync_uses_paginator" time="0.004" /><testcase classname="tests.unit.test_operation_list" name="test_list_operation_async_uses_paginator" time="0.005" /><testcase classname="tests.unit.test_orchestration_logging" name="test_study_context_log_adapter_exposes_study_key" time="0.004" /><testcase classname="tests.unit.test_orchestration_logging" name="test_study_context_log_adapter_process_injects_study_key" time="0.003" /><testcase classname="tests.unit.test_orchestration_logging" name="test_study_context_log_adapter_process_overrides_extra_study_key" time="0.003" /><testcase classname="tests.unit.test_orchestration_logging" name="test_make_study_logger_uses_orchestration_logger" time="0.003" /><testcase classname="tests.unit.test_orchestration_types" name="test_study_worker_callable_runtime_check" time="0.003" /><testcase classname="tests.unit.test_orchestration_types" name="test_non_callable_does_not_satisfy_study_worker_callable" time="0.003" /><testcase classname="tests.unit.test_orchestration_types" name="test_orchestrator_result_allows_partial_keys" time="0.003" /><testcase classname="tests.unit.test_orchestrator" name="test_orchestrator_is_instantiable_with_default_max_workers" time="0.003" /><testcase classname="tests.unit.test_orchestrator" name="test_orchestrator_raises_for_invalid_max_workers" time="0.003" /><testcase classname="tests.unit.test_orchestrator" name="test_resolve_active_studies_returns_all_study_keys" time="0.005" /><testcase classname="tests.unit.test_orchestrator" name="test_resolve_active_studies_applies_whitelist" time="0.004" /><testcase classname="tests.unit.test_orchestrator" name="test_resolve_active_studies_applies_blacklist" time="0.004" /><testcase classname="tests.unit.test_orchestrator" name="test_resolve_active_studies_raises_on_conflicting_filters_before_network_call" time="0.004" /><testcase classname="tests.unit.test_orchestrator" name="test_resolve_active_studies_with_empty_filter_sets_returns_all_studies" time="0.004" /><testcase classname="tests.unit.test_orchestrator" name="test_execute_pipeline_returns_success_results_and_forwards_worker_arguments" time="0.006" /><testcase classname="tests.unit.test_orchestrator" name="test_execute_pipeline_isolates_per_study_failures" time="0.008" /><testcase classname="tests.unit.test_orchestrator" name="test_execute_pipeline_propagates_study_context_to_worker_thread" time="0.006" /><testcase classname="tests.unit.test_orchestrator" name="test_sdk_property_returns_original_sdk" time="0.004" /><testcase classname="tests.unit.test_orchestrator" name="test_max_workers_property_returns_configured_value" time="0.004" /><testcase classname="tests.unit.test_orchestrator" name="test_resolve_active_studies_logs_and_returns_all_when_no_filters" time="0.005" /><testcase classname="tests.unit.test_orchestrator" name="test_resolve_active_studies_logs_whitelist_selection" time="0.005" /><testcase classname="tests.unit.test_orchestrator" name="test_resolve_active_studies_logs_blacklist_selection" time="0.005" /><testcase classname="tests.unit.test_pagination_guarantees" name="test_empty_result_set_stops_immediately" time="0.040" /><testcase classname="tests.unit.test_pagination_guarantees" name="test_single_page_iteration" time="0.040" /><testcase classname="tests.unit.test_pagination_guarantees" name="test_last_page_partial_results" time="0.040" /><testcase classname="tests.unit.test_pagination_guarantees" name="test_missing_cursor_raises_typed_error" time="0.039" /><testcase classname="tests.unit.test_pagination_guarantees" name="test_malformed_cursor_raises_typed_error" time="0.039" /><testcase classname="tests.unit.test_pagination_guarantees" name="test_large_result_set_iteration_is_lazy_and_bounded" time="0.043" /><testcase classname="tests.unit.test_pagination_guarantees" name="test_iteration_can_be_interrupted_and_resumed" time="0.041" /><testcase classname="tests.unit.test_paginator_robustness" name="test_paginator_raises_type_error_on_list_response" time="0.004" /><testcase classname="tests.unit.test_paginator_robustness" name="test_paginator_raises_type_error_on_scalar_response" time="0.004" /><testcase classname="tests.unit.test_paginator_robustness" name="test_paginator_raises_type_error_on_invalid_data_key" time="0.004" /><testcase classname="tests.unit.test_paginator_robustness" name="test_paginator_raises_type_error_on_invalid_pagination_field" time="0.004" /><testcase classname="tests.unit.test_paginator_robustness" name="test_paginator_infinite_loop_protection" time="0.004" /><testcase classname="tests.unit.test_paginator_robustness" name="test_paginator_returns_empty_list_on_null_data" time="0.004" /><testcase classname="tests.unit.test_parquet_engine" name="test_pyarrow_dataset_partitioned_storage_engine_defaults" time="0.005" /><testcase classname="tests.unit.test_parquet_engine" name="test_pyarrow_dataset_partitioned_storage_engine_cleans_staging_on_failure" time="0.005" /><testcase classname="tests.unit.test_parquet_engine" name="test_pyarrow_dataset_partitioned_storage_engine_cleans_visible_dirs_on_commit_failure" time="0.006" /><testcase classname="tests.unit.test_parquet_engine" name="test_pyarrow_dataset_partitioned_storage_engine_schema_drift_duckdb" time="0.034" /><testcase classname="tests.unit.test_parse_bool_float_str" name="test_parse_bool_float_strings[1.0-True]" time="0.004" /><testcase classname="tests.unit.test_parse_bool_float_str" name="test_parse_bool_float_strings[0.0-False]" time="0.004" /><testcase classname="tests.unit.test_parse_bool_float_str" name="test_parse_bool_float_strings[1.000-True]" time="0.004" /><testcase classname="tests.unit.test_parse_bool_float_str" name="test_parse_bool_float_strings[-1.0-True]" time="0.004" /><testcase classname="tests.unit.test_parse_bool_float_str" name="test_parse_bool_float_strings[0.1-True]" time="0.003" /><testcase classname="tests.unit.test_parse_bool_float_str" name="test_parse_bool_float_strings[1e1-True]" time="0.003" /><testcase classname="tests.unit.test_parse_bool_float_str" name="test_parse_bool_float_strings[0e1-False]" time="0.003" /><testcase classname="tests.unit.test_parse_bool_float_str" name="test_parse_bool_float_strings[inf-True]" time="0.003" /><testcase classname="tests.unit.test_parse_bool_float_str" name="test_parse_bool_float_strings[-inf-True]" time="0.003" /><testcase classname="tests.unit.test_parse_bool_float_str" name="test_parse_bool_float_strings[nan-True]" time="0.003" /><testcase classname="tests.unit.test_parse_bool_float_str" name="test_parse_bool_float_strings[NaN-True]" time="0.003" /><testcase classname="tests.unit.test_parse_bool_float_str" name="test_parse_bool_float_strings[123.456-True]" time="0.003" /><testcase classname="tests.unit.test_parse_bool_float_str" name="test_parse_bool_float_strings[0.000-False]" time="0.004" /><testcase classname="tests.unit.test_parse_datetime_robustness" name="test_parse_datetime_int_timestamp" time="0.003" /><testcase classname="tests.unit.test_parse_datetime_robustness" name="test_parse_datetime_float_timestamp" time="0.003" /><testcase classname="tests.unit.test_parse_datetime_robustness" name="test_parse_datetime_negative_timestamp" time="0.003" /><testcase classname="tests.unit.test_parse_datetime_robustness" name="test_parse_datetime_zero_timestamp" time="0.003" /><testcase classname="tests.unit.test_plugin_contract" name="test_valid_namespace_satisfies_protocol" time="0.003" /><testcase classname="tests.unit.test_plugin_contract" name="test_object_missing_attributes_does_not_satisfy_namespace_protocol" time="0.003" /><testcase classname="tests.unit.test_plugin_contract" name="test_callable_factory_satisfies_plugin_protocol" time="0.003" /><testcase classname="tests.unit.test_plugin_contract" name="test_non_callable_does_not_satisfy_plugin_protocol" time="0.003" /><testcase classname="tests.unit.test_plugin_contract" name="test_plugin_load_error_is_imednet_error" time="0.003" /><testcase classname="tests.unit.test_plugin_contract" name="test_init_workflows_returns_missing_workflows_when_no_plugin" time="0.004" /><testcase classname="tests.unit.test_plugin_contract" name="test_init_workflows_raises_plugin_load_error_on_broken_entry_point" time="0.004" /><testcase classname="tests.unit.test_plugin_contract" name="test_init_workflows_raises_plugin_load_error_when_entry_point_not_callable" time="0.005" /><testcase classname="tests.unit.test_plugin_contract" name="test_init_workflows_returns_namespace_from_valid_plugin" time="0.004" /><testcase classname="tests.unit.test_plugin_contract" name="test_init_workflows_raises_plugin_load_error_when_factory_raises_type_error" time="0.005" /><testcase classname="tests.unit.test_poll_job" name="test_poll_job_success[False]" time="0.059" /><testcase classname="tests.unit.test_poll_job" name="test_poll_job_success[True]" time="0.062" /><testcase classname="tests.unit.test_poll_job" name="test_poll_job_timeout[False]" time="0.058" /><testcase classname="tests.unit.test_poll_job" name="test_poll_job_timeout[True]" time="0.062" /><testcase classname="tests.unit.test_poll_job" name="test_poll_job_failed[False]" time="0.059" /><testcase classname="tests.unit.test_poll_job" name="test_poll_job_failed[True]" time="0.063" /><testcase classname="tests.unit.test_post_smoke_record" name="test_submit_record_uses_configured_timeout" time="0.004" /><testcase classname="tests.unit.test_post_smoke_record" name="test_submit_record_reports_failure_details" time="0.004" /><testcase classname="tests.unit.test_post_smoke_record" name="test_build_record_returns_typed_values" time="0.004" /><testcase classname="tests.unit.test_post_smoke_record" name="test_build_record_optional_identifiers[kwargs0-extra0]" time="0.004" /><testcase classname="tests.unit.test_post_smoke_record" name="test_build_record_optional_identifiers[kwargs1-extra1]" time="0.004" /><testcase classname="tests.unit.test_post_smoke_record" name="test_build_record_optional_identifiers[kwargs2-extra2]" time="0.004" /><testcase classname="tests.unit.test_post_smoke_record" name="test_build_record_optional_identifiers[kwargs3-extra3]" time="0.004" /><testcase classname="tests.unit.test_post_smoke_record" name="test_discover_identifiers_returns_all" time="0.004" /><testcase classname="tests.unit.test_post_smoke_record" name="test_discover_identifiers_reports_missing" time="0.004" /><testcase classname="tests.unit.test_post_smoke_record" name="test_main_verbose_logs" time="0.006" /><testcase classname="tests.unit.test_post_smoke_record" name="test_main_returns_skip_when_identifiers_missing" time="0.005" /><testcase classname="tests.unit.test_post_smoke_record" name="test_main_returns_skip_on_discovery_failure" time="4.006" /><testcase classname="tests.unit.test_pyproject_metadata" name="test_project_version_is_single_source_of_truth" time="0.005" /><testcase classname="tests.unit.test_record_mapper" name="test_dataframe_builds_expected_structure" time="0.009" /><testcase classname="tests.unit.test_record_mapper" name="test_dataframe_whitelists_variables_and_forms" time="0.007" /><testcase classname="tests.unit.test_record_mapper" name="test_dataframe_empty_when_no_variables" time="0.005" /><testcase classname="tests.unit.test_record_mapper" name="test_invalid_visit_key_logs_warning" time="0.006" /><testcase classname="tests.unit.test_record_mapper" name="test_records_fetch_error_returns_empty" time="0.013" /><testcase classname="tests.unit.test_record_mapper" name="test_parsing_error_logs_warning" time="0.007" /><testcase classname="tests.unit.test_record_mapper" name="test_parse_records_counts_errors" time="0.005" /><testcase classname="tests.unit.test_record_mapper" name="test_dataframe_raises_importerror_when_pandas_missing" time="0.004" /><testcase classname="tests.unit.test_record_mapper" name="test_iter_dataframes_streams_large_study_with_bounded_memory" time="18.380" /><testcase classname="tests.unit.test_record_mapper_hierarchy" name="test_build_hierarchy" time="0.007" /><testcase classname="tests.unit.test_schema_validator" name="test_validate_record_unknown_variable[False]" time="0.004" /><testcase classname="tests.unit.test_schema_validator" name="test_validate_record_unknown_variable[True]" time="0.005" /><testcase classname="tests.unit.test_schema_validator" name="test_validate_record_wrong_type[False]" time="0.005" /><testcase classname="tests.unit.test_schema_validator" name="test_validate_record_wrong_type[True]" time="0.005" /><testcase classname="tests.unit.test_schema_validator" name="test_validate_record_unknown_form[False]" time="0.004" /><testcase classname="tests.unit.test_schema_validator" name="test_validate_record_unknown_form[True]" time="0.005" /><testcase classname="tests.unit.test_schema_validator" name="test_refresh_called_when_form_not_cached[False]" time="0.004" /><testcase classname="tests.unit.test_schema_validator" name="test_refresh_called_when_form_not_cached[True]" time="0.005" /><testcase classname="tests.unit.test_schema_validator" name="test_validate_record_cached[False]" time="0.004" /><testcase classname="tests.unit.test_schema_validator" name="test_validate_record_cached[True]" time="0.004" /><testcase classname="tests.unit.test_schema_validator" name="test_validate_record_with_form_id_fallback[False]" time="0.004" /><testcase classname="tests.unit.test_schema_validator" name="test_validate_record_with_form_id_fallback[True]" time="0.004" /><testcase classname="tests.unit.test_schema_validator" name="test_validate_record_missing_form_identifier[False]" time="0.004" /><testcase classname="tests.unit.test_schema_validator" name="test_validate_record_missing_form_identifier[True]" time="0.005" /><testcase classname="tests.unit.test_schema_validator" name="test_schema_validator_is_async_deprecation_warning" time="0.004" /><testcase classname="tests.unit.test_schema_validator" name="test_schema_validator_is_async_positional_deprecation_warning" time="0.003" /><testcase classname="tests.unit.test_schema_validator" name="test_validate_record_with_none_value_does_not_raise" time="0.004" /><testcase classname="tests.unit.test_schema_validator" name="test_check_type_unknown_variable_type" time="0.004" /><testcase classname="tests.unit.test_schema_validator" name="test_check_type_case_insensitive_type" time="0.004" /><testcase classname="tests.unit.test_schema_validator" name="test_validate_record_entry_with_form_key" time="0.003" /><testcase classname="tests.unit.test_schema_validator" name="test_validate_record_entry_with_form_id" time="0.003" /><testcase classname="tests.unit.test_schema_validator" name="test_validate_record_entry_missing_both" time="0.004" /><testcase classname="tests.unit.test_schema_validator" name="test_type_validators_coverage" time="0.004" /><testcase classname="tests.unit.test_schema_validator" name="test_validate_batch_coverage" time="0.004" /><testcase classname="tests.unit.test_schema_validator" name="test_async_validate_batch_coverage" time="0.005" /><testcase classname="tests.unit.test_schema_validator" name="test_schema_cache_forms_property" time="0.003" /><testcase classname="tests.unit.test_schema_validator" name="test_base_schema_cache_refresh" time="0.004" /><testcase classname="tests.unit.test_schema_validator" name="test_base_schema_cache_async_refresh" time="0.006" /><testcase classname="tests.unit.test_sdk_async" name="test_async_sdk_initializes_async_client" time="0.062" /><testcase classname="tests.unit.test_sdk_async" name="test_async_sdk_is_not_subclass_of_sync_sdk" time="0.003" /><testcase classname="tests.unit.test_sdk_async" name="test_sync_and_async_endpoints_expose_strict_method_surfaces" time="0.115" /><testcase classname="tests.unit.test_sdk_async" name="test_async_context_management" time="0.062" /><testcase classname="tests.unit.test_sdk_async" name="test_convenience_methods_delegate_to_endpoints_async" time="0.060" /><testcase classname="tests.unit.test_sdk_context" name="test_sync_context_manager" time="0.027" /><testcase classname="tests.unit.test_sdk_context" name="test_async_context_manager" time="0.029" /><testcase classname="tests.unit.test_sdk_context" name="test_close_without_async_client" time="0.027" /><testcase classname="tests.unit.test_sdk_context" name="test_sync_sdk_does_not_create_async_client" time="0.027" /><testcase classname="tests.unit.test_sdk_context" name="test_async_sdk_close_raises_type_error" time="0.029" /><testcase classname="tests.unit.test_sdk_context" name="test_async_sdk_sync_context_manager_raises_type_error" time="0.029" /><testcase classname="tests.unit.test_sdk_context" name="test_async_sdk_exit_raises_type_error" time="0.029" /><testcase classname="tests.unit.test_sdk_context" name="test_aclose" time="0.034" /><testcase classname="tests.unit.test_sdk_context" name="test_aclose_without_async_client" time="0.027" /><testcase classname="tests.unit.test_sdk_context" name="test_study_context_manager_sets_and_resets_context" time="0.027" /><testcase classname="tests.unit.test_sdk_context" name="test_study_context_manager_resets_on_exception" time="0.026" /><testcase classname="tests.unit.test_sdk_context" name="test_default_study_mutation_methods_removed" time="0.026" /><testcase classname="tests.unit.test_sdk_context" name="test_retry_policy_property" time="0.027" /><testcase classname="tests.unit.test_sdk_context" name="test_retry_policy_property_without_async_client" time="0.026" /><testcase classname="tests.unit.test_sdk_context" name="test_study_context_isolation_on_shared_sdk_instance" time="0.329" /><testcase classname="tests.unit.test_sdk_context" name="test_async_sdk_aenter_aexit" time="0.030" /><testcase classname="tests.unit.test_sdk_context" name="test_async_sdk_sync_init" time="0.029" /><testcase classname="tests.unit.test_sdk_context" name="test_sync_sdk_rejects_async_context" time="0.027" /><testcase classname="tests.unit.test_sdk_context" name="test_sync_sdk_rejects_async_aexit" time="0.027" /><testcase classname="tests.unit.test_sdk_context" name="test_sync_sdk_rejects_async_context_via_async_with" time="0.027" /><testcase classname="tests.unit.test_sdk_convenience_async" name="test_async_convenience_methods_delegate_to_endpoints" time="0.060" /><testcase classname="tests.unit.test_sdk_convenience_async" name="test_async_poll_job_convenience" time="0.060" /><testcase classname="tests.unit.test_sdk_credentials" name="test_missing_both_keys" time="0.004" /><testcase classname="tests.unit.test_sdk_credentials" name="test_missing_security_key" time="0.004" /><testcase classname="tests.unit.test_sdk_credentials" name="test_missing_api_key" time="0.003" /><testcase classname="tests.unit.test_sdk_credentials" name="test_initialization_succeeds" time="0.059" /><testcase classname="tests.unit.test_sdk_entrypoint" name="test_top_level_orchestration_exports" time="0.004" /><testcase classname="tests.unit.test_sdk_entrypoint" name="test_sdk_workflows_uses_entry_point_discovery" time="0.036" /><testcase classname="tests.unit.test_sdk_entrypoint" name="test_sdk_workflows_invalid_entry_point_load_raises_import_error[AttributeError]" time="0.037" /><testcase classname="tests.unit.test_sdk_entrypoint" name="test_sdk_workflows_invalid_entry_point_load_raises_import_error[ImportError]" time="0.037" /><testcase classname="tests.unit.test_sdk_entrypoint" name="test_sdk_workflows_invalid_entry_point_load_raises_import_error[ModuleNotFoundError]" time="0.037" /><testcase classname="tests.unit.test_sdk_entrypoint" name="test_sdk_workflows_entry_point_must_be_callable" time="0.036" /><testcase classname="tests.unit.test_sdk_entrypoint" name="test_sdk_workflows_multiple_plugins_raises_import_error" time="0.037" /><testcase classname="tests.unit.test_sdk_entrypoint" name="test_sdk_workflows_instantiation_failure_raises_import_error" time="0.036" /><testcase classname="tests.unit.test_sdk_entrypoint" name="test_env_var_credentials" time="0.066" /><testcase classname="tests.unit.test_sdk_entrypoint" name="test_sdk_initialization_wires_endpoints_and_workflows" time="0.058" /><testcase classname="tests.unit.test_sdk_entrypoint" name="test_context_management_closes_client" time="0.058" /><testcase classname="tests.unit.test_sdk_entrypoint" name="test_convenience_methods_delegate_to_endpoints" time="0.062" /><testcase classname="tests.unit.test_sdk_entrypoint" name="test_poll_job_convenience_sync" time="0.059" /><testcase classname="tests.unit.test_sdk_retry_policy" name="test_initial_retry_policy_propagates_to_async_client" time="0.059" /><testcase classname="tests.unit.test_sdk_retry_policy" name="test_retry_policy_propagates_to_async_client" time="0.070" /><testcase classname="tests.unit.test_sdk_retry_policy" name="test_default_retry_policy_retries_connection_error" time="1.805" /><testcase classname="tests.unit.test_sdk_retry_policy" name="test_default_retry_policy_retries_on_500" time="0.358" /><testcase classname="tests.unit.test_sdk_retry_policy" name="test_default_retry_policy_retries_on_429" time="2.305" /><testcase classname="tests.unit.test_sdk_retry_policy" name="test_default_retry_policy_async_retries_on_500" time="2.758" /><testcase classname="tests.unit.test_sdk_retry_policy" name="test_default_retry_policy_post_does_not_retry_on_server_error" time="0.061" /><testcase classname="tests.unit.test_sdk_retry_policy" name="test_default_retry_policy_post_retries_on_rate_limit" time="2.162" /><testcase classname="tests.unit.test_security_config" name="test_config_repr_masks_secrets" time="0.003" /><testcase classname="tests.unit.test_security_path_traversal" name="test_build_path_security" time="0.004" /><testcase classname="tests.unit.test_smoke" name="test_smoke_import" time="0.003" /><testcase classname="tests.unit.test_smoke" name="test_orchestration_exports" time="0.004" /><testcase classname="tests.unit.test_smoke" name="test_role_import" time="0.004" /><testcase classname="tests.unit.test_state_ledger" name="test_state_ledger_read_write" time="0.007" /><testcase classname="tests.unit.test_state_ledger" name="test_state_ledger_transaction_success" time="0.006" /><testcase classname="tests.unit.test_state_ledger" name="test_state_ledger_transaction_failure" time="0.006" /><testcase classname="tests.unit.test_state_ledger" name="test_state_ledger_atomic_write_failure" time="0.006" /><testcase classname="tests.unit.test_state_ledger" name="test_state_ledger_flock_concurrency" time="0.507" /><testcase classname="tests.unit.test_state_ledger" name="test_delete_entry_removes_whole_study" time="0.007" /><testcase classname="tests.unit.test_state_ledger" name="test_delete_entry_removes_specific_stream" time="0.007" /><testcase classname="tests.unit.test_state_ledger" name="test_delete_entry_returns_false_when_study_not_found" time="0.005" /><testcase classname="tests.unit.test_state_ledger" name="test_delete_entry_returns_false_when_stream_not_found" time="0.005" /><testcase classname="tests.unit.test_state_ledger" name="test_corrupted_ledger_recovery" time="0.004" /><testcase classname="tests.unit.test_state_ledger" name="test_get_state_provider_airflow" time="0.003" /><testcase classname="tests.unit.test_state_ledger" name="test_airflow_state_provider_methods" time="0.004" /><testcase classname="tests.unit.test_state_ledger" name="test_airflow_state_provider_transaction_success" time="0.004" /><testcase classname="tests.unit.test_state_ledger" name="test_airflow_state_provider_transaction_error" time="0.004" /><testcase classname="tests.unit.test_state_ledger_providers" name="test_get_state_provider" time="0.003" /><testcase classname="tests.unit.test_state_ledger_providers" name="test_airflow_get_last_timestamp_context" time="0.006" /><testcase classname="tests.unit.test_state_ledger_providers" name="test_airflow_get_last_timestamp_db" time="0.007" /><testcase classname="tests.unit.test_state_ledger_providers" name="test_airflow_set_last_timestamp_context" time="0.016" /><testcase classname="tests.unit.test_state_ledger_providers" name="test_airflow_set_last_timestamp_db" time="0.006" /><testcase classname="tests.unit.test_state_ledger_providers" name="test_airflow_transaction" time="0.007" /><testcase classname="tests.unit.test_state_ledger_providers" name="test_airflow_transaction_error" time="0.006" /><testcase classname="tests.unit.test_state_ledger_providers" name="test_airflow_delete_entry" time="0.006" /><testcase classname="tests.unit.test_state_ledger_providers" name="test_airflow_read_state" time="0.006" /><testcase classname="tests.unit.test_state_ledger_providers" name="test_airflow_read_state_no_imports" time="0.004" /><testcase classname="tests.unit.test_streamlit_plugin_scaffold" name="test_streamlit_plugin_version" time="0.004" /><testcase classname="tests.unit.test_streamlit_plugin_scaffold" name="test_streamlit_app_navigation_is_home_only_before_auth" time="0.004" /><testcase classname="tests.unit.test_streamlit_plugin_scaffold" name="test_streamlit_app_navigation_includes_all_pages_after_auth" time="0.004" /><testcase classname="tests.unit.test_streamlit_plugin_scaffold" name="test_streamlit_pages_scaffold_exists" time="0.003" /><testcase classname="tests.unit.test_streamlit_plugin_scaffold" name="test_streamlit_pages_execute_without_exceptions" time="0.004" /><testcase classname="tests.unit.test_streamlit_plugin_scaffold" name="test_queries_page_renders" time="0.010" /><testcase classname="tests.unit.test_streamlit_plugin_scaffold" name="test_sites_page_renders" time="0.034" /><testcase classname="tests.unit.test_streamlit_plugin_scaffold" name="test_records_page_renders_with_filtered_metrics_and_downloads" time="0.035" /><testcase classname="tests.unit.test_streamlit_plugin_scaffold" name="test_records_fetch_and_heatmap_helpers_handle_deleted_records_and_caps" time="0.177" /><testcase classname="tests.unit.test_streamlit_plugin_scaffold" name="test_records_page_warns_for_large_datasets" time="1.490" /><testcase classname="tests.unit.test_streamlit_plugin_scaffold" name="test_enrollment_page_renders" time="0.030" /><testcase classname="tests.unit.test_streamlit_plugin_scaffold" name="test_streamlit_plugin_has_py_typed_marker" time="0.004" /><testcase classname="tests.unit.test_study_key_strategies.TestKeepStudyKeyStrategy" name="test_process_with_valid_key" time="0.004" /><testcase classname="tests.unit.test_study_key_strategies.TestKeepStudyKeyStrategy" name="test_process_missing_key" time="0.004" /><testcase classname="tests.unit.test_study_key_strategies.TestPopStudyKeyStrategy" name="test_process_with_valid_key" time="0.003" /><testcase classname="tests.unit.test_study_key_strategies.TestPopStudyKeyStrategy" name="test_process_missing_key" time="0.003" /><testcase classname="tests.unit.test_study_key_strategies.TestOptionalStudyKeyStrategy" name="test_process_with_key" time="0.003" /><testcase classname="tests.unit.test_study_key_strategies.TestOptionalStudyKeyStrategy" name="test_process_without_key" time="0.004" /><testcase classname="tests.unit.test_study_structure" name="test_get_study_structure_aggregates_related_data[False]" time="0.005" /><testcase classname="tests.unit.test_study_structure" name="test_get_study_structure_aggregates_related_data[True]" time="0.006" /><testcase classname="tests.unit.test_sync_worker" name="test_sync_worker_run_once_syncs_with_lock" time="0.006" /><testcase classname="tests.unit.test_sync_worker" name="test_sync_worker_run_forever_stops_gracefully" time="0.006" /><testcase classname="tests.unit.test_tighten_dependencies" name="test_compute_upper_bound" time="0.003" /><testcase classname="tests.unit.test_tighten_dependencies" name="test_rewrite_spec" time="0.003" /><testcase classname="tests.unit.test_tighten_dependencies" name="test_process_dependency" time="0.004" /><testcase classname="tests.unit.test_tighten_dependencies" name="test_tighten_file" time="0.005" /><testcase classname="tests.unit.test_tighten_dependencies" name="test_restore_files" time="0.005" /><testcase classname="tests.unit.test_transport_contract" name="test_retry_contract_by_method_class" time="3.729" /><testcase classname="tests.unit.test_transport_contract" name="test_transport_clients_use_base_url_for_relative_paths" time="0.077" /><testcase classname="tests.unit.test_transport_contract" name="test_retry_after_header_is_respected" time="0.064" /><testcase classname="tests.unit.test_transport_contract" name="test_timeout_propagates_to_httpx_clients" time="0.198" /><testcase classname="tests.unit.test_transport_contract" name="test_status_code_error_mapping_contract[400-BadRequestError]" time="0.061" /><testcase classname="tests.unit.test_transport_contract" name="test_status_code_error_mapping_contract[401-UnauthorizedError]" time="0.060" /><testcase classname="tests.unit.test_transport_contract" name="test_status_code_error_mapping_contract[403-ForbiddenError]" time="0.065" /><testcase classname="tests.unit.test_transport_contract" name="test_status_code_error_mapping_contract[404-NotFoundError]" time="0.060" /><testcase classname="tests.unit.test_transport_contract" name="test_status_code_error_mapping_contract[409-ConflictError]" time="0.061" /><testcase classname="tests.unit.test_transport_contract" name="test_status_code_error_mapping_contract[429-RateLimitError]" time="3.166" /><testcase classname="tests.unit.test_transport_contract" name="test_status_code_error_mapping_contract[500-ServerError]" time="5.976" /><testcase classname="tests.unit.test_transport_contract" name="test_status_code_error_mapping_contract[502-ServerError]" time="5.394" /><testcase classname="tests.unit.test_transport_contract" name="test_status_code_error_mapping_contract[503-ServerError]" time="4.730" /><testcase classname="tests.unit.test_transport_contract" name="test_credentials_are_redacted_from_transport_logs_and_exceptions" time="0.065" /><testcase classname="tests.unit.test_tui_migration" name="test_job_status_properties" time="0.004" /><testcase classname="tests.unit.test_tui_migration" name="test_subject_filtering_logic" time="0.018" /><testcase classname="tests.unit.test_tui_migration" name="test_form_designer_validation" time="0.039" /><testcase classname="tests.unit.test_typed_values" name="test_value_for_each_type" time="0.003" /><testcase classname="tests.unit.test_typed_values" name="test_canonical_type_synonyms" time="0.003" /><testcase classname="tests.unit.test_utils_dates_and_filters" name="test_parse_iso_datetime_with_z" time="0.003" /><testcase classname="tests.unit.test_utils_dates_and_filters" name="test_parse_iso_datetime_with_offset" time="0.003" /><testcase classname="tests.unit.test_utils_dates_and_filters" name="test_parse_iso_datetime_naive" time="0.003" /><testcase classname="tests.unit.test_utils_dates_and_filters" name="test_parse_iso_datetime_millis_padding" time="0.003" /><testcase classname="tests.unit.test_utils_dates_and_filters" name="test_parse_iso_datetime_micro_padding" time="0.003" /><testcase classname="tests.unit.test_utils_dates_and_filters" name="test_parse_iso_datetime_invalid" time="0.003" /><testcase classname="tests.unit.test_utils_dates_and_filters" name="test_parse_iso_datetime_none" time="0.003" /><testcase classname="tests.unit.test_utils_dates_and_filters" name="test_format_iso_datetime_aware" time="0.003" /><testcase classname="tests.unit.test_utils_dates_and_filters" name="test_format_iso_datetime_naive" time="0.003" /><testcase classname="tests.unit.test_utils_dates_and_filters" name="test_build_filter_string_simple" time="0.003" /><testcase classname="tests.unit.test_utils_dates_and_filters" name="test_build_filter_string_multiple" time="0.003" /><testcase classname="tests.unit.test_utils_dates_and_filters" name="test_build_filter_string_tuple_and_list" time="0.003" /><testcase classname="tests.unit.test_utils_dates_and_filters" name="test_build_filter_string_bool_and_none" time="0.003" /><testcase classname="tests.unit.test_utils_dates_and_filters" name="test_build_filter_string_empty" time="0.003" /><testcase classname="tests.unit.test_utils_dates_and_filters" name="test_build_filter_string_snake_to_camel" time="0.003" /><testcase classname="tests.unit.test_utils_dates_and_filters" name="test_build_filter_string_snake_list" time="0.003" /><testcase classname="tests.unit.test_utils_dates_and_filters" name="test_build_filter_string_quotes" time="0.004" /><testcase classname="tests.unit.test_utils_dates_and_filters" name="test_build_filter_string_quote_spaces" time="0.003" /><testcase classname="tests.unit.test_utils_dates_and_filters" name="test_build_filter_string_backslashes" time="0.003" /><testcase classname="tests.unit.test_utils_init" name="test_lazy_load_pandas_functions" time="0.003" /><testcase classname="tests.unit.test_utils_init" name="test_lazy_load_arrow_function" time="0.003" /><testcase classname="tests.unit.test_utils_init" name="test_schema_objects_not_in_utils" time="0.003" /><testcase classname="tests.unit.test_utils_init" name="test_getattr_unknown" time="0.003" /><testcase classname="tests.unit.test_utils_pandas" name="test_records_to_dataframe_flatten" time="0.006" /><testcase classname="tests.unit.test_utils_pandas" name="test_records_to_dataframe_no_flatten" time="0.005" /><testcase classname="tests.unit.test_utils_pandas" name="test_records_to_dataframe_empty" time="0.004" /><testcase classname="tests.unit.test_utils_pandas" name="test_export_records_csv" time="0.014" /><testcase classname="tests.unit.test_utils_pandas" name="test_export_records_csv_no_flatten" time="0.013" /><testcase classname="tests.unit.test_utils_pandas" name="test_records_to_dataframe_raises_importerror_when_pandas_missing" time="0.004" /><testcase classname="tests.unit.test_utils_pandas" name="test_export_records_csv_raises_importerror_when_pandas_missing" time="0.004" /><testcase classname="tests.unit.test_utils_schema" name="test_schema_cache_refresh" time="0.005" /><testcase classname="tests.unit.test_utils_schema" name="test_check_type_int" time="0.003" /><testcase classname="tests.unit.test_utils_schema" name="test_check_type_other_types" time="0.003" /><testcase classname="tests.unit.test_utils_schema" name="test_check_type_unknown_type" time="0.003" /><testcase classname="tests.unit.test_utils_schema" name="test_validate_record_data_errors" time="0.003" /><testcase classname="tests.unit.test_utils_schema" name="test_validate_record_data_unknown_form" time="0.003" /><testcase classname="tests.unit.test_utils_schema" name="test_schema_validator_batch_calls_validate_record" time="0.004" /><testcase classname="tests.unit.test_utils_schema_async" name="test_async_schema_cache_refresh" time="0.006" /><testcase classname="tests.unit.test_utils_schema_async" name="test_validate_record_and_batch_async" time="0.006" /><testcase classname="tests.unit.test_utils_schema_async" name="test_unknown_form_refreshes_and_raises" time="0.005" /><testcase classname="tests.unit.test_utils_typing" name="test_dataframe_alias" time="0.003" /><testcase classname="tests.unit.test_utils_typing" name="test_dataframe_alias_without_pandas" time="0.004" /><testcase classname="tests.unit.test_workflows_data_extraction" name="test_extract_records_by_criteria_filters_subject_and_visit" time="0.005" /><testcase classname="tests.unit.test_workflows_data_extraction" name="test_extract_audit_trail_builds_filters_and_dates" time="0.004" /><testcase classname="tests.unit.test_workflows_duckdb_centralizer" name="test_duckdb_ingestion_import_error" time="0.004" /><testcase classname="tests.unit.test_workflows_duckdb_centralizer" name="test_ingest_revisions_and_build_silver_view" time="0.039" /><testcase classname="tests.unit.test_workflows_duckdb_centralizer" name="test_ingest_revisions_invalid_mode" time="0.024" /><testcase classname="tests.unit.test_workflows_query_management" name="test_get_open_queries_filters_latest_comment" time="0.005" /><testcase classname="tests.unit.test_workflows_query_management" name="test_get_queries_for_subject_builds_combined_filter" time="0.005" /><testcase classname="tests.unit.test_workflows_query_management" name="test_get_query_state_counts_aggregates_states" time="0.004" /><testcase classname="tests.unit.test_workflows_query_management" name="test_get_queries_by_site_filters_using_subjects" time="0.005" /><testcase classname="tests.unit.test_workflows_query_management" name="test_get_queries_by_site_returns_empty_if_no_subjects" time="0.004" /><testcase classname="tests.unit.test_workflows_query_management" name="test_get_queries_by_site_with_space_in_name" time="0.005" /><testcase classname="tests.unit.test_workflows_record_update" name="test_create_or_update_records_no_wait" time="0.004" /><testcase classname="tests.unit.test_workflows_record_update" name="test_create_or_update_records_wait_for_completion" time="0.005" /><testcase classname="tests.unit.test_workflows_record_update" name="test_update_scheduled_record_builds_payload" time="0.004" /><testcase classname="tests.unit.test_workflows_record_update" name="test_create_or_update_records_validation" time="0.007" /><testcase classname="tests.unit.test_workflows_record_update" name="test_register_subject_builds_payload" time="0.004" /><testcase classname="tests.unit.test_workflows_record_update" name="test_register_subject_with_site_id" time="0.004" /><testcase classname="tests.unit.test_workflows_record_update" name="test_create_new_record_builds_payload" time="0.004" /><testcase classname="tests.unit.test_workflows_record_update" name="test_create_new_record_with_subject_oid" time="0.004" /><testcase classname="tests.unit.test_workflows_record_update" name="test_invalid_subject_identifier_type_raises_keyerror" time="0.004" /><testcase classname="tests.unit.test_workflows_record_update" name="test_invalid_site_identifier_type_raises_keyerror" time="0.004" /><testcase classname="tests.unit.test_workflows_record_update" name="test_update_scheduled_record_invalid_interval_identifier_type" time="0.004" /><testcase classname="tests.unit.test_workflows_record_update" name="test_create_or_update_records_wait_for_completion_no_batch_id" time="0.005" /><testcase classname="tests.unit.test_workflows_record_update" name="test_create_or_update_records_form_key_not_found" time="0.004" /><testcase classname="tests.unit.test_workflows_record_update" name="test_async_create_or_update_records_no_wait" time="0.005" /><testcase classname="tests.unit.test_workflows_record_update" name="test_async_create_or_update_records_wait_for_completion" time="0.005" /><testcase classname="tests.unit.test_workflows_record_update" name="test_async_create_or_update_records_validation" time="0.006" /><testcase classname="tests.unit.test_workflows_record_update" name="test_async_create_or_update_records_wait_for_completion_no_batch_id" time="0.005" /><testcase classname="tests.unit.test_workflows_record_update" name="test_async_create_or_update_records_form_key_not_found" time="0.005" /><testcase classname="tests.unit.test_workflows_register_subjects" name="test_register_subjects_passes_records_correctly" time="0.005" /><testcase classname="tests.unit.test_workflows_register_subjects" name="test_register_subjects_with_polling" time="0.005" /><testcase classname="tests.unit.test_workflows_register_subjects" name="test_register_subjects_missing_site" time="0.004" /><testcase classname="tests.unit.test_workflows_register_subjects" name="test_register_subjects_missing_site_name" time="0.004" /><testcase classname="tests.unit.test_workflows_subject_data" name="test_get_all_subject_data_aggregates_across_endpoints" time="0.005" /><testcase classname="tests.unit.utils.test_arrow" name="test_to_arrow_table_empty_records_returns_empty_table" time="0.003" /><testcase classname="tests.unit.utils.test_arrow" name="test_to_arrow_table_handles_key_variations_with_nulls" time="0.004" /><testcase classname="tests.unit.utils.test_arrow" name="test_to_arrow_table_preserves_datetime_bool_and_float_types" time="0.003" /><testcase classname="tests.unit.utils.test_arrow" name="test_to_arrow_table_accepts_pydantic_like_records" time="0.005" /><testcase classname="tests.unit.utils.test_dates_legacy.TestLegacyDateParsing" name="test_legacy_z_handling" time="0.003" /><testcase classname="tests.unit.utils.test_dates_legacy.TestLegacyDateParsing" name="test_legacy_padding_1_digit" time="0.003" /><testcase classname="tests.unit.utils.test_dates_legacy.TestLegacyDateParsing" name="test_legacy_padding_2_digits_with_offset" time="0.003" /><testcase classname="tests.unit.utils.test_dates_legacy.TestLegacyDateParsing" name="test_legacy_truncation_7_digits" time="0.003" /><testcase classname="tests.unit.utils.test_dates_legacy.TestLegacyDateParsing" name="test_legacy_truncation_9_digits_with_z" time="0.003" /><testcase classname="tests.unit.utils.test_dates_legacy.TestLegacyDateParsing" name="test_legacy_exact_6_digits" time="0.003" /><testcase classname="tests.unit.utils.test_dates_legacy.TestLegacyDateParsing" name="test_legacy_no_fraction" time="0.003" /><testcase classname="tests.unit.utils.test_dates_legacy.TestLegacyDateParsing" name="test_legacy_invalid_format" time="0.003" /><testcase classname="tests.unit.utils.test_dates_legacy.TestLegacyDateParsing" name="test_legacy_none" time="0.003" /><testcase classname="tests.unit.utils.test_json_logging" name="test_configure_json_logging_uses_json_import" time="0.004" /><testcase classname="tests.unit.utils.test_json_logging" name="test_configure_json_logging_uses_jsonlogger_import" time="0.004" /><testcase classname="tests.unit.utils.test_pandas_security" name="test_export_records_csv_sanitization" time="0.010" /><testcase classname="tests.unit.utils.test_security" name="test_sanitize_csv_formula[=SUM(A1:A2)-'=SUM(A1:A2)]" time="0.004" /><testcase classname="tests.unit.utils.test_security" name="test_sanitize_csv_formula[+1-'+1]" time="0.003" /><testcase classname="tests.unit.utils.test_security" name="test_sanitize_csv_formula[-1-'-1]" time="0.003" /><testcase classname="tests.unit.utils.test_security" name="test_sanitize_csv_formula[@foo-'@foo]" time="0.003" /><testcase classname="tests.unit.utils.test_security" name="test_sanitize_csv_formula[   =cmd-'   =cmd]" time="0.003" /><testcase classname="tests.unit.utils.test_security" name="test_sanitize_csv_formula[\t+1-'\t+1]" time="0.003" /><testcase classname="tests.unit.utils.test_security" name="test_sanitize_csv_formula[\n-1-'\n-1]" time="0.003" /><testcase classname="tests.unit.utils.test_security" name="test_sanitize_csv_formula[hello-hello]" time="0.003" /><testcase classname="tests.unit.utils.test_security" name="test_sanitize_csv_formula[123-123]" time="0.003" /><testcase classname="tests.unit.utils.test_security" name="test_sanitize_csv_formula[-]" time="0.003" /><testcase classname="tests.unit.utils.test_security" name="test_sanitize_csv_formula[None-None]" time="0.003" /><testcase classname="tests.unit.utils.test_security" name="test_sanitize_csv_formula[1-1]" time="0.003" /><testcase classname="tests.unit.utils.test_security" name="test_sanitize_csv_formula[1.5-1.5]" time="0.003" /><testcase classname="tests.unit.utils.test_security" name="test_sanitize_csv_formula[True-True]" time="0.004" /><testcase classname="tests.unit.utils.test_security" name="test_sanitize_csv_formula[foo=bar-foo=bar]" time="0.004" /><testcase classname="tests.unit.utils.test_security" name="test_sanitize_csv_formula[ foo=bar- foo=bar]" time="0.003" /><testcase classname="tests.unit.utils.test_security" name="test_validate_header_value_valid[application/json]" time="0.003" /><testcase classname="tests.unit.utils.test_security" name="test_validate_header_value_valid[Bearer my-token-123]" time="0.003" /><testcase classname="tests.unit.utils.test_security" name="test_validate_header_value_valid[Mozilla/5.0]" time="0.003" /><testcase classname="tests.unit.utils.test_security" name="test_validate_header_value_valid[en-US,en;q=0.5]" time="0.003" /><testcase classname="tests.unit.utils.test_security" name="test_validate_header_value_valid[]" time="0.003" /><testcase classname="tests.unit.utils.test_security" name="test_validate_header_value_valid[custom_header_value]" time="0.003" /><testcase classname="tests.unit.utils.test_security" name="test_validate_header_value_invalid[invalid\nvalue]" time="0.003" /><testcase classname="tests.unit.utils.test_security" name="test_validate_header_value_invalid[invalid\rvalue]" time="0.003" /><testcase classname="tests.unit.utils.test_security" name="test_validate_header_value_invalid[invalid\r\nvalue]" time="0.003" /><testcase classname="tests.unit.utils.test_security" name="test_validate_header_value_invalid[\n]" time="0.003" /><testcase classname="tests.unit.utils.test_security" name="test_validate_header_value_invalid[\r]" time="0.004" /><testcase classname="tests.unit.utils.test_security" name="test_validate_header_value_invalid[Bearer \nmy-token]" time="0.003" /><testcase classname="tests.unit.utils.test_security" name="test_validate_header_value_invalid[Bearer my-token\n]" time="0.003" /><testcase classname="tests.unit.utils.test_security" name="test_sanitize_csv_formula_collections[input_val0-expected0]" time="0.003" /><testcase classname="tests.unit.utils.test_security" name="test_sanitize_csv_formula_collections[input_val1-expected1]" time="0.003" /><testcase classname="tests.unit.utils.test_security" name="test_sanitize_csv_formula_collections[input_val2-expected2]" time="0.003" /><testcase classname="tests.unit.utils.test_security" name="test_validate_partition_key_valid[STUDY_A]" time="0.003" /><testcase classname="tests.unit.utils.test_security" name="test_validate_partition_key_valid[study-001]" time="0.003" /><testcase classname="tests.unit.utils.test_security" name="test_validate_partition_key_valid[visit 1]" time="0.003" /><testcase classname="tests.unit.utils.test_security" name="test_validate_partition_key_invalid[../study]" time="0.004" /><testcase classname="tests.unit.utils.test_security" name="test_validate_partition_key_invalid[..\\study]" time="0.004" /><testcase classname="tests.unit.utils.test_security" name="test_validate_partition_key_invalid[/rooted]" time="0.004" /><testcase classname="tests.unit.utils.test_security" name="test_validate_partition_key_invalid[\\rooted]" time="0.004" /><testcase classname="tests.unit.utils.test_security" name="test_validate_partition_key_invalid[C:\\Windows]" time="0.004" /><testcase classname="tests.unit.utils.test_security" name="test_validate_partition_key_invalid[C:/Windows]" time="0.003" /><testcase classname="tests.unit.utils.test_security" name="test_validate_partition_key_invalid[study/form]" time="0.003" /><testcase classname="tests.unit.utils.test_security" name="test_validate_partition_key_invalid[study\\form]" time="0.003" /><testcase classname="tests.unit.utils.test_security" name="test_validate_partition_key_invalid[study\x00key]" time="0.004" /><testcase classname="tests.unit.utils.test_security" name="test_validate_partition_key_invalid[..]" time="0.004" /><testcase classname="tests.unit.utils.test_url" name="test_sanitize_base_url[https://x/api-https://x]" time="0.004" /><testcase classname="tests.unit.utils.test_url" name="test_sanitize_base_url[https://x/api/-https://x]" time="0.004" /><testcase classname="tests.unit.utils.test_url" name="test_sanitize_base_url[https://x//-https://x]" time="0.004" /><testcase classname="tests.unit.utils.test_url" name="test_sanitize_base_url[https://x-https://x]" time="0.004" /><testcase classname="tests.unit.utils.test_url" name="test_redact_url_query" time="0.004" /><testcase classname="tests.unit.utils.test_url" name="test_build_safe_path[/api/v1-segments0-api/v1/records/123]" time="0.004" /><testcase classname="tests.unit.utils.test_url" name="test_build_safe_path[/api//v1//-segments1-api/v1/records/123]" time="0.004" /><testcase classname="tests.unit.utils.test_url" name="test_build_safe_path[api-segments2-api/a/b]" time="0.004" /><testcase classname="tests.unit.utils.test_url" name="test_build_safe_path[/-segments3-]" time="0.004" /><testcase classname="tests.unit.utils.test_validators" name="test_parse_datetime_handles_empty_values" time="0.003" /><testcase classname="tests.unit.utils.test_validators" name="test_parse_datetime_handles_numeric_timestamps" time="0.004" /><testcase classname="tests.unit.utils.test_validators" name="test_parse_datetime_handles_zero_timestamps" time="0.004" /><testcase classname="tests.unit.utils.test_validators" name="test_parse_bool_handles_various_representations" time="0.004" /><testcase classname="tests.unit.utils.test_validators" name="test_parse_bool_handles_floats" time="0.003" /><testcase classname="tests.unit.utils.test_validators" name="test_parse_bool_handles_irregular_casing" time="0.004" /><testcase classname="tests.unit.utils.test_validators" name="test_parse_bool_returns_false_for_invalid_strings" time="0.004" /><testcase classname="tests.unit.utils.test_validators" name="test_parse_int_or_default_handles_valid_ints" time="0.004" /><testcase classname="tests.unit.utils.test_validators" name="test_parse_int_or_default_handles_floats" time="0.004" /><testcase classname="tests.unit.utils.test_validators" name="test_parse_int_or_default_uses_default_for_empty" time="0.004" /><testcase classname="tests.unit.utils.test_validators" name="test_parse_int_or_default_strict_raises_on_invalid" time="0.004" /><testcase classname="tests.unit.utils.test_validators" name="test_parse_int_or_default_returns_default_on_invalid_when_not_strict" time="0.004" /><testcase classname="tests.unit.utils.test_validators" name="test_parse_str_or_default" time="0.004" /><testcase classname="tests.unit.utils.test_validators" name="test_parse_list_or_default" time="0.004" /><testcase classname="tests.unit.utils.test_validators" name="test_parse_dict_or_default" time="0.004" /><testcase classname="tests.unit.utils.test_validators" name="test_parse_datetime_handles_datetime_objects" time="0.004" /><testcase classname="tests.unit.utils.test_validators" name="test_parse_datetime_handles_string_timestamps" time="0.003" /><testcase classname="tests.unit.utils.test_validators" name="test_parse_bool_handles_unusual_strings" time="0.004" /><testcase classname="tests.unit.utils.test_validators" name="test_parse_bool_handles_non_string_types" time="0.004" /><testcase classname="tests.unit.utils.test_validators" name="test_parse_bool_handles_extra_numeric_values" time="0.004" /><testcase classname="tests.unit.workflows.test_extraction_engine" name="test_extract_canonical_records_maps_ae_pd_dd_and_collects_row_errors" time="0.006" /><testcase classname="tests.unit.workflows.test_extraction_engine" name="test_extract_canonical_records_uses_fallback_values" time="0.004" /><testcase classname="tests.unit.workflows.test_extraction_engine" name="test_extract_subject_centric_analysis_datasets" time="0.006" /><testcase classname="tests.unit.workflows.test_schema_profiler" name="test_schema_profiler_builds_form_and_field_profiles" time="0.005" /><testcase classname="tests.unit.workflows.test_schema_profiler" name="test_schema_profiler_uses_loader_when_records_are_not_supplied" time="0.006" /><testcase classname="tests.unit.workflows.test_schema_profiler" name="test_schema_profiler_streams_chunked_loader_records" time="0.006" /><testcase classname="tests.unit.workflows.test_standards_validation" name="test_categorical_normalizer_translates_lookup_values_and_yes_no_booleans" time="0.004" /><testcase classname="tests.unit.workflows.test_standards_validation" name="test_standards_readiness_validator_scores_records" time="0.004" /><testcase classname="tests.unit.workflows.test_triage_store" name="test_triage_store_enables_wal_mode" time="0.016" /><testcase classname="tests.unit.workflows.test_triage_store" name="test_triage_store_crud_and_queue_filters" time="0.042" /><testcase classname="tests.unit.workflows.test_triage_store" name="test_triage_store_handles_parallel_reads_and_writes" time="0.062" /><testcase classname="tests.unit.workflows.test_triage_store" name="test_triage_store_rejects_empty_annotation_comment" time="0.019" /><testcase classname="tests.unit.workflows.test_triage_store" name="test_triage_store_migrates_legacy_schema" time="0.022" /><testcase classname="tests.unit.workflows.test_triage_store" name="test_triage_store_masks_sensitive_operational_errors" time="0.014" /><testcase classname="tests.unit.workflows.test_uat_engine" name="test_uat_engine_parses_rules" time="0.004" /><testcase classname="tests.unit.workflows.test_uat_engine" name="test_uat_engine_negative_generation" time="0.004" /><testcase classname="tests.unit.workflows.test_uat_engine" name="test_uat_engine_run_verification" time="0.004" /><testcase classname="tests.unit.workflows.test_uat_engine" name="test_uat_engine_subject_limit" time="0.008" /><testcase classname="tests.unit.workflows.test_uat_engine" name="test_generate_negative_test_case_all_branches" time="0.004" /><testcase classname="tests.unit.workflows.test_uat_engine" name="test_uat_engine_run_verification_failure_and_skip" time="0.004" /><testcase classname="tests.unit.workflows.test_uat_generator" name="test_generate_registration" time="0.005" /><testcase classname="tests.unit.workflows.test_uat_generator" name="test_fixed_strategy" time="0.005" /><testcase classname="tests.unit.workflows.test_uat_generator" name="test_skip_strategy" time="0.005" /><testcase classname="tests.unit.workflows.test_uat_generator" name="test_boundary_strategy" time="0.005" /><testcase classname="tests.unit.workflows.test_uat_generator" name="test_coded_all_strategy" time="0.005" /><testcase classname="tests.unit.workflows.test_uat_generator" name="test_coded_all_warning" time="0.005" /><testcase classname="tests.unit.workflows.test_uat_generator" name="test_seed_reproducibility" time="0.005" /><testcase classname="tests.unit.workflows.test_uat_generator" name="test_various_types" time="0.005" /><testcase classname="tests.unit.workflows.test_uat_generator" name="test_subject_pool_logic" time="0.005" /><testcase classname="tests.unit.workflows.test_uat_generator" name="test_unrecognized_type" time="0.005" /><testcase classname="tests.unit.workflows.test_uat_generator" name="test_no_subjects_pool_default" time="0.005" /><testcase classname="tests.unit.workflows.test_uat_inspector" name="test_study_snapshot_builds_indexes_and_filters" time="0.004" /><testcase classname="tests.unit.workflows.test_uat_inspector" name="test_inspect_uses_cache_and_force_refresh" time="0.007" /><testcase classname="tests.unit.workflows.test_uat_inspector" name="test_clear_cache_for_single_key_and_all_keys" time="0.005" /><testcase classname="tests.unit.workflows.test_uat_inspector" name="test_async_inspect_fetches_all_endpoints_concurrently" time="0.005" /><testcase classname="tests.unit.workflows.test_uat_inspector" name="test_async_inspect_force_refresh_bypasses_cache" time="0.006" /><testcase classname="tests.unit.workflows.test_uat_inspector" name="test_inspect_with_async_sdk_raises_type_error" time="0.060" /><testcase classname="tests.unit.workflows.test_uat_inspector" name="test_async_inspect_with_sync_sdk_raises_type_error" time="0.063" /><testcase classname="tests.unit.workflows.test_uat_inspector" name="test_inspect_consumes_paginated_forms_and_variables" time="0.114" /><testcase classname="tests.unit.workflows.test_uat_models" name="test_json_round_trip_serialization" time="0.005" /><testcase classname="tests.unit.workflows.test_uat_models" name="test_alias_dump_uses_camel_case" time="0.004" /><testcase classname="tests.unit.workflows.test_uat_models" name="test_fixed_strategy_requires_fixed_value" time="0.003" /><testcase classname="tests.unit.workflows.test_uat_models" name="test_subject_count_bounds[0]" time="0.004" /><testcase classname="tests.unit.workflows.test_uat_models" name="test_subject_count_bounds[101]" time="0.003" /><testcase classname="tests.unit.workflows.test_uat_models" name="test_spec_version_is_pinned" time="0.003" /><testcase classname="tests.unit.workflows.test_uat_models" name="test_variables_must_have_unique_names" time="0.004" /><testcase classname="tests.unit.workflows.test_uat_models" name="test_enabled_forms_and_forms_by_type_filters_correctly" time="0.003" /><testcase classname="tests.unit.workflows.test_uat_models" name="test_from_json_loads_correctly" time="0.004" /><testcase classname="tests.unit.workflows.test_uat_orchestrator" name="test_builder_builds_spec" time="0.004" /><testcase classname="tests.unit.workflows.test_uat_orchestrator" name="test_builder_builds_spec_with_no_active_sites" time="0.005" /><testcase classname="tests.unit.workflows.test_uat_orchestrator" name="test_workflow_run_pipeline" time="0.013" /><testcase classname="tests.unit.workflows.test_uat_orchestrator" name="test_workflow_run_with_custom_spec" time="0.007" /><testcase classname="tests.unit.workflows.test_uat_orchestrator" name="test_workflow_run_result_overall_success" time="0.005" /><testcase classname="tests.unit.workflows.test_uat_orchestrator" name="test_workflow_individual_phases" time="0.008" /><testcase classname="tests.unit.workflows.test_uat_submission" name="test_submission_result_properties" time="0.004" /><testcase classname="tests.unit.workflows.test_uat_submission" name="test_chunk_payloads" time="0.004" /><testcase classname="tests.unit.workflows.test_uat_submission" name="test_phase1_only" time="0.006" /><testcase classname="tests.unit.workflows.test_uat_submission" name="test_phase2_only" time="0.005" /><testcase classname="tests.unit.workflows.test_uat_submission" name="test_full_two_phase_flow" time="0.005" /><testcase classname="tests.unit.workflows.test_uat_submission" name="test_bulk_submission_error_on_phase1_failure" time="0.005" /><testcase classname="tests.unit.workflows.test_uat_submission" name="test_batch_size_logic" time="0.005" /><testcase classname="tests.unit.workflows.test_uat_submission" name="test_skip_existing_subjects_true" time="0.006" /><testcase classname="tests.unit.workflows.test_uat_submission" name="test_skip_existing_subjects_false" time="0.006" /></testsuite></testsuites>